Archive member included because of file (symbol)

C:/Freescale/KSDK_1.2.0/lib/ksdk_platform_lib/kds/KL25Z4/debug/libksdk_platform.a(fsl_uart_hal.o)
                              ./Sources/fsl_debug_console.o (UART_HAL_SetBaudRate)
C:/Freescale/KSDK_1.2.0/lib/ksdk_platform_lib/kds/KL25Z4/debug/libksdk_platform.a(fsl_lptmr_driver.o)
                              ./Sources/lptmr.o (LPTMR_DRV_Init)
C:/Freescale/KSDK_1.2.0/lib/ksdk_platform_lib/kds/KL25Z4/debug/libksdk_platform.a(fsl_lpsci_hal.o)
                              ./Sources/fsl_debug_console.o (LPSCI_HAL_SetBaudRate)
C:/Freescale/KSDK_1.2.0/lib/ksdk_platform_lib/kds/KL25Z4/debug/libksdk_platform.a(fsl_clock_MKL25Z4.o)
                              C:/Freescale/KSDK_1.2.0/lib/ksdk_platform_lib/kds/KL25Z4/debug/libksdk_platform.a(fsl_lptmr_driver.o) (CLOCK_SYS_GetLptmrFreq)
C:/Freescale/KSDK_1.2.0/lib/ksdk_platform_lib/kds/KL25Z4/debug/libksdk_platform.a(fsl_clock_manager.o)
                              C:/Freescale/KSDK_1.2.0/lib/ksdk_platform_lib/kds/KL25Z4/debug/libksdk_platform.a(fsl_clock_MKL25Z4.o) (CLOCK_SYS_GetSystickFreq)
C:/Freescale/KSDK_1.2.0/lib/ksdk_platform_lib/kds/KL25Z4/debug/libksdk_platform.a(fsl_clock_manager_common.o)
                              C:/Freescale/KSDK_1.2.0/lib/ksdk_platform_lib/kds/KL25Z4/debug/libksdk_platform.a(fsl_clock_MKL25Z4.o) (g_oscBase)
C:/Freescale/KSDK_1.2.0/lib/ksdk_platform_lib/kds/KL25Z4/debug/libksdk_platform.a(fsl_os_abstraction_bm.o)
                              C:/Freescale/KSDK_1.2.0/lib/ksdk_platform_lib/kds/KL25Z4/debug/libksdk_platform.a(fsl_clock_manager.o) (OSA_EnterCritical)
C:/Freescale/KSDK_1.2.0/lib/ksdk_platform_lib/kds/KL25Z4/debug/libksdk_platform.a(fsl_sim_hal_MKL25Z4.o)
                              C:/Freescale/KSDK_1.2.0/lib/ksdk_platform_lib/kds/KL25Z4/debug/libksdk_platform.a(fsl_clock_MKL25Z4.o) (CLOCK_HAL_SetOutDiv)
C:/Freescale/KSDK_1.2.0/lib/ksdk_platform_lib/kds/KL25Z4/debug/libksdk_platform.a(fsl_rtc_common.o)
                              C:/Freescale/KSDK_1.2.0/lib/ksdk_platform_lib/kds/KL25Z4/debug/libksdk_platform.a(fsl_clock_manager.o) (g_rtcBase)
C:/Freescale/KSDK_1.2.0/lib/ksdk_platform_lib/kds/KL25Z4/debug/libksdk_platform.a(fsl_osc_hal.o)
                              C:/Freescale/KSDK_1.2.0/lib/ksdk_platform_lib/kds/KL25Z4/debug/libksdk_platform.a(fsl_clock_manager.o) (OSC_HAL_SetCapacitor)
C:/Freescale/KSDK_1.2.0/lib/ksdk_platform_lib/kds/KL25Z4/debug/libksdk_platform.a(fsl_mcg_hal.o)
                              C:/Freescale/KSDK_1.2.0/lib/ksdk_platform_lib/kds/KL25Z4/debug/libksdk_platform.a(fsl_clock_MKL25Z4.o) (CLOCK_HAL_GetFllClk)
C:/Freescale/KSDK_1.2.0/lib/ksdk_platform_lib/kds/KL25Z4/debug/libksdk_platform.a(fsl_mcg_hal_modes.o)
                              C:/Freescale/KSDK_1.2.0/lib/ksdk_platform_lib/kds/KL25Z4/debug/libksdk_platform.a(fsl_clock_manager.o) (CLOCK_HAL_GetMcgMode)
C:/Freescale/KSDK_1.2.0/lib/ksdk_platform_lib/kds/KL25Z4/debug/libksdk_platform.a(fsl_lptmr_hal.o)
                              C:/Freescale/KSDK_1.2.0/lib/ksdk_platform_lib/kds/KL25Z4/debug/libksdk_platform.a(fsl_lptmr_driver.o) (LPTMR_HAL_Init)
C:/Freescale/KSDK_1.2.0/lib/ksdk_platform_lib/kds/KL25Z4/debug/libksdk_platform.a(fsl_lptmr_common.o)
                              C:/Freescale/KSDK_1.2.0/lib/ksdk_platform_lib/kds/KL25Z4/debug/libksdk_platform.a(fsl_lptmr_driver.o) (g_lptmrIrqId)
C:/Freescale/KSDK_1.2.0/lib/ksdk_platform_lib/kds/KL25Z4/debug/libksdk_platform.a(fsl_interrupt_manager.o)
                              C:/Freescale/KSDK_1.2.0/lib/ksdk_platform_lib/kds/KL25Z4/debug/libksdk_platform.a(fsl_os_abstraction_bm.o) (INT_SYS_InstallHandler)
c:/freescale/kds_v3/toolchain/bin/../lib/gcc/arm-none-eabi/4.8.4/armv6-m\libgcc.a(_thumb1_case_uqi.o)
                              C:/Freescale/KSDK_1.2.0/lib/ksdk_platform_lib/kds/KL25Z4/debug/libksdk_platform.a(fsl_clock_MKL25Z4.o) (__gnu_thumb1_case_uqi)
c:/freescale/kds_v3/toolchain/bin/../lib/gcc/arm-none-eabi/4.8.4/armv6-m\libgcc.a(_udivsi3.o)
                              ./Sources/communicationStateMachine.o (__aeabi_uidiv)
c:/freescale/kds_v3/toolchain/bin/../lib/gcc/arm-none-eabi/4.8.4/armv6-m\libgcc.a(_divsi3.o)
                              ./Sources/print_scan.o (__aeabi_idiv)
c:/freescale/kds_v3/toolchain/bin/../lib/gcc/arm-none-eabi/4.8.4/armv6-m\libgcc.a(_dvmd_tls.o)
                              c:/freescale/kds_v3/toolchain/bin/../lib/gcc/arm-none-eabi/4.8.4/armv6-m\libgcc.a(_udivsi3.o) (__aeabi_idiv0)
c:/freescale/kds_v3/toolchain/bin/../lib/gcc/arm-none-eabi/4.8.4/armv6-m\libgcc.a(_arm_cmpsf2.o)
                              ./Sources/pid.o (__aeabi_fcmplt)
c:/freescale/kds_v3/toolchain/bin/../lib/gcc/arm-none-eabi/4.8.4/armv6-m\libgcc.a(_fixunssfsi.o)
                              ./Sources/aquecedorECooler.o (__aeabi_f2uiz)
c:/freescale/kds_v3/toolchain/bin/../lib/gcc/arm-none-eabi/4.8.4/armv6-m\libgcc.a(addsf3.o)
                              ./Sources/communicationStateMachine.o (__aeabi_fadd)
[...]
Memory Configuration

Name             Origin             Length             Attributes
m_interrupts     0x00000000         0x00000100         xr
m_flash_config   0x00000400         0x00000010         xr
m_text           0x00000410         0x0001fbf0         xr
m_data           0x1ffff000         0x00004000         rw
*default*        0x00000000         0xffffffff

Linker script and memory map

LOAD c:/freescale/kds_v3/toolchain/bin/../lib/gcc/arm-none-eabi/4.8.4/armv6-m/crti.o
LOAD c:/freescale/kds_v3/toolchain/bin/../lib/gcc/arm-none-eabi/4.8.4/armv6-m/crtbegin.o
LOAD c:/freescale/kds_v3/toolchain/bin/../lib/gcc/arm-none-eabi/4.8.4/../../../../arm-none-eabi/lib/armv6-m/crt0.o
LOAD ./Sources/UART.o
LOAD ./Sources/adc.o
LOAD ./Sources/aquecedorECooler.o
LOAD ./Sources/communicationStateMachine.o
LOAD ./Sources/display7seg.o
LOAD ./Sources/fsl_debug_console.o
LOAD ./Sources/lcd.o
LOAD ./Sources/ledSwi.o
LOAD ./Sources/lptmr.o
LOAD ./Sources/lut_adc_3v3.o
LOAD ./Sources/main.o
LOAD ./Sources/pid.o
LOAD ./Sources/print_scan.o
LOAD ./Sources/sensTemp.o
LOAD ./Sources/tacometro.o
LOAD ./Sources/util.o
LOAD ./Sources/variaveis_globais.o
LOAD ./Project_Settings/Startup_Code/startup.o
LOAD ./Project_Settings/Startup_Code/startup_MKL25Z4.o
LOAD ./Project_Settings/Startup_Code/system_MKL25Z4.o
LOAD C:/Freescale/KSDK_1.2.0/lib/ksdk_platform_lib/kds/KL25Z4/debug/libksdk_platform.a
LOAD c:/freescale/kds_v3/toolchain/bin/../lib/gcc/arm-none-eabi/4.8.4/../../../../arm-none-eabi/lib/armv6-m\libstdc++_s.a
LOAD c:/freescale/kds_v3/toolchain/bin/../lib/gcc/arm-none-eabi/4.8.4/../../../../arm-none-eabi/lib/armv6-m\libm.a
START GROUP
LOAD c:/freescale/kds_v3/toolchain/bin/../lib/gcc/arm-none-eabi/4.8.4/armv6-m\libgcc.a
LOAD c:/freescale/kds_v3/toolchain/bin/../lib/gcc/arm-none-eabi/4.8.4/../../../../arm-none-eabi/lib/armv6-m\libg_s.a
LOAD c:/freescale/kds_v3/toolchain/bin/../lib/gcc/arm-none-eabi/4.8.4/../../../../arm-none-eabi/lib/armv6-m\libc_s.a
END GROUP
START GROUP
LOAD c:/freescale/kds_v3/toolchain/bin/../lib/gcc/arm-none-eabi/4.8.4/armv6-m\libgcc.a
LOAD c:/freescale/kds_v3/toolchain/bin/../lib/gcc/arm-none-eabi/4.8.4/../../../../arm-none-eabi/lib/armv6-m\libc_s.a
LOAD c:/freescale/kds_v3/toolchain/bin/../lib/gcc/arm-none-eabi/4.8.4/../../../../arm-none-eabi/lib/armv6-m\libnosys.a
END GROUP
START GROUP
LOAD c:/freescale/kds_v3/toolchain/bin/../lib/gcc/arm-none-eabi/4.8.4/armv6-m\libgcc.a
LOAD c:/freescale/kds_v3/toolchain/bin/../lib/gcc/arm-none-eabi/4.8.4/../../../../arm-none-eabi/lib/armv6-m\libc_s.a
LOAD c:/freescale/kds_v3/toolchain/bin/../lib/gcc/arm-none-eabi/4.8.4/../../../../arm-none-eabi/lib/armv6-m\libnosys.a
END GROUP
LOAD c:/freescale/kds_v3/toolchain/bin/../lib/gcc/arm-none-eabi/4.8.4/armv6-m/crtend.o
LOAD c:/freescale/kds_v3/toolchain/bin/../lib/gcc/arm-none-eabi/4.8.4/armv6-m/crtn.o
                0x00000400                HEAP_SIZE = DEFINED (__heap_size__)?__heap_size__:0x400
                0x00000400                STACK_SIZE = DEFINED (__stack_size__)?__stack_size__:0x400
                0x00000000                M_VECTOR_RAM_SIZE = DEFINED (__ram_vector_table__)?0x100:0x0

.interrupts     0x00000000       0xc0
                0x00000000                __VECTOR_TABLE = .
                0x00000000                . = ALIGN (0x4)
 *(.isr_vector)
 .isr_vector    0x00000000       0xc0 ./Project_Settings/Startup_Code/startup_MKL25Z4.o
                0x00000000                __isr_vector
                0x000000c0                . = ALIGN (0x4)

.flash_config   0x00000400       0x10
                0x00000400                . = ALIGN (0x4)
 *(.FlashConfig)
 .FlashConfig   0x00000400       0x10 ./Project_Settings/Startup_Code/startup_MKL25Z4.o
                0x00000410                . = ALIGN (0x4)

.text           0x00000410     0x53b8
                0x00000410                . = ALIGN (0x4)
 *(.text)
 .text          0x00000410       0x60 c:/freescale/kds_v3/toolchain/bin/../lib/gcc/arm-none-eabi/4.8.4/armv6-m/crtbegin.o
 .text          0x00000470       0x78 c:/freescale/kds_v3/toolchain/bin/../lib/gcc/arm-none-eabi/4.8.4/../../../../arm-none-eabi/lib/armv6-m/crt0.o
                0x00000470                _start
                0x00000470                _mainCRTStartup
 .text          0x000004e8       0x18 ./Project_Settings/Startup_Code/startup_MKL25Z4.o
                0x000004e8                Reset_Handler
                0x000004f8                HardFault_Handler
                0x000004f8                SysTick_Handler
                0x000004f8                PendSV_Handler
                0x000004f8                NMI_Handler
                0x000004f8                I2C1_IRQHandler
                0x000004f8                UART1_IRQHandler
                0x000004f8                DMA2_IRQHandler
                0x000004f8                TPM0_IRQHandler
                0x000004f8                LLWU_IRQHandler
                0x000004f8                TSI0_IRQHandler
                0x000004f8                ADC0_IRQHandler
                0x000004f8                Reserved39_IRQHandler
                0x000004f8                SPI1_IRQHandler
                0x000004f8                DefaultISR
                0x000004f8                PORTD_IRQHandler
                0x000004f8                TPM2_IRQHandler
                0x000004f8                RTC_IRQHandler
                0x000004f8                I2C0_IRQHandler
                0x000004f8                RTC_Seconds_IRQHandler
                0x000004f8                MCG_IRQHandler
                0x000004f8                UART2_IRQHandler
                0x000004f8                Reserved20_IRQHandler
                0x000004f8                USB0_IRQHandler
                0x000004f8                PIT_IRQHandler
                0x000004f8                SVC_Handler
                0x000004f8                DMA3_IRQHandler
                0x000004f8                DMA0_IRQHandler
                0x000004f8                DAC0_IRQHandler
                0x000004f8                Reserved45_IRQHandler
                0x000004f8                TPM1_IRQHandler
                0x000004f8                LVD_LVW_IRQHandler
                0x000004f8                SPI0_IRQHandler
                0x000004f8                PORTA_IRQHandler
                0x000004f8                FTFA_IRQHandler
                0x000004f8                CMP0_IRQHandler
                0x000004f8                DMA1_IRQHandler
 .text          0x00000500       0x14 c:/freescale/kds_v3/toolchain/bin/../lib/gcc/arm-none-eabi/4.8.4/armv6-m\libgcc.a(_thumb1_case_uqi.o)
                0x00000500                __gnu_thumb1_case_uqi
 .text          0x00000514       0x9c c:/freescale/kds_v3/toolchain/bin/../lib/gcc/arm-none-eabi/4.8.4/armv6-m\libgcc.a(_udivsi3.o)
                0x00000514                __aeabi_uidiv
                0x00000514                __udivsi3
                0x0000059c                __aeabi_uidivmod
 .text          0x000005b0       0xc0 c:/freescale/kds_v3/toolchain/bin/../lib/gcc/arm-none-eabi/4.8.4/armv6-m\libgcc.a(_divsi3.o)
                0x000005b0                __divsi3
                0x000005b0                __aeabi_idiv
                0x0000065c                __aeabi_idivmod
 .text          0x00000670        0x4 c:/freescale/kds_v3/toolchain/bin/../lib/gcc/arm-none-eabi/4.8.4/armv6-m\libgcc.a(_dvmd_tls.o)
                0x00000670                __aeabi_idiv0
                0x00000670                __aeabi_ldiv0
 .text          0x00000674       0x74 c:/freescale/kds_v3/toolchain/bin/../lib/gcc/arm-none-eabi/4.8.4/armv6-m\libgcc.a(_arm_cmpsf2.o)
                0x00000674                __aeabi_cfrcmple
                0x0000067c                __aeabi_cfcmpeq
                0x0000067c                __aeabi_cfcmple
                0x0000068c                __aeabi_fcmpeq
                0x00000698                __aeabi_fcmplt
                0x000006ac                __aeabi_fcmple
                0x000006c0                __aeabi_fcmpgt
                0x000006d4                __aeabi_fcmpge
 .text          0x000006e8       0x30 c:/freescale/kds_v3/toolchain/bin/../lib/gcc/arm-none-eabi/4.8.4/armv6-m\libgcc.a(_fixunssfsi.o)
                0x000006e8                __fixunssfsi
                0x000006e8                __aeabi_f2uiz
 .text          0x00000718      0x2d8 c:/freescale/kds_v3/toolchain/bin/../lib/gcc/arm-none-eabi/4.8.4/armv6-m\libgcc.a(addsf3.o)
                0x00000718                __aeabi_fadd
 .text          0x000009f0       0x54 c:/freescale/kds_v3/toolchain/bin/../lib/gcc/arm-none-eabi/4.8.4/armv6-m\libgcc.a(eqsf2.o)
                0x000009f0                __eqsf2
                0x000009f0                __nesf2
 .text          0x00000a44       0x90 c:/freescale/kds_v3/toolchain/bin/../lib/gcc/arm-none-eabi/4.8.4/armv6-m\libgcc.a(gesf2.o)
                0x00000a44                __gesf2
                0x00000a44                __gtsf2
 .text          0x00000ad4       0x98 c:/freescale/kds_v3/toolchain/bin/../lib/gcc/arm-none-eabi/4.8.4/armv6-m\libgcc.a(lesf2.o)
                0x00000ad4                __ltsf2
                0x00000ad4                __lesf2
 .text          0x00000b6c      0x254 c:/freescale/kds_v3/toolchain/bin/../lib/gcc/arm-none-eabi/4.8.4/armv6-m\libgcc.a(mulsf3.o)
                0x00000b6c                __aeabi_fmul
 .text          0x00000dc0      0x2ec c:/freescale/kds_v3/toolchain/bin/../lib/gcc/arm-none-eabi/4.8.4/armv6-m\libgcc.a(subsf3.o)
                0x00000dc0                __aeabi_fsub
 .text          0x000010ac       0x40 c:/freescale/kds_v3/toolchain/bin/../lib/gcc/arm-none-eabi/4.8.4/armv6-m\libgcc.a(fixsfsi.o)
                0x000010ac                __aeabi_f2iz
 .text          0x000010ec       0xb8 c:/freescale/kds_v3/toolchain/bin/../lib/gcc/arm-none-eabi/4.8.4/armv6-m\libgcc.a(floatsisf.o)
                0x000010ec                __aeabi_i2f
 .text          0x000011a4       0xa0 c:/freescale/kds_v3/toolchain/bin/../lib/gcc/arm-none-eabi/4.8.4/armv6-m\libgcc.a(floatunsisf.o)
                0x000011a4                __aeabi_ui2f
 .text          0x00001244       0xa4 c:/freescale/kds_v3/toolchain/bin/../lib/gcc/arm-none-eabi/4.8.4/armv6-m\libgcc.a(extendsfdf2.o)
                0x00001244                __aeabi_f2d
 .text          0x000012e8       0x3c c:/freescale/kds_v3/toolchain/bin/../lib/gcc/arm-none-eabi/4.8.4/armv6-m\libgcc.a(_clzsi2.o)
                0x000012e8                __clzsi2
 *(.text*)
 .text.PORT_HAL_SetMuxMode
                0x00001324       0x4c ./Sources/UART.o
 .text.UART0_init
                0x00001370       0x4c ./Sources/UART.o
                0x00001370                UART0_init
 .text.UART0_IRQHandler
                0x000013bc       0x18 ./Sources/UART.o
                0x000013bc                UART0_IRQHandler
 .text.adc_initADCModule
                0x000013d4       0x64 ./Sources/adc.o
                0x000013d4                adc_initADCModule
 .text.adc_initConvertion
                0x00001438       0x18 ./Sources/adc.o
                0x00001438                adc_initConvertion
 .text.adc_isAdcDone
                0x00001450       0x20 ./Sources/adc.o
                0x00001450                adc_isAdcDone
 .text.adc_getConvertionValue
                0x00001470       0x14 ./Sources/adc.o
                0x00001470                adc_getConvertionValue
 .text.PWM_init
                0x00001484       0xc0 ./Sources/aquecedorECooler.o
                0x00001484                PWM_init
 .text.coolerfan_init
                0x00001544       0x34 ./Sources/aquecedorECooler.o
                0x00001544                coolerfan_init
 .text.heater_init
                0x00001578       0x34 ./Sources/aquecedorECooler.o
                0x00001578                heater_init
 .text.heater_PWMDuty
                0x000015ac       0x7c ./Sources/aquecedorECooler.o
                0x000015ac                heater_PWMDuty
 .text.returnParam
                0x00001628       0xf4 ./Sources/communicationStateMachine.o
                0x00001628                returnParam
 .text.processByteCommUART
                0x0000171c      0x15c ./Sources/communicationStateMachine.o
                0x0000171c                processByteCommUART
 .text.display7seg_init
                0x00001878       0xe4 ./Sources/display7seg.o
                0x00001878                display7seg_init
 .text.UART_HAL_EnableTransmitter
                0x0000195c       0x1c ./Sources/fsl_debug_console.o
 .text.UART_HAL_EnableReceiver
                0x00001978       0x1c ./Sources/fsl_debug_console.o
 .text.UART_HAL_SetBitCountPerChar
                0x00001994       0x28 ./Sources/fsl_debug_console.o
 .text.UART_HAL_SetStopBitCount
                0x000019bc       0x28 ./Sources/fsl_debug_console.o
 .text.LPSCI_HAL_EnableTransmitter
                0x000019e4       0x1c ./Sources/fsl_debug_console.o
 .text.LPSCI_HAL_EnableReceiver
                0x00001a00       0x1c ./Sources/fsl_debug_console.o
 .text.LPSCI_HAL_SetBitCountPerChar
                0x00001a1c       0x28 ./Sources/fsl_debug_console.o
 .text.LPSCI_HAL_SetStopBitCount
                0x00001a44       0x28 ./Sources/fsl_debug_console.o
 .text.DbgConsole_Init
                0x00001a6c      0x160 ./Sources/fsl_debug_console.o
                0x00001a6c                DbgConsole_Init
 .text._write   0x00001bcc       0x5c ./Sources/fsl_debug_console.o
                0x00001bcc                _write
 .text._read    0x00001c28       0x48 ./Sources/fsl_debug_console.o
                0x00001c28                _read
 .text.debug_printf
                0x00001c70       0x4c ./Sources/fsl_debug_console.o
                0x00001c70                debug_printf
 .text.debug_putc
                0x00001cbc       0x44 ./Sources/fsl_debug_console.o
 .text.debug_getchar
                0x00001d00       0x38 ./Sources/fsl_debug_console.o
                0x00001d00                debug_getchar
 .text.lcd_initLcd
                0x00001d38      0x150 ./Sources/lcd.o
                0x00001d38                lcd_initLcd
 .text.lcd_write2Lcd
                0x00001e88       0x8c ./Sources/lcd.o
                0x00001e88                lcd_write2Lcd
 .text.lcd_writeData
                0x00001f14       0x20 ./Sources/lcd.o
                0x00001f14                lcd_writeData
 .text.lcd_sendCommand
                0x00001f34       0x20 ./Sources/lcd.o
                0x00001f34                lcd_sendCommand
 .text.lcd_setCursor
                0x00001f54       0x58 ./Sources/lcd.o
                0x00001f54                lcd_setCursor
 .text.lcd_writeString
                0x00001fac       0x28 ./Sources/lcd.o
                0x00001fac                lcd_writeString
 .text.ledSwi_init
                0x00001fd4      0x1e8 ./Sources/ledSwi.o
                0x00001fd4                ledSwi_init
 .text.readSwitch
                0x000021bc       0xd8 ./Sources/ledSwi.o
                0x000021bc                readSwitch
 .text.LPTMR0_IRQHandler
                0x00002294       0x10 ./Sources/lptmr.o
                0x00002294                LPTMR0_IRQHandler
 .text.tc_installLptmr0
                0x000022a4       0x40 ./Sources/lptmr.o
                0x000022a4                tc_installLptmr0
 .text.timerAtt
                0x000022e4       0x34 ./Sources/main.o
                0x000022e4                timerAtt
 .text.checkTime
                0x00002318       0x2c ./Sources/main.o
                0x00002318                checkTime
 .text.boardInit
                0x00002344       0x6c ./Sources/main.o
                0x00002344                boardInit
 .text.showLCDdisp
                0x000023b0      0x2a4 ./Sources/main.o
                0x000023b0                showLCDdisp
 .text.main     0x00002654      0x100 ./Sources/main.o
                0x00002654                main
 .text.pid_init
                0x00002754       0x2c ./Sources/pid.o
                0x00002754                pid_init
 .text.pid_setKp
                0x00002780       0x18 ./Sources/pid.o
                0x00002780                pid_setKp
 .text.pid_setKi
                0x00002798       0x18 ./Sources/pid.o
                0x00002798                pid_setKi
 .text.pid_setKd
                0x000027b0       0x18 ./Sources/pid.o
                0x000027b0                pid_setKd
 .text.pidUpdateData
                0x000027c8       0xf4 ./Sources/pid.o
                0x000027c8                pidUpdateData
 .text._doprint
                0x000028bc      0x6e4 ./Sources/print_scan.o
                0x000028bc                _doprint
 .text.mknumstr
                0x00002fa0      0x110 ./Sources/print_scan.o
 .text.fput_pad
                0x000030b0       0x44 ./Sources/print_scan.o
 .text.sensTemp_init
                0x000030f4        0xc ./Sources/sensTemp.o
                0x000030f4                sensTemp_init
 .text.readTemp
                0x00003100       0x70 ./Sources/sensTemp.o
                0x00003100                readTemp
 .text.util_genDelay088us
                0x00003170       0x48 ./Sources/util.o
                0x00003170                util_genDelay088us
 .text.util_genDelay250us
                0x000031b8       0x44 ./Sources/util.o
                0x000031b8                util_genDelay250us
 .text.util_genDelay1ms
                0x000031fc       0x18 ./Sources/util.o
                0x000031fc                util_genDelay1ms
 .text.util_genDelay10ms
                0x00003214       0x30 ./Sources/util.o
                0x00003214                util_genDelay10ms
 .text.util_genDelay100ms
                0x00003244       0x30 ./Sources/util.o
                0x00003244                util_genDelay100ms
 .text.init_data_bss
                0x00003274       0xc8 ./Project_Settings/Startup_Code/startup.o
                0x00003274                init_data_bss
 .text.SystemInit
                0x0000333c       0x18 ./Project_Settings/Startup_Code/system_MKL25Z4.o
                0x0000333c                SystemInit
 .text.UART_HAL_SetBaudRate
                0x00003354       0x34 C:/Freescale/KSDK_1.2.0/lib/ksdk_platform_lib/kds/KL25Z4/debug/libksdk_platform.a(fsl_uart_hal.o)
                0x00003354                UART_HAL_SetBaudRate
 .text.UART_HAL_SetParityMode
                0x00003388       0x1e C:/Freescale/KSDK_1.2.0/lib/ksdk_platform_lib/kds/KL25Z4/debug/libksdk_platform.a(fsl_uart_hal.o)
                0x00003388                UART_HAL_SetParityMode
 .text.UART_HAL_SendDataPolling
                0x000033a6       0x22 C:/Freescale/KSDK_1.2.0/lib/ksdk_platform_lib/kds/KL25Z4/debug/libksdk_platform.a(fsl_uart_hal.o)
                0x000033a6                UART_HAL_SendDataPolling
 .text.UART_HAL_ReceiveDataPolling
                0x000033c8       0x38 C:/Freescale/KSDK_1.2.0/lib/ksdk_platform_lib/kds/KL25Z4/debug/libksdk_platform.a(fsl_uart_hal.o)
                0x000033c8                UART_HAL_ReceiveDataPolling
 .text.INT_SYS_DisableIRQ
                0x00003400       0x40 C:/Freescale/KSDK_1.2.0/lib/ksdk_platform_lib/kds/KL25Z4/debug/libksdk_platform.a(fsl_lptmr_driver.o)
 .text.LPTMR_DRV_Init
                0x00003440      0x124 C:/Freescale/KSDK_1.2.0/lib/ksdk_platform_lib/kds/KL25Z4/debug/libksdk_platform.a(fsl_lptmr_driver.o)
                0x00003440                LPTMR_DRV_Init
 .text.LPTMR_DRV_Start
                0x00003564       0x4c C:/Freescale/KSDK_1.2.0/lib/ksdk_platform_lib/kds/KL25Z4/debug/libksdk_platform.a(fsl_lptmr_driver.o)
                0x00003564                LPTMR_DRV_Start
 .text.LPTMR_DRV_SetTimerPeriodUs
                0x000035b0       0xcc C:/Freescale/KSDK_1.2.0/lib/ksdk_platform_lib/kds/KL25Z4/debug/libksdk_platform.a(fsl_lptmr_driver.o)
                0x000035b0                LPTMR_DRV_SetTimerPeriodUs
 .text.LPTMR_DRV_InstallCallback
                0x0000367c       0x38 C:/Freescale/KSDK_1.2.0/lib/ksdk_platform_lib/kds/KL25Z4/debug/libksdk_platform.a(fsl_lptmr_driver.o)
                0x0000367c                LPTMR_DRV_InstallCallback
 .text.LPTMR_DRV_IRQHandler
                0x000036b4       0x6c C:/Freescale/KSDK_1.2.0/lib/ksdk_platform_lib/kds/KL25Z4/debug/libksdk_platform.a(fsl_lptmr_driver.o)
                0x000036b4                LPTMR_DRV_IRQHandler
 .text.LPSCI_HAL_SetBaudRate
                0x00003720       0xcc C:/Freescale/KSDK_1.2.0/lib/ksdk_platform_lib/kds/KL25Z4/debug/libksdk_platform.a(fsl_lpsci_hal.o)
                0x00003720                LPSCI_HAL_SetBaudRate
 .text.LPSCI_HAL_SetParityMode
                0x000037ec       0x1e C:/Freescale/KSDK_1.2.0/lib/ksdk_platform_lib/kds/KL25Z4/debug/libksdk_platform.a(fsl_lpsci_hal.o)
                0x000037ec                LPSCI_HAL_SetParityMode
 .text.LPSCI_HAL_SendDataPolling
                0x0000380a       0x20 C:/Freescale/KSDK_1.2.0/lib/ksdk_platform_lib/kds/KL25Z4/debug/libksdk_platform.a(fsl_lpsci_hal.o)
                0x0000380a                LPSCI_HAL_SendDataPolling
 .text.LPSCI_HAL_ReceiveDataPolling
                0x0000382a       0x36 C:/Freescale/KSDK_1.2.0/lib/ksdk_platform_lib/kds/KL25Z4/debug/libksdk_platform.a(fsl_lpsci_hal.o)
                0x0000382a                LPSCI_HAL_ReceiveDataPolling
 .text.SIM_HAL_EnableClock.constprop.7
                0x00003860       0x24 C:/Freescale/KSDK_1.2.0/lib/ksdk_platform_lib/kds/KL25Z4/debug/libksdk_platform.a(fsl_clock_MKL25Z4.o)
 .text.CLOCK_SYS_GetSystemClockFreq
                0x00003884       0x20 C:/Freescale/KSDK_1.2.0/lib/ksdk_platform_lib/kds/KL25Z4/debug/libksdk_platform.a(fsl_clock_MKL25Z4.o)
                0x00003884                CLOCK_SYS_GetSystemClockFreq
 .text.CLOCK_SYS_GetBusClockFreq
                0x000038a4       0x18 C:/Freescale/KSDK_1.2.0/lib/ksdk_platform_lib/kds/KL25Z4/debug/libksdk_platform.a(fsl_clock_MKL25Z4.o)
                0x000038a4                CLOCK_SYS_GetBusClockFreq
 .text.CLOCK_SYS_GetPllFllClockFreq
                0x000038bc       0x30 C:/Freescale/KSDK_1.2.0/lib/ksdk_platform_lib/kds/KL25Z4/debug/libksdk_platform.a(fsl_clock_MKL25Z4.o)
                0x000038bc                CLOCK_SYS_GetPllFllClockFreq
 .text.CLOCK_SYS_GetExternalRefClock32kFreq
                0x000038ec       0x40 C:/Freescale/KSDK_1.2.0/lib/ksdk_platform_lib/kds/KL25Z4/debug/libksdk_platform.a(fsl_clock_MKL25Z4.o)
                0x000038ec                CLOCK_SYS_GetExternalRefClock32kFreq
 .text.CLOCK_SYS_GetOsc0ExternalRefClockFreq
                0x0000392c       0x24 C:/Freescale/KSDK_1.2.0/lib/ksdk_platform_lib/kds/KL25Z4/debug/libksdk_platform.a(fsl_clock_MKL25Z4.o)
                0x0000392c                CLOCK_SYS_GetOsc0ExternalRefClockFreq
 .text.CLOCK_SYS_GetLptmrFreq
                0x00003950       0x30 C:/Freescale/KSDK_1.2.0/lib/ksdk_platform_lib/kds/KL25Z4/debug/libksdk_platform.a(fsl_clock_MKL25Z4.o)
                0x00003950                CLOCK_SYS_GetLptmrFreq
 .text.CLOCK_SYS_GetLpsciFreq
                0x00003980       0x34 C:/Freescale/KSDK_1.2.0/lib/ksdk_platform_lib/kds/KL25Z4/debug/libksdk_platform.a(fsl_clock_MKL25Z4.o)
                0x00003980                CLOCK_SYS_GetLpsciFreq
 .text.CLOCK_SYS_GetUartFreq
                0x000039b4       0x10 C:/Freescale/KSDK_1.2.0/lib/ksdk_platform_lib/kds/KL25Z4/debug/libksdk_platform.a(fsl_clock_MKL25Z4.o)
                0x000039b4                CLOCK_SYS_GetUartFreq
 .text.CLOCK_SYS_EnableLpsciClock
                0x000039c4       0x30 C:/Freescale/KSDK_1.2.0/lib/ksdk_platform_lib/kds/KL25Z4/debug/libksdk_platform.a(fsl_clock_MKL25Z4.o)
                0x000039c4                CLOCK_SYS_EnableLpsciClock
 .text.CLOCK_SYS_EnableUartClock
                0x000039f4       0x30 C:/Freescale/KSDK_1.2.0/lib/ksdk_platform_lib/kds/KL25Z4/debug/libksdk_platform.a(fsl_clock_MKL25Z4.o)
                0x000039f4                CLOCK_SYS_EnableUartClock
 .text.CLOCK_HAL_TestFllExternalRefFreq
                0x00003a24       0x36 C:/Freescale/KSDK_1.2.0/lib/ksdk_platform_lib/kds/KL25Z4/debug/libksdk_platform.a(fsl_mcg_hal.o)
                0x00003a24                CLOCK_HAL_TestFllExternalRefFreq
 *fill*         0x00003a5a        0x2 
 .text.CLOCK_HAL_GetFllRefClk
                0x00003a5c       0x44 C:/Freescale/KSDK_1.2.0/lib/ksdk_platform_lib/kds/KL25Z4/debug/libksdk_platform.a(fsl_mcg_hal.o)
                0x00003a5c                CLOCK_HAL_GetFllRefClk
 .text.CLOCK_HAL_TestFllFreq
                0x00003aa0       0x38 C:/Freescale/KSDK_1.2.0/lib/ksdk_platform_lib/kds/KL25Z4/debug/libksdk_platform.a(fsl_mcg_hal.o)
                0x00003aa0                CLOCK_HAL_TestFllFreq
 .text.CLOCK_HAL_GetFllClk
                0x00003ad8       0x40 C:/Freescale/KSDK_1.2.0/lib/ksdk_platform_lib/kds/KL25Z4/debug/libksdk_platform.a(fsl_mcg_hal.o)
                0x00003ad8                CLOCK_HAL_GetFllClk
 .text.CLOCK_HAL_GetPll0Clk
                0x00003b18       0x48 C:/Freescale/KSDK_1.2.0/lib/ksdk_platform_lib/kds/KL25Z4/debug/libksdk_platform.a(fsl_mcg_hal.o)
                0x00003b18                CLOCK_HAL_GetPll0Clk
 .text.CLOCK_HAL_GetInternalRefClk
                0x00003b60       0x40 C:/Freescale/KSDK_1.2.0/lib/ksdk_platform_lib/kds/KL25Z4/debug/libksdk_platform.a(fsl_mcg_hal.o)
                0x00003b60                CLOCK_HAL_GetInternalRefClk
 .text.CLOCK_HAL_GetOutClk
                0x00003ba0       0x48 C:/Freescale/KSDK_1.2.0/lib/ksdk_platform_lib/kds/KL25Z4/debug/libksdk_platform.a(fsl_mcg_hal.o)
                0x00003ba0                CLOCK_HAL_GetOutClk
 .text.LPTMR_HAL_SetTimerWorkingMode
                0x00003be8       0x3a C:/Freescale/KSDK_1.2.0/lib/ksdk_platform_lib/kds/KL25Z4/debug/libksdk_platform.a(fsl_lptmr_hal.o)
                0x00003be8                LPTMR_HAL_SetTimerWorkingMode
 .text.LPTMR_HAL_SetPrescalerMode
                0x00003c22       0x1e C:/Freescale/KSDK_1.2.0/lib/ksdk_platform_lib/kds/KL25Z4/debug/libksdk_platform.a(fsl_lptmr_hal.o)
                0x00003c22                LPTMR_HAL_SetPrescalerMode
 .text.__assert_func
                0x00003c40       0x3c c:/freescale/kds_v3/toolchain/bin/../lib/gcc/arm-none-eabi/4.8.4/../../../../arm-none-eabi/lib/armv6-m\libg_s.a(lib_a-assert.o)
                0x00003c40                __assert_func
 .text.exit     0x00003c7c       0x2c c:/freescale/kds_v3/toolchain/bin/../lib/gcc/arm-none-eabi/4.8.4/../../../../arm-none-eabi/lib/armv6-m\libg_s.a(lib_a-exit.o)
                0x00003c7c                exit
 .text.fprintf  0x00003ca8       0x24 c:/freescale/kds_v3/toolchain/bin/../lib/gcc/arm-none-eabi/4.8.4/../../../../arm-none-eabi/lib/armv6-m\libg_s.a(lib_a-fprintf.o)
                0x00003ca8                fiprintf
                0x00003ca8                fprintf
 .text.__libc_init_array
                0x00003ccc       0x4c c:/freescale/kds_v3/toolchain/bin/../lib/gcc/arm-none-eabi/4.8.4/../../../../arm-none-eabi/lib/armv6-m\libg_s.a(lib_a-init.o)
                0x00003ccc                __libc_init_array
 .text.memset   0x00003d18       0x10 c:/freescale/kds_v3/toolchain/bin/../lib/gcc/arm-none-eabi/4.8.4/../../../../arm-none-eabi/lib/armv6-m\libg_s.a(lib_a-memset.o)
                0x00003d18                memset
 .text._free_r  0x00003d28       0x90 c:/freescale/kds_v3/toolchain/bin/../lib/gcc/arm-none-eabi/4.8.4/../../../../arm-none-eabi/lib/armv6-m\libg_s.a(lib_a-nano-freer.o)
                0x00003d28                _free_r
 .text._malloc_r
                0x00003db8       0xa8 c:/freescale/kds_v3/toolchain/bin/../lib/gcc/arm-none-eabi/4.8.4/../../../../arm-none-eabi/lib/armv6-m\libg_s.a(lib_a-nano-mallocr.o)
                0x00003db8                _malloc_r
 .text._sbrk_r  0x00003e60       0x24 c:/freescale/kds_v3/toolchain/bin/../lib/gcc/arm-none-eabi/4.8.4/../../../../arm-none-eabi/lib/armv6-m\libg_s.a(lib_a-sbrkr.o)
                0x00003e60                _sbrk_r
 .text.sprintf  0x00003e84       0x44 c:/freescale/kds_v3/toolchain/bin/../lib/gcc/arm-none-eabi/4.8.4/../../../../arm-none-eabi/lib/armv6-m\libg_s.a(lib_a-sprintf.o)
                0x00003e84                siprintf
                0x00003e84                sprintf
 .text.strlen   0x00003ec8        0xe c:/freescale/kds_v3/toolchain/bin/../lib/gcc/arm-none-eabi/4.8.4/../../../../arm-none-eabi/lib/armv6-m\libg_s.a(lib_a-strlen.o)
                0x00003ec8                strlen
 *fill*         0x00003ed6        0x2 
 .text.__ssputs_r
                0x00003ed8       0xc0 c:/freescale/kds_v3/toolchain/bin/../lib/gcc/arm-none-eabi/4.8.4/../../../../arm-none-eabi/lib/armv6-m\libg_s.a(lib_a-svfprintf.o)
                0x00003ed8                __ssputs_r
 .text._svfprintf_r
                0x00003f98      0x1e0 c:/freescale/kds_v3/toolchain/bin/../lib/gcc/arm-none-eabi/4.8.4/../../../../arm-none-eabi/lib/armv6-m\libg_s.a(lib_a-svfprintf.o)
                0x00003f98                _svfiprintf_r
                0x00003f98                _svfprintf_r
 .text.__sfputc_r
                0x00004178       0x2a c:/freescale/kds_v3/toolchain/bin/../lib/gcc/arm-none-eabi/4.8.4/../../../../arm-none-eabi/lib/armv6-m\libg_s.a(lib_a-vfprintf.o)
 .text.__sfputs_r
                0x000041a2       0x24 c:/freescale/kds_v3/toolchain/bin/../lib/gcc/arm-none-eabi/4.8.4/../../../../arm-none-eabi/lib/armv6-m\libg_s.a(lib_a-vfprintf.o)
                0x000041a2                __sfputs_r
 *fill*         0x000041c6        0x2 
 .text._vfprintf_r
                0x000041c8      0x210 c:/freescale/kds_v3/toolchain/bin/../lib/gcc/arm-none-eabi/4.8.4/../../../../arm-none-eabi/lib/armv6-m\libg_s.a(lib_a-vfprintf.o)
                0x000041c8                _vfprintf_r
                0x000041c8                _vfiprintf_r
 .text._printf_common
                0x000043d8       0xe8 c:/freescale/kds_v3/toolchain/bin/../lib/gcc/arm-none-eabi/4.8.4/../../../../arm-none-eabi/lib/armv6-m\libg_s.a(lib_a-vfprintf_i.o)
                0x000043d8                _printf_common
 .text._printf_i
                0x000044c0      0x22c c:/freescale/kds_v3/toolchain/bin/../lib/gcc/arm-none-eabi/4.8.4/../../../../arm-none-eabi/lib/armv6-m\libg_s.a(lib_a-vfprintf_i.o)
                0x000044c0                _printf_i
 .text.__swbuf_r
                0x000046ec       0xb0 c:/freescale/kds_v3/toolchain/bin/../lib/gcc/arm-none-eabi/4.8.4/../../../../arm-none-eabi/lib/armv6-m\libg_s.a(lib_a-wbuf.o)
                0x000046ec                __swbuf_r
 .text.__swsetup_r
                0x0000479c       0xe4 c:/freescale/kds_v3/toolchain/bin/../lib/gcc/arm-none-eabi/4.8.4/../../../../arm-none-eabi/lib/armv6-m\libg_s.a(lib_a-wsetup.o)
                0x0000479c                __swsetup_r
 .text.abort    0x00004880        0xe c:/freescale/kds_v3/toolchain/bin/../lib/gcc/arm-none-eabi/4.8.4/../../../../arm-none-eabi/lib/armv6-m\libg_s.a(lib_a-abort.o)
                0x00004880                abort
 .text.__sflush_r
                0x0000488e      0x112 c:/freescale/kds_v3/toolchain/bin/../lib/gcc/arm-none-eabi/4.8.4/../../../../arm-none-eabi/lib/armv6-m\libg_s.a(lib_a-fflush.o)
                0x0000488e                __sflush_r
 .text._fflush_r
                0x000049a0       0x58 c:/freescale/kds_v3/toolchain/bin/../lib/gcc/arm-none-eabi/4.8.4/../../../../arm-none-eabi/lib/armv6-m\libg_s.a(lib_a-fflush.o)
                0x000049a0                _fflush_r
 .text._cleanup_r
                0x000049f8       0x34 c:/freescale/kds_v3/toolchain/bin/../lib/gcc/arm-none-eabi/4.8.4/../../../../arm-none-eabi/lib/armv6-m\libg_s.a(lib_a-findfp.o)
                0x000049f8                _cleanup_r
 .text.std.isra.0
                0x00004a2c       0x48 c:/freescale/kds_v3/toolchain/bin/../lib/gcc/arm-none-eabi/4.8.4/../../../../arm-none-eabi/lib/armv6-m\libg_s.a(lib_a-findfp.o)
 .text.__sfmoreglue
                0x00004a74       0x2c c:/freescale/kds_v3/toolchain/bin/../lib/gcc/arm-none-eabi/4.8.4/../../../../arm-none-eabi/lib/armv6-m\libg_s.a(lib_a-findfp.o)
                0x00004a74                __sfmoreglue
 .text.__sinit  0x00004aa0       0x64 c:/freescale/kds_v3/toolchain/bin/../lib/gcc/arm-none-eabi/4.8.4/../../../../arm-none-eabi/lib/armv6-m\libg_s.a(lib_a-findfp.o)
                0x00004aa0                __sinit
 .text.__sfp    0x00004b04       0x7c c:/freescale/kds_v3/toolchain/bin/../lib/gcc/arm-none-eabi/4.8.4/../../../../arm-none-eabi/lib/armv6-m\libg_s.a(lib_a-findfp.o)
                0x00004b04                __sfp
 .text.__smakebuf_r
                0x00004b80       0xa0 c:/freescale/kds_v3/toolchain/bin/../lib/gcc/arm-none-eabi/4.8.4/../../../../arm-none-eabi/lib/armv6-m\libg_s.a(lib_a-makebuf.o)
                0x00004b80                __smakebuf_r
 .text.memchr   0x00004c20       0x16 c:/freescale/kds_v3/toolchain/bin/../lib/gcc/arm-none-eabi/4.8.4/../../../../arm-none-eabi/lib/armv6-m\libg_s.a(lib_a-memchr-stub.o)
                0x00004c20                memchr
 .text.memcpy   0x00004c36       0x12 c:/freescale/kds_v3/toolchain/bin/../lib/gcc/arm-none-eabi/4.8.4/../../../../arm-none-eabi/lib/armv6-m\libg_s.a(lib_a-memcpy-stub.o)
                0x00004c36                memcpy
 .text.memmove  0x00004c48       0x32 c:/freescale/kds_v3/toolchain/bin/../lib/gcc/arm-none-eabi/4.8.4/../../../../arm-none-eabi/lib/armv6-m\libg_s.a(lib_a-memmove.o)
                0x00004c48                memmove
 .text._realloc_r
                0x00004c7a       0x4c c:/freescale/kds_v3/toolchain/bin/../lib/gcc/arm-none-eabi/4.8.4/../../../../arm-none-eabi/lib/armv6-m\libg_s.a(lib_a-nano-reallocr.o)
                0x00004c7a                _realloc_r
 .text._raise_r
                0x00004cc6       0x56 c:/freescale/kds_v3/toolchain/bin/../lib/gcc/arm-none-eabi/4.8.4/../../../../arm-none-eabi/lib/armv6-m\libg_s.a(lib_a-signal.o)
                0x00004cc6                _raise_r
 .text.raise    0x00004d1c       0x14 c:/freescale/kds_v3/toolchain/bin/../lib/gcc/arm-none-eabi/4.8.4/../../../../arm-none-eabi/lib/armv6-m\libg_s.a(lib_a-signal.o)
                0x00004d1c                raise
 .text._kill_r  0x00004d30       0x24 c:/freescale/kds_v3/toolchain/bin/../lib/gcc/arm-none-eabi/4.8.4/../../../../arm-none-eabi/lib/armv6-m\libg_s.a(lib_a-signalr.o)
                0x00004d30                _kill_r
 .text._getpid_r
                0x00004d54        0x8 c:/freescale/kds_v3/toolchain/bin/../lib/gcc/arm-none-eabi/4.8.4/../../../../arm-none-eabi/lib/armv6-m\libg_s.a(lib_a-signalr.o)
                0x00004d54                _getpid_r
 .text.__sread  0x00004d5c       0x28 c:/freescale/kds_v3/toolchain/bin/../lib/gcc/arm-none-eabi/4.8.4/../../../../arm-none-eabi/lib/armv6-m\libg_s.a(lib_a-stdio.o)
                0x00004d5c                __sread
 .text.__swrite
                0x00004d84       0x38 c:/freescale/kds_v3/toolchain/bin/../lib/gcc/arm-none-eabi/4.8.4/../../../../arm-none-eabi/lib/armv6-m\libg_s.a(lib_a-stdio.o)
                0x00004d84                __swrite
 .text.__sseek  0x00004dbc       0x2c c:/freescale/kds_v3/toolchain/bin/../lib/gcc/arm-none-eabi/4.8.4/../../../../arm-none-eabi/lib/armv6-m\libg_s.a(lib_a-stdio.o)
                0x00004dbc                __sseek
 .text.__sclose
                0x00004de8        0xc c:/freescale/kds_v3/toolchain/bin/../lib/gcc/arm-none-eabi/4.8.4/../../../../arm-none-eabi/lib/armv6-m\libg_s.a(lib_a-stdio.o)
                0x00004de8                __sclose
 .text._write_r
                0x00004df4       0x28 c:/freescale/kds_v3/toolchain/bin/../lib/gcc/arm-none-eabi/4.8.4/../../../../arm-none-eabi/lib/armv6-m\libg_s.a(lib_a-writer.o)
                0x00004df4                _write_r
 .text._close_r
                0x00004e1c       0x24 c:/freescale/kds_v3/toolchain/bin/../lib/gcc/arm-none-eabi/4.8.4/../../../../arm-none-eabi/lib/armv6-m\libg_s.a(lib_a-closer.o)
                0x00004e1c                _close_r
 .text._fstat_r
                0x00004e40       0x24 c:/freescale/kds_v3/toolchain/bin/../lib/gcc/arm-none-eabi/4.8.4/../../../../arm-none-eabi/lib/armv6-m\libg_s.a(lib_a-fstatr.o)
                0x00004e40                _fstat_r
 .text._isatty_r
                0x00004e64       0x24 c:/freescale/kds_v3/toolchain/bin/../lib/gcc/arm-none-eabi/4.8.4/../../../../arm-none-eabi/lib/armv6-m\libg_s.a(lib_a-isattyr.o)
                0x00004e64                _isatty_r
 .text._lseek_r
                0x00004e88       0x28 c:/freescale/kds_v3/toolchain/bin/../lib/gcc/arm-none-eabi/4.8.4/../../../../arm-none-eabi/lib/armv6-m\libg_s.a(lib_a-lseekr.o)
                0x00004e88                _lseek_r
 .text._malloc_usable_size_r
                0x00004eb0       0x12 c:/freescale/kds_v3/toolchain/bin/../lib/gcc/arm-none-eabi/4.8.4/../../../../arm-none-eabi/lib/armv6-m\libg_s.a(lib_a-nano-msizer.o)
                0x00004eb0                _malloc_usable_size_r
 *fill*         0x00004ec2        0x2 
 .text._read_r  0x00004ec4       0x28 c:/freescale/kds_v3/toolchain/bin/../lib/gcc/arm-none-eabi/4.8.4/../../../../arm-none-eabi/lib/armv6-m\libg_s.a(lib_a-readr.o)
                0x00004ec4                _read_r
 .text._close   0x00004eec       0x10 c:/freescale/kds_v3/toolchain/bin/../lib/gcc/arm-none-eabi/4.8.4/../../../../arm-none-eabi/lib/armv6-m\libnosys.a(close.o)
                0x00004eec                _close
 .text._fstat   0x00004efc       0x10 c:/freescale/kds_v3/toolchain/bin/../lib/gcc/arm-none-eabi/4.8.4/../../../../arm-none-eabi/lib/armv6-m\libnosys.a(fstat.o)
                0x00004efc                _fstat
 .text._getpid  0x00004f0c       0x10 c:/freescale/kds_v3/toolchain/bin/../lib/gcc/arm-none-eabi/4.8.4/../../../../arm-none-eabi/lib/armv6-m\libnosys.a(getpid.o)
                0x00004f0c                _getpid
 .text._isatty  0x00004f1c       0x10 c:/freescale/kds_v3/toolchain/bin/../lib/gcc/arm-none-eabi/4.8.4/../../../../arm-none-eabi/lib/armv6-m\libnosys.a(isatty.o)
                0x00004f1c                _isatty
 .text._kill    0x00004f2c       0x10 c:/freescale/kds_v3/toolchain/bin/../lib/gcc/arm-none-eabi/4.8.4/../../../../arm-none-eabi/lib/armv6-m\libnosys.a(kill.o)
                0x00004f2c                _kill
 .text._lseek   0x00004f3c       0x10 c:/freescale/kds_v3/toolchain/bin/../lib/gcc/arm-none-eabi/4.8.4/../../../../arm-none-eabi/lib/armv6-m\libnosys.a(lseek.o)
                0x00004f3c                _lseek
 .text._sbrk    0x00004f4c       0x34 c:/freescale/kds_v3/toolchain/bin/../lib/gcc/arm-none-eabi/4.8.4/../../../../arm-none-eabi/lib/armv6-m\libnosys.a(sbrk.o)
                0x00004f4c                _sbrk
 .text._exit    0x00004f80        0x4 c:/freescale/kds_v3/toolchain/bin/../lib/gcc/arm-none-eabi/4.8.4/../../../../arm-none-eabi/lib/armv6-m\libnosys.a(_exit.o)
                0x00004f80                _exit
 *(.rodata)
 .rodata        0x00004f84       0x44 ./Sources/UART.o
 .rodata        0x00004fc8       0x28 ./Sources/communicationStateMachine.o
 .rodata        0x00004ff0        0xc ./Sources/fsl_debug_console.o
 .rodata        0x00004ffc       0x40 ./Sources/main.o
 .rodata        0x0000503c       0x40 c:/freescale/kds_v3/toolchain/bin/../lib/gcc/arm-none-eabi/4.8.4/armv6-m\libgcc.a(mulsf3.o)
 *(.rodata*)
 .rodata.__func__.6323
                0x0000507c       0x14 ./Sources/UART.o
 .rodata.returnParam
                0x00005090       0x48 ./Sources/communicationStateMachine.o
 .rodata.processByteCommUART
                0x000050d8       0x18 ./Sources/communicationStateMachine.o
 .rodata.tabela_temp
                0x000050f0      0x100 ./Sources/lut_adc_3v3.o
                0x000050f0                tabela_temp
 .rodata._doprint
                0x000051f0       0xc8 ./Sources/print_scan.o
 .rodata.__func__.6554
                0x000052b8       0x1a C:/Freescale/KSDK_1.2.0/lib/ksdk_platform_lib/kds/KL25Z4/debug/libksdk_platform.a(fsl_lptmr_driver.o)
 .rodata.__func__.6558
                0x000052d2       0x15 C:/Freescale/KSDK_1.2.0/lib/ksdk_platform_lib/kds/KL25Z4/debug/libksdk_platform.a(fsl_lptmr_driver.o)
 .rodata.str1.1
                0x000052e7      0x11b C:/Freescale/KSDK_1.2.0/lib/ksdk_platform_lib/kds/KL25Z4/debug/libksdk_platform.a(fsl_lptmr_driver.o)
 .rodata.__func__.6506
                0x00005402        0xf C:/Freescale/KSDK_1.2.0/lib/ksdk_platform_lib/kds/KL25Z4/debug/libksdk_platform.a(fsl_lptmr_driver.o)
 .rodata.__func__.5685
                0x00005411       0x12 C:/Freescale/KSDK_1.2.0/lib/ksdk_platform_lib/kds/KL25Z4/debug/libksdk_platform.a(fsl_lptmr_driver.o)
 .rodata.__func__.5689
                0x00005423       0x13 C:/Freescale/KSDK_1.2.0/lib/ksdk_platform_lib/kds/KL25Z4/debug/libksdk_platform.a(fsl_lptmr_driver.o)
 .rodata.__func__.6518
                0x00005436       0x10 C:/Freescale/KSDK_1.2.0/lib/ksdk_platform_lib/kds/KL25Z4/debug/libksdk_platform.a(fsl_lptmr_driver.o)
 .rodata.__func__.6529
                0x00005446       0x1b C:/Freescale/KSDK_1.2.0/lib/ksdk_platform_lib/kds/KL25Z4/debug/libksdk_platform.a(fsl_lptmr_driver.o)
 .rodata.uartGateTable
                0x00005461        0x3 C:/Freescale/KSDK_1.2.0/lib/ksdk_platform_lib/kds/KL25Z4/debug/libksdk_platform.a(fsl_clock_MKL25Z4.o)
 .rodata.__func__.6521
                0x00005464       0x1a C:/Freescale/KSDK_1.2.0/lib/ksdk_platform_lib/kds/KL25Z4/debug/libksdk_platform.a(fsl_clock_MKL25Z4.o)
 .rodata.__func__.6516
                0x0000547e       0x1b C:/Freescale/KSDK_1.2.0/lib/ksdk_platform_lib/kds/KL25Z4/debug/libksdk_platform.a(fsl_clock_MKL25Z4.o)
 .rodata.str1.1
                0x00005499      0x225 C:/Freescale/KSDK_1.2.0/lib/ksdk_platform_lib/kds/KL25Z4/debug/libksdk_platform.a(fsl_clock_MKL25Z4.o)
 *fill*         0x000056be        0x2 
 .rodata.g_oscBase
                0x000056c0        0x4 C:/Freescale/KSDK_1.2.0/lib/ksdk_platform_lib/kds/KL25Z4/debug/libksdk_platform.a(fsl_clock_manager_common.o)
                0x000056c0                g_oscBase
 .rodata.fllFactorTable.5183
                0x000056c4       0x10 C:/Freescale/KSDK_1.2.0/lib/ksdk_platform_lib/kds/KL25Z4/debug/libksdk_platform.a(fsl_mcg_hal.o)
 .rodata.g_lptmrBase
                0x000056d4        0x4 C:/Freescale/KSDK_1.2.0/lib/ksdk_platform_lib/kds/KL25Z4/debug/libksdk_platform.a(fsl_lptmr_common.o)
                0x000056d4                g_lptmrBase
 .rodata.g_lptmrIrqId
                0x000056d8        0x1 C:/Freescale/KSDK_1.2.0/lib/ksdk_platform_lib/kds/KL25Z4/debug/libksdk_platform.a(fsl_lptmr_common.o)
                0x000056d8                g_lptmrIrqId
 .rodata.str1.1
                0x000056d9       0x3c c:/freescale/kds_v3/toolchain/bin/../lib/gcc/arm-none-eabi/4.8.4/../../../../arm-none-eabi/lib/armv6-m\libg_s.a(lib_a-assert.o)
                                 0x3d (size before relaxing)
 .rodata.str1.1
                0x00005715        0x2 c:/freescale/kds_v3/toolchain/bin/../lib/gcc/arm-none-eabi/4.8.4/../../../../arm-none-eabi/lib/armv6-m\libg_s.a(lib_a-impure.o)
 *fill*         0x00005717        0x1 
 .rodata._global_impure_ptr
                0x00005718        0x4 c:/freescale/kds_v3/toolchain/bin/../lib/gcc/arm-none-eabi/4.8.4/../../../../arm-none-eabi/lib/armv6-m\libg_s.a(lib_a-impure.o)
                0x00005718                _global_impure_ptr
 .rodata.str1.1
                0x0000571c       0x11 c:/freescale/kds_v3/toolchain/bin/../lib/gcc/arm-none-eabi/4.8.4/../../../../arm-none-eabi/lib/armv6-m\libg_s.a(lib_a-svfprintf.o)
 .rodata.str1.1
                0x00000000       0x11 c:/freescale/kds_v3/toolchain/bin/../lib/gcc/arm-none-eabi/4.8.4/../../../../arm-none-eabi/lib/armv6-m\libg_s.a(lib_a-vfprintf.o)
 .rodata.str1.1
                0x0000572d       0x22 c:/freescale/kds_v3/toolchain/bin/../lib/gcc/arm-none-eabi/4.8.4/../../../../arm-none-eabi/lib/armv6-m\libg_s.a(lib_a-vfprintf_i.o)
 *fill*         0x0000574f        0x1 
 .rodata.__sf_fake_stdin
                0x00005750       0x20 c:/freescale/kds_v3/toolchain/bin/../lib/gcc/arm-none-eabi/4.8.4/../../../../arm-none-eabi/lib/armv6-m\libg_s.a(lib_a-findfp.o)
                0x00005750                __sf_fake_stdin
 .rodata.__sf_fake_stdout
                0x00005770       0x20 c:/freescale/kds_v3/toolchain/bin/../lib/gcc/arm-none-eabi/4.8.4/../../../../arm-none-eabi/lib/armv6-m\libg_s.a(lib_a-findfp.o)
                0x00005770                __sf_fake_stdout
 .rodata.__sf_fake_stderr
                0x00005790       0x20 c:/freescale/kds_v3/toolchain/bin/../lib/gcc/arm-none-eabi/4.8.4/../../../../arm-none-eabi/lib/armv6-m\libg_s.a(lib_a-findfp.o)
                0x00005790                __sf_fake_stderr
 *(.glue_7)
 .glue_7        0x00000000        0x0 linker stubs
 *(.glue_7t)
 .glue_7t       0x00000000        0x0 linker stubs
 *(.eh_frame)
 .eh_frame      0x000057b0        0x0 c:/freescale/kds_v3/toolchain/bin/../lib/gcc/arm-none-eabi/4.8.4/armv6-m/crtbegin.o
 *(.init)
 .init          0x000057b0        0x4 c:/freescale/kds_v3/toolchain/bin/../lib/gcc/arm-none-eabi/4.8.4/armv6-m/crti.o
                0x000057b0                _init
 .init          0x000057b4        0x8 c:/freescale/kds_v3/toolchain/bin/../lib/gcc/arm-none-eabi/4.8.4/armv6-m/crtn.o
 *(.fini)
 .fini          0x000057bc        0x4 c:/freescale/kds_v3/toolchain/bin/../lib/gcc/arm-none-eabi/4.8.4/armv6-m/crti.o
                0x000057bc                _fini
 .fini          0x000057c0        0x8 c:/freescale/kds_v3/toolchain/bin/../lib/gcc/arm-none-eabi/4.8.4/armv6-m/crtn.o
                0x000057c8                . = ALIGN (0x4)

.vfp11_veneer   0x000057c8        0x0
 .vfp11_veneer  0x00000000        0x0 linker stubs

.v4_bx          0x000057c8        0x0
 .v4_bx         0x00000000        0x0 linker stubs

.iplt           0x000057c8        0x0
 .iplt          0x00000000        0x0 c:/freescale/kds_v3/toolchain/bin/../lib/gcc/arm-none-eabi/4.8.4/armv6-m/crtbegin.o

.ARM.extab
 *(.ARM.extab* .gnu.linkonce.armextab.*)

.ARM            0x000057c8        0x8
                0x000057c8                __exidx_start = .
 *(.ARM.exidx*)
 .ARM.exidx     0x000057c8        0x8 c:/freescale/kds_v3/toolchain/bin/../lib/gcc/arm-none-eabi/4.8.4/../../../../arm-none-eabi/lib/armv6-m/crt0.o
                0x000057d0                __exidx_end = .

.rel.dyn        0x000057d0        0x0
 .rel.iplt      0x00000000        0x0 c:/freescale/kds_v3/toolchain/bin/../lib/gcc/arm-none-eabi/4.8.4/armv6-m/crtbegin.o

.ctors          0x000057d0        0x0
                0x000057d0                __CTOR_LIST__ = .
 *crtbegin.o(.ctors)
 *crtbegin?.o(.ctors)
 *(EXCLUDE_FILE(*crtend.o *crtend?.o) .ctors)
 *(SORT(.ctors.*))
 *(.ctors)
                0x000057d0                __CTOR_END__ = .

.dtors          0x000057d0        0x0
                0x000057d0                __DTOR_LIST__ = .
 *crtbegin.o(.dtors)
 *crtbegin?.o(.dtors)
 *(EXCLUDE_FILE(*crtend.o *crtend?.o) .dtors)
 *(SORT(.dtors.*))
 *(.dtors)
                0x000057d0                __DTOR_END__ = .

.preinit_array  0x000057d0        0x0
                0x000057d0                PROVIDE (__preinit_array_start, .)
 *(.preinit_array*)
                0x000057d0                PROVIDE (__preinit_array_end, .)

.init_array     0x000057d0        0x4
                0x000057d0                PROVIDE (__init_array_start, .)
 *(SORT(.init_array.*))
 *(.init_array*)
 .init_array    0x000057d0        0x4 c:/freescale/kds_v3/toolchain/bin/../lib/gcc/arm-none-eabi/4.8.4/armv6-m/crtbegin.o
                0x000057d4                PROVIDE (__init_array_end, .)

.fini_array     0x000057d4        0x4
                0x000057d4                PROVIDE (__fini_array_start, .)
 *(SORT(.fini_array.*))
 *(.fini_array*)
 .fini_array    0x000057d4        0x4 c:/freescale/kds_v3/toolchain/bin/../lib/gcc/arm-none-eabi/4.8.4/armv6-m/crtbegin.o
                0x000057d8                PROVIDE (__fini_array_end, .)
                0x000057d8                __etext = .
                0x000057d8                __DATA_ROM = .

.mtb            0x1ffff000        0x0
                0x1ffff000                . = ALIGN (0x8)
                0x1ffff000                _mtb_start = .
 *(.mtb_buf)
                0x1ffff000                . = ALIGN (0x8)
                0x1ffff000                _mtb_end = .

.interrupts_ram
                0x1ffff000        0x0
                0x1ffff000                . = ALIGN (0x4)
                0x1ffff000                __VECTOR_RAM__ = .
                0x1ffff000                __interrupts_ram_start__ = .
 *(.m_interrupts_ram)
                0x1ffff000                . = (. + M_VECTOR_RAM_SIZE)
                0x1ffff000                . = ALIGN (0x4)
                0x1ffff000                __interrupts_ram_end__ = .
                0x00000000                __VECTOR_RAM = DEFINED (__ram_vector_table__)?__VECTOR_RAM__:ORIGIN (m_interrupts)
                0x00000000                __RAM_VECTOR_TABLE_SIZE_BYTES = DEFINED (__ram_vector_table__)?(__interrupts_ram_end__ - __interrupts_ram_start__):0x0

.data           0x1ffff000       0x8c load address 0x000057d8
                0x1ffff000                . = ALIGN (0x4)
                0x1ffff000                __DATA_RAM = .
                0x1ffff000                __data_start__ = .
 *(.data)
 *(.data*)
 .data.fCoolerDutyTest
                0x1ffff000        0x8 ./Sources/communicationStateMachine.o
                0x1ffff000                fCoolerDutyTest
 .data.fHeaterDutyTest
                0x1ffff008        0x8 ./Sources/communicationStateMachine.o
                0x1ffff008                fHeaterDutyTest
 .data.lptmrConfig
                0x1ffff010        0x8 ./Sources/lptmr.o
                0x1ffff010                lptmrConfig
 .data.ucTempAlvo
                0x1ffff018        0x1 ./Sources/variaveis_globais.o
                0x1ffff018                ucTempAlvo
 .data.ucDezTempAlvo
                0x1ffff019        0x1 ./Sources/variaveis_globais.o
                0x1ffff019                ucDezTempAlvo
 *fill*         0x1ffff01a        0x2 
 .data.g_slowInternalRefClkFreq
                0x1ffff01c        0x4 C:/Freescale/KSDK_1.2.0/lib/ksdk_platform_lib/kds/KL25Z4/debug/libksdk_platform.a(fsl_mcg_hal.o)
                0x1ffff01c                g_slowInternalRefClkFreq
 .data.g_fastInternalRefClkFreq
                0x1ffff020        0x4 C:/Freescale/KSDK_1.2.0/lib/ksdk_platform_lib/kds/KL25Z4/debug/libksdk_platform.a(fsl_mcg_hal.o)
                0x1ffff020                g_fastInternalRefClkFreq
 .data.impure_data
                0x1ffff024       0x60 c:/freescale/kds_v3/toolchain/bin/../lib/gcc/arm-none-eabi/4.8.4/../../../../arm-none-eabi/lib/armv6-m\libg_s.a(lib_a-impure.o)
 .data._impure_ptr
                0x1ffff084        0x4 c:/freescale/kds_v3/toolchain/bin/../lib/gcc/arm-none-eabi/4.8.4/../../../../arm-none-eabi/lib/armv6-m\libg_s.a(lib_a-impure.o)
                0x1ffff084                _impure_ptr
 *(.jcr*)
 .jcr           0x1ffff088        0x0 c:/freescale/kds_v3/toolchain/bin/../lib/gcc/arm-none-eabi/4.8.4/armv6-m/crtbegin.o
 .jcr           0x1ffff088        0x4 c:/freescale/kds_v3/toolchain/bin/../lib/gcc/arm-none-eabi/4.8.4/armv6-m/crtend.o
                0x1ffff08c                . = ALIGN (0x4)
                0x1ffff08c                __data_end__ = .
                0x00005864                __DATA_END = (__DATA_ROM + (__data_end__ - __data_start__))

.igot.plt       0x1ffff08c        0x0 load address 0x00005864
 .igot.plt      0x00000000        0x0 c:/freescale/kds_v3/toolchain/bin/../lib/gcc/arm-none-eabi/4.8.4/armv6-m/crtbegin.o

.bss            0x1ffff08c       0x90 load address 0x00005864
                0x1ffff08c                . = ALIGN (0x4)
                0x1ffff08c                __START_BSS = .
                0x1ffff08c                __bss_start__ = .
 *(.bss)
 .bss           0x1ffff08c       0x1c c:/freescale/kds_v3/toolchain/bin/../lib/gcc/arm-none-eabi/4.8.4/armv6-m/crtbegin.o
 *(.bss*)
 .bss.ucCurrentState
                0x1ffff0a8        0x1 ./Sources/communicationStateMachine.o
                0x1ffff0a8                ucCurrentState
 .bss.ucValueCounter
                0x1ffff0a9        0x1 ./Sources/communicationStateMachine.o
                0x1ffff0a9                ucValueCounter
 .bss.ucParam.4393
                0x1ffff0aa        0x1 ./Sources/communicationStateMachine.o
 *fill*         0x1ffff0ab        0x1 
 .bss.ucValue.4394
                0x1ffff0ac        0x8 ./Sources/communicationStateMachine.o
 .bss.s_debugConsole
                0x1ffff0b4       0x10 ./Sources/fsl_debug_console.o
 .bss.cLedSwi1  0x1ffff0c4        0x1 ./Sources/ledSwi.o
                0x1ffff0c4                cLedSwi1
 .bss.cLedSwi2  0x1ffff0c5        0x1 ./Sources/ledSwi.o
                0x1ffff0c5                cLedSwi2
 .bss.cLedSwi3  0x1ffff0c6        0x1 ./Sources/ledSwi.o
                0x1ffff0c6                cLedSwi3
 .bss.cLedSwi4  0x1ffff0c7        0x1 ./Sources/ledSwi.o
                0x1ffff0c7                cLedSwi4
 .bss.ucError   0x1ffff0c8        0x1 ./Sources/ledSwi.o
                0x1ffff0c8                ucError
 .bss.ucContador1
                0x1ffff0c9        0x1 ./Sources/main.o
                0x1ffff0c9                ucContador1
 .bss.ucContador2
                0x1ffff0ca        0x1 ./Sources/main.o
                0x1ffff0ca                ucContador2
 .bss.ucContadorCtrl
                0x1ffff0cb        0x1 ./Sources/main.o
                0x1ffff0cb                ucContadorCtrl
 .bss.ucD7Flag  0x1ffff0cc        0x1 ./Sources/main.o
                0x1ffff0cc                ucD7Flag
 .bss.ucLCDFlag
                0x1ffff0cd        0x1 ./Sources/main.o
                0x1ffff0cd                ucLCDFlag
 .bss.ucTempAtual
                0x1ffff0ce        0x1 ./Sources/variaveis_globais.o
                0x1ffff0ce                ucTempAtual
 .bss.ucUnTempAlvo
                0x1ffff0cf        0x1 ./Sources/variaveis_globais.o
                0x1ffff0cf                ucUnTempAlvo
 .bss.ucUnTempAtual
                0x1ffff0d0        0x1 ./Sources/variaveis_globais.o
                0x1ffff0d0                ucUnTempAtual
 .bss.ucDezTempAtual
                0x1ffff0d1        0x1 ./Sources/variaveis_globais.o
                0x1ffff0d1                ucDezTempAtual
 *fill*         0x1ffff0d2        0x2 
 .bss.fDutyCycle_Heater
                0x1ffff0d4        0x4 ./Sources/variaveis_globais.o
                0x1ffff0d4                fDutyCycle_Heater
 .bss.fKp       0x1ffff0d8        0x4 ./Sources/variaveis_globais.o
                0x1ffff0d8                fKp
 .bss.fKi       0x1ffff0dc        0x4 ./Sources/variaveis_globais.o
                0x1ffff0dc                fKi
 .bss.fKd       0x1ffff0e0        0x4 ./Sources/variaveis_globais.o
                0x1ffff0e0                fKd
 .bss.lptmr_state_ptrs
                0x1ffff0e4        0x4 C:/Freescale/KSDK_1.2.0/lib/ksdk_platform_lib/kds/KL25Z4/debug/libksdk_platform.a(fsl_lptmr_driver.o)
 .bss.g_xtal0ClkFreq
                0x1ffff0e8        0x4 C:/Freescale/KSDK_1.2.0/lib/ksdk_platform_lib/kds/KL25Z4/debug/libksdk_platform.a(fsl_mcg_hal.o)
                0x1ffff0e8                g_xtal0ClkFreq
 .bss.g_xtalRtcClkFreq
                0x1ffff0ec        0x4 C:/Freescale/KSDK_1.2.0/lib/ksdk_platform_lib/kds/KL25Z4/debug/libksdk_platform.a(fsl_mcg_hal.o)
                0x1ffff0ec                g_xtalRtcClkFreq
 .bss.__malloc_sbrk_start
                0x1ffff0f0        0x4 c:/freescale/kds_v3/toolchain/bin/../lib/gcc/arm-none-eabi/4.8.4/../../../../arm-none-eabi/lib/armv6-m\libg_s.a(lib_a-nano-mallocr.o)
                0x1ffff0f0                __malloc_sbrk_start
 .bss.__malloc_free_list
                0x1ffff0f4        0x4 c:/freescale/kds_v3/toolchain/bin/../lib/gcc/arm-none-eabi/4.8.4/../../../../arm-none-eabi/lib/armv6-m\libg_s.a(lib_a-nano-mallocr.o)
                0x1ffff0f4                __malloc_free_list
 .bss.heap_end.4246
                0x1ffff0f8        0x4 c:/freescale/kds_v3/toolchain/bin/../lib/gcc/arm-none-eabi/4.8.4/../../../../arm-none-eabi/lib/armv6-m\libnosys.a(sbrk.o)
 *(COMMON)
 COMMON         0x1ffff0fc        0x8 ./Sources/lptmr.o
                0x1ffff0fc                lptmrState
 COMMON         0x1ffff104       0x14 ./Sources/pid.o
                0x1ffff104                pidConfig
 COMMON         0x1ffff118        0x4 c:/freescale/kds_v3/toolchain/bin/../lib/gcc/arm-none-eabi/4.8.4/../../../../arm-none-eabi/lib/armv6-m\libg_s.a(lib_a-reent.o)
                0x1ffff118                errno
                0x1ffff11c                . = ALIGN (0x4)
                0x1ffff11c                __bss_end__ = .
                0x1ffff11c                __END_BSS = .

.heap           0x1ffff11c      0x404 load address 0x000058f4
                0x1ffff120                . = ALIGN (0x8)
 *fill*         0x1ffff11c        0x4 
                0x1ffff120                __end__ = .
                0x1ffff120                PROVIDE (end, .)
                0x1ffff120                __HeapBase = .
                0x1ffff520                . = (. + HEAP_SIZE)
 *fill*         0x1ffff120      0x400 
                0x1ffff520                __HeapLimit = .

.stack          0x1ffff520      0x400 load address 0x00005cf8
                0x1ffff520                . = ALIGN (0x8)
                0x1ffff920                . = (. + STACK_SIZE)
 *fill*         0x1ffff520      0x400 
                0x20003000                __StackTop = (ORIGIN (m_data) + 0x4000)
                0x20002c00                __StackLimit = (__StackTop - STACK_SIZE)
                0x20003000                PROVIDE (__stack, __StackTop)

.ARM.attributes
                0x00000000       0x28
 *(.ARM.attributes)
 .ARM.attributes
                0x00000000       0x1e c:/freescale/kds_v3/toolchain/bin/../lib/gcc/arm-none-eabi/4.8.4/armv6-m/crti.o
 .ARM.attributes
                0x0000001e       0x2c c:/freescale/kds_v3/toolchain/bin/../lib/gcc/arm-none-eabi/4.8.4/armv6-m/crtbegin.o
 .ARM.attributes
                0x0000004a       0x1b c:/freescale/kds_v3/toolchain/bin/../lib/gcc/arm-none-eabi/4.8.4/../../../../arm-none-eabi/lib/armv6-m/crt0.o
 .ARM.attributes
                0x00000065       0x32 ./Sources/UART.o
 .ARM.attributes
                0x00000097       0x32 ./Sources/adc.o
 .ARM.attributes
                0x000000c9       0x32 ./Sources/aquecedorECooler.o
 .ARM.attributes
                0x000000fb       0x32 ./Sources/communicationStateMachine.o
 .ARM.attributes
                0x0000012d       0x32 ./Sources/display7seg.o
 .ARM.attributes
                0x0000015f       0x32 ./Sources/fsl_debug_console.o
 .ARM.attributes
                0x00000191       0x32 ./Sources/lcd.o
 .ARM.attributes
                0x000001c3       0x32 ./Sources/ledSwi.o
 .ARM.attributes
                0x000001f5       0x32 ./Sources/lptmr.o
 .ARM.attributes
                0x00000227       0x32 ./Sources/lut_adc_3v3.o
 .ARM.attributes
                0x00000259       0x32 ./Sources/main.o
 .ARM.attributes
                0x0000028b       0x32 ./Sources/pid.o
 .ARM.attributes
                0x000002bd       0x32 ./Sources/print_scan.o
 .ARM.attributes
                0x000002ef       0x32 ./Sources/sensTemp.o
 .ARM.attributes
                0x00000321       0x32 ./Sources/util.o
 .ARM.attributes
                0x00000353       0x32 ./Sources/variaveis_globais.o
 .ARM.attributes
                0x00000385       0x32 ./Project_Settings/Startup_Code/startup.o
 .ARM.attributes
                0x000003b7       0x1b ./Project_Settings/Startup_Code/startup_MKL25Z4.o
 .ARM.attributes
                0x000003d2       0x32 ./Project_Settings/Startup_Code/system_MKL25Z4.o
 .ARM.attributes
                0x00000404       0x32 C:/Freescale/KSDK_1.2.0/lib/ksdk_platform_lib/kds/KL25Z4/debug/libksdk_platform.a(fsl_uart_hal.o)
 .ARM.attributes
                0x00000436       0x32 C:/Freescale/KSDK_1.2.0/lib/ksdk_platform_lib/kds/KL25Z4/debug/libksdk_platform.a(fsl_lptmr_driver.o)
 .ARM.attributes
                0x00000468       0x32 C:/Freescale/KSDK_1.2.0/lib/ksdk_platform_lib/kds/KL25Z4/debug/libksdk_platform.a(fsl_lpsci_hal.o)
 .ARM.attributes
                0x0000049a       0x32 C:/Freescale/KSDK_1.2.0/lib/ksdk_platform_lib/kds/KL25Z4/debug/libksdk_platform.a(fsl_clock_MKL25Z4.o)
 .ARM.attributes
                0x000004cc       0x32 C:/Freescale/KSDK_1.2.0/lib/ksdk_platform_lib/kds/KL25Z4/debug/libksdk_platform.a(fsl_clock_manager_common.o)
 .ARM.attributes
                0x000004fe       0x32 C:/Freescale/KSDK_1.2.0/lib/ksdk_platform_lib/kds/KL25Z4/debug/libksdk_platform.a(fsl_mcg_hal.o)
 .ARM.attributes
                0x00000530       0x32 C:/Freescale/KSDK_1.2.0/lib/ksdk_platform_lib/kds/KL25Z4/debug/libksdk_platform.a(fsl_lptmr_hal.o)
 .ARM.attributes
                0x00000562       0x32 C:/Freescale/KSDK_1.2.0/lib/ksdk_platform_lib/kds/KL25Z4/debug/libksdk_platform.a(fsl_lptmr_common.o)
 .ARM.attributes
                0x00000594       0x1e c:/freescale/kds_v3/toolchain/bin/../lib/gcc/arm-none-eabi/4.8.4/armv6-m\libgcc.a(_thumb1_case_uqi.o)
 .ARM.attributes
                0x000005b2       0x1e c:/freescale/kds_v3/toolchain/bin/../lib/gcc/arm-none-eabi/4.8.4/armv6-m\libgcc.a(_udivsi3.o)
 .ARM.attributes
                0x000005d0       0x1e c:/freescale/kds_v3/toolchain/bin/../lib/gcc/arm-none-eabi/4.8.4/armv6-m\libgcc.a(_divsi3.o)
 .ARM.attributes
                0x000005ee       0x1e c:/freescale/kds_v3/toolchain/bin/../lib/gcc/arm-none-eabi/4.8.4/armv6-m\libgcc.a(_dvmd_tls.o)
 .ARM.attributes
                0x0000060c       0x1e c:/freescale/kds_v3/toolchain/bin/../lib/gcc/arm-none-eabi/4.8.4/armv6-m\libgcc.a(_arm_cmpsf2.o)
 .ARM.attributes
                0x0000062a       0x2c c:/freescale/kds_v3/toolchain/bin/../lib/gcc/arm-none-eabi/4.8.4/armv6-m\libgcc.a(_fixunssfsi.o)
 .ARM.attributes
                0x00000656       0x2c c:/freescale/kds_v3/toolchain/bin/../lib/gcc/arm-none-eabi/4.8.4/armv6-m\libgcc.a(addsf3.o)
 .ARM.attributes
                0x00000682       0x2c c:/freescale/kds_v3/toolchain/bin/../lib/gcc/arm-none-eabi/4.8.4/armv6-m\libgcc.a(eqsf2.o)
 .ARM.attributes
                0x000006ae       0x2c c:/freescale/kds_v3/toolchain/bin/../lib/gcc/arm-none-eabi/4.8.4/armv6-m\libgcc.a(gesf2.o)
 .ARM.attributes
                0x000006da       0x2c c:/freescale/kds_v3/toolchain/bin/../lib/gcc/arm-none-eabi/4.8.4/armv6-m\libgcc.a(lesf2.o)
 .ARM.attributes
                0x00000706       0x2c c:/freescale/kds_v3/toolchain/bin/../lib/gcc/arm-none-eabi/4.8.4/armv6-m\libgcc.a(mulsf3.o)
 .ARM.attributes
                0x00000732       0x2c c:/freescale/kds_v3/toolchain/bin/../lib/gcc/arm-none-eabi/4.8.4/armv6-m\libgcc.a(subsf3.o)
 .ARM.attributes
                0x0000075e       0x2c c:/freescale/kds_v3/toolchain/bin/../lib/gcc/arm-none-eabi/4.8.4/armv6-m\libgcc.a(fixsfsi.o)
 .ARM.attributes
                0x0000078a       0x2c c:/freescale/kds_v3/toolchain/bin/../lib/gcc/arm-none-eabi/4.8.4/armv6-m\libgcc.a(floatsisf.o)
 .ARM.attributes
                0x000007b6       0x2c c:/freescale/kds_v3/toolchain/bin/../lib/gcc/arm-none-eabi/4.8.4/armv6-m\libgcc.a(floatunsisf.o)
 .ARM.attributes
                0x000007e2       0x2c c:/freescale/kds_v3/toolchain/bin/../lib/gcc/arm-none-eabi/4.8.4/armv6-m\libgcc.a(extendsfdf2.o)
 .ARM.attributes
                0x0000080e       0x1e c:/freescale/kds_v3/toolchain/bin/../lib/gcc/arm-none-eabi/4.8.4/armv6-m\libgcc.a(_clzsi2.o)
 .ARM.attributes
                0x0000082c       0x2c c:/freescale/kds_v3/toolchain/bin/../lib/gcc/arm-none-eabi/4.8.4/../../../../arm-none-eabi/lib/armv6-m\libg_s.a(lib_a-assert.o)
 .ARM.attributes
                0x00000858       0x2c c:/freescale/kds_v3/toolchain/bin/../lib/gcc/arm-none-eabi/4.8.4/../../../../arm-none-eabi/lib/armv6-m\libg_s.a(lib_a-exit.o)
 .ARM.attributes
                0x00000884       0x2c c:/freescale/kds_v3/toolchain/bin/../lib/gcc/arm-none-eabi/4.8.4/../../../../arm-none-eabi/lib/armv6-m\libg_s.a(lib_a-fprintf.o)
 .ARM.attributes
                0x000008b0       0x2c c:/freescale/kds_v3/toolchain/bin/../lib/gcc/arm-none-eabi/4.8.4/../../../../arm-none-eabi/lib/armv6-m\libg_s.a(lib_a-impure.o)
 .ARM.attributes
                0x000008dc       0x2c c:/freescale/kds_v3/toolchain/bin/../lib/gcc/arm-none-eabi/4.8.4/../../../../arm-none-eabi/lib/armv6-m\libg_s.a(lib_a-init.o)
 .ARM.attributes
                0x00000908       0x2c c:/freescale/kds_v3/toolchain/bin/../lib/gcc/arm-none-eabi/4.8.4/../../../../arm-none-eabi/lib/armv6-m\libg_s.a(lib_a-memset.o)
 .ARM.attributes
                0x00000934       0x2c c:/freescale/kds_v3/toolchain/bin/../lib/gcc/arm-none-eabi/4.8.4/../../../../arm-none-eabi/lib/armv6-m\libg_s.a(lib_a-nano-freer.o)
 .ARM.attributes
                0x00000960       0x2c c:/freescale/kds_v3/toolchain/bin/../lib/gcc/arm-none-eabi/4.8.4/../../../../arm-none-eabi/lib/armv6-m\libg_s.a(lib_a-nano-mallocr.o)
 .ARM.attributes
                0x0000098c       0x2c c:/freescale/kds_v3/toolchain/bin/../lib/gcc/arm-none-eabi/4.8.4/../../../../arm-none-eabi/lib/armv6-m\libg_s.a(lib_a-sbrkr.o)
 .ARM.attributes
                0x000009b8       0x2c c:/freescale/kds_v3/toolchain/bin/../lib/gcc/arm-none-eabi/4.8.4/../../../../arm-none-eabi/lib/armv6-m\libg_s.a(lib_a-sprintf.o)
 .ARM.attributes
                0x000009e4       0x2c c:/freescale/kds_v3/toolchain/bin/../lib/gcc/arm-none-eabi/4.8.4/../../../../arm-none-eabi/lib/armv6-m\libg_s.a(lib_a-strlen.o)
 .ARM.attributes
                0x00000a10       0x2c c:/freescale/kds_v3/toolchain/bin/../lib/gcc/arm-none-eabi/4.8.4/../../../../arm-none-eabi/lib/armv6-m\libg_s.a(lib_a-svfprintf.o)
 .ARM.attributes
                0x00000a3c       0x2c c:/freescale/kds_v3/toolchain/bin/../lib/gcc/arm-none-eabi/4.8.4/../../../../arm-none-eabi/lib/armv6-m\libg_s.a(lib_a-vfprintf.o)
 .ARM.attributes
                0x00000a68       0x2c c:/freescale/kds_v3/toolchain/bin/../lib/gcc/arm-none-eabi/4.8.4/../../../../arm-none-eabi/lib/armv6-m\libg_s.a(lib_a-vfprintf_i.o)
 .ARM.attributes
                0x00000a94       0x2c c:/freescale/kds_v3/toolchain/bin/../lib/gcc/arm-none-eabi/4.8.4/../../../../arm-none-eabi/lib/armv6-m\libg_s.a(lib_a-wbuf.o)
 .ARM.attributes
                0x00000ac0       0x2c c:/freescale/kds_v3/toolchain/bin/../lib/gcc/arm-none-eabi/4.8.4/../../../../arm-none-eabi/lib/armv6-m\libg_s.a(lib_a-wsetup.o)
 .ARM.attributes
                0x00000aec       0x2c c:/freescale/kds_v3/toolchain/bin/../lib/gcc/arm-none-eabi/4.8.4/../../../../arm-none-eabi/lib/armv6-m\libg_s.a(lib_a-abort.o)
 .ARM.attributes
                0x00000b18       0x2c c:/freescale/kds_v3/toolchain/bin/../lib/gcc/arm-none-eabi/4.8.4/../../../../arm-none-eabi/lib/armv6-m\libg_s.a(lib_a-fflush.o)
 .ARM.attributes
                0x00000b44       0x2c c:/freescale/kds_v3/toolchain/bin/../lib/gcc/arm-none-eabi/4.8.4/../../../../arm-none-eabi/lib/armv6-m\libg_s.a(lib_a-findfp.o)
 .ARM.attributes
                0x00000b70       0x2c c:/freescale/kds_v3/toolchain/bin/../lib/gcc/arm-none-eabi/4.8.4/../../../../arm-none-eabi/lib/armv6-m\libg_s.a(lib_a-makebuf.o)
 .ARM.attributes
                0x00000b9c       0x2c c:/freescale/kds_v3/toolchain/bin/../lib/gcc/arm-none-eabi/4.8.4/../../../../arm-none-eabi/lib/armv6-m\libg_s.a(lib_a-memchr-stub.o)
 .ARM.attributes
                0x00000bc8       0x2c c:/freescale/kds_v3/toolchain/bin/../lib/gcc/arm-none-eabi/4.8.4/../../../../arm-none-eabi/lib/armv6-m\libg_s.a(lib_a-memcpy-stub.o)
 .ARM.attributes
                0x00000bf4       0x2c c:/freescale/kds_v3/toolchain/bin/../lib/gcc/arm-none-eabi/4.8.4/../../../../arm-none-eabi/lib/armv6-m\libg_s.a(lib_a-memmove.o)
 .ARM.attributes
                0x00000c20       0x2c c:/freescale/kds_v3/toolchain/bin/../lib/gcc/arm-none-eabi/4.8.4/../../../../arm-none-eabi/lib/armv6-m\libg_s.a(lib_a-nano-reallocr.o)
 .ARM.attributes
                0x00000c4c       0x2c c:/freescale/kds_v3/toolchain/bin/../lib/gcc/arm-none-eabi/4.8.4/../../../../arm-none-eabi/lib/armv6-m\libg_s.a(lib_a-reent.o)
 .ARM.attributes
                0x00000c78       0x2c c:/freescale/kds_v3/toolchain/bin/../lib/gcc/arm-none-eabi/4.8.4/../../../../arm-none-eabi/lib/armv6-m\libg_s.a(lib_a-signal.o)
 .ARM.attributes
                0x00000ca4       0x2c c:/freescale/kds_v3/toolchain/bin/../lib/gcc/arm-none-eabi/4.8.4/../../../../arm-none-eabi/lib/armv6-m\libg_s.a(lib_a-signalr.o)
 .ARM.attributes
                0x00000cd0       0x2c c:/freescale/kds_v3/toolchain/bin/../lib/gcc/arm-none-eabi/4.8.4/../../../../arm-none-eabi/lib/armv6-m\libg_s.a(lib_a-stdio.o)
 .ARM.attributes
                0x00000cfc       0x2c c:/freescale/kds_v3/toolchain/bin/../lib/gcc/arm-none-eabi/4.8.4/../../../../arm-none-eabi/lib/armv6-m\libg_s.a(lib_a-writer.o)
 .ARM.attributes
                0x00000d28       0x2c c:/freescale/kds_v3/toolchain/bin/../lib/gcc/arm-none-eabi/4.8.4/../../../../arm-none-eabi/lib/armv6-m\libg_s.a(lib_a-closer.o)
 .ARM.attributes
                0x00000d54       0x2c c:/freescale/kds_v3/toolchain/bin/../lib/gcc/arm-none-eabi/4.8.4/../../../../arm-none-eabi/lib/armv6-m\libg_s.a(lib_a-fstatr.o)
 .ARM.attributes
                0x00000d80       0x2c c:/freescale/kds_v3/toolchain/bin/../lib/gcc/arm-none-eabi/4.8.4/../../../../arm-none-eabi/lib/armv6-m\libg_s.a(lib_a-isattyr.o)
 .ARM.attributes
                0x00000dac       0x2c c:/freescale/kds_v3/toolchain/bin/../lib/gcc/arm-none-eabi/4.8.4/../../../../arm-none-eabi/lib/armv6-m\libg_s.a(lib_a-lseekr.o)
 .ARM.attributes
                0x00000dd8       0x2c c:/freescale/kds_v3/toolchain/bin/../lib/gcc/arm-none-eabi/4.8.4/../../../../arm-none-eabi/lib/armv6-m\libg_s.a(lib_a-nano-msizer.o)
 .ARM.attributes
                0x00000e04       0x2c c:/freescale/kds_v3/toolchain/bin/../lib/gcc/arm-none-eabi/4.8.4/../../../../arm-none-eabi/lib/armv6-m\libg_s.a(lib_a-readr.o)
 .ARM.attributes
                0x00000e30       0x2c c:/freescale/kds_v3/toolchain/bin/../lib/gcc/arm-none-eabi/4.8.4/../../../../arm-none-eabi/lib/armv6-m\libnosys.a(close.o)
 .ARM.attributes
                0x00000e5c       0x2c c:/freescale/kds_v3/toolchain/bin/../lib/gcc/arm-none-eabi/4.8.4/../../../../arm-none-eabi/lib/armv6-m\libnosys.a(fstat.o)
 .ARM.attributes
                0x00000e88       0x2c c:/freescale/kds_v3/toolchain/bin/../lib/gcc/arm-none-eabi/4.8.4/../../../../arm-none-eabi/lib/armv6-m\libnosys.a(getpid.o)
 .ARM.attributes
                0x00000eb4       0x2c c:/freescale/kds_v3/toolchain/bin/../lib/gcc/arm-none-eabi/4.8.4/../../../../arm-none-eabi/lib/armv6-m\libnosys.a(isatty.o)
 .ARM.attributes
                0x00000ee0       0x2c c:/freescale/kds_v3/toolchain/bin/../lib/gcc/arm-none-eabi/4.8.4/../../../../arm-none-eabi/lib/armv6-m\libnosys.a(kill.o)
 .ARM.attributes
                0x00000f0c       0x2c c:/freescale/kds_v3/toolchain/bin/../lib/gcc/arm-none-eabi/4.8.4/../../../../arm-none-eabi/lib/armv6-m\libnosys.a(lseek.o)
 .ARM.attributes
                0x00000f38       0x2c c:/freescale/kds_v3/toolchain/bin/../lib/gcc/arm-none-eabi/4.8.4/../../../../arm-none-eabi/lib/armv6-m\libnosys.a(sbrk.o)
 .ARM.attributes
                0x00000f64       0x2c c:/freescale/kds_v3/toolchain/bin/../lib/gcc/arm-none-eabi/4.8.4/../../../../arm-none-eabi/lib/armv6-m\libnosys.a(_exit.o)
 .ARM.attributes
                0x00000f90       0x2c c:/freescale/kds_v3/toolchain/bin/../lib/gcc/arm-none-eabi/4.8.4/armv6-m/crtend.o
 .ARM.attributes
                0x00000fbc       0x1e c:/freescale/kds_v3/toolchain/bin/../lib/gcc/arm-none-eabi/4.8.4/armv6-m/crtn.o
                0x00000001                ASSERT ((__StackLimit >= __HeapLimit), region m_data overflowed with stack and heap)
OUTPUT(PID.elf elf32-littlearm)

.debug_info     0x00000000     0xa93e
 .debug_info    0x00000000      0x72a ./Sources/UART.o
 .debug_info    0x0000072a      0x4d2 ./Sources/adc.o
 .debug_info    0x00000bfc      0x484 ./Sources/aquecedorECooler.o
 .debug_info    0x00001080      0x26f ./Sources/communicationStateMachine.o
 .debug_info    0x000012ef      0x40f ./Sources/display7seg.o
 .debug_info    0x000016fe      0xa71 ./Sources/fsl_debug_console.o
 .debug_info    0x0000216f      0x4fc ./Sources/lcd.o
 .debug_info    0x0000266b      0x4d8 ./Sources/ledSwi.o
 .debug_info    0x00002b43      0x310 ./Sources/lptmr.o
 .debug_info    0x00002e53       0x56 ./Sources/lut_adc_3v3.o
 .debug_info    0x00002ea9      0x2f9 ./Sources/main.o
 .debug_info    0x000031a2      0x1c7 ./Sources/pid.o
 .debug_info    0x00003369      0x5eb ./Sources/print_scan.o
 .debug_info    0x00003954       0xd2 ./Sources/sensTemp.o
 .debug_info    0x00003a26      0x114 ./Sources/util.o
 .debug_info    0x00003b3a       0xda ./Sources/variaveis_globais.o
 .debug_info    0x00003c14      0x296 ./Project_Settings/Startup_Code/startup.o
 .debug_info    0x00003eaa       0x89 ./Project_Settings/Startup_Code/startup_MKL25Z4.o
 .debug_info    0x00003f33      0x3f4 ./Project_Settings/Startup_Code/system_MKL25Z4.o
 .debug_info    0x00004327      0x934 C:/Freescale/KSDK_1.2.0/lib/ksdk_platform_lib/kds/KL25Z4/debug/libksdk_platform.a(fsl_uart_hal.o)
 .debug_info    0x00004c5b     0x151f C:/Freescale/KSDK_1.2.0/lib/ksdk_platform_lib/kds/KL25Z4/debug/libksdk_platform.a(fsl_lptmr_driver.o)
 .debug_info    0x0000617a      0x9e2 C:/Freescale/KSDK_1.2.0/lib/ksdk_platform_lib/kds/KL25Z4/debug/libksdk_platform.a(fsl_lpsci_hal.o)
 .debug_info    0x00006b5c     0x2546 C:/Freescale/KSDK_1.2.0/lib/ksdk_platform_lib/kds/KL25Z4/debug/libksdk_platform.a(fsl_clock_MKL25Z4.o)
 .debug_info    0x000090a2      0x448 C:/Freescale/KSDK_1.2.0/lib/ksdk_platform_lib/kds/KL25Z4/debug/libksdk_platform.a(fsl_clock_manager_common.o)
 .debug_info    0x000094ea      0xd33 C:/Freescale/KSDK_1.2.0/lib/ksdk_platform_lib/kds/KL25Z4/debug/libksdk_platform.a(fsl_mcg_hal.o)
 .debug_info    0x0000a21d      0x506 C:/Freescale/KSDK_1.2.0/lib/ksdk_platform_lib/kds/KL25Z4/debug/libksdk_platform.a(fsl_lptmr_hal.o)
 .debug_info    0x0000a723      0x21b C:/Freescale/KSDK_1.2.0/lib/ksdk_platform_lib/kds/KL25Z4/debug/libksdk_platform.a(fsl_lptmr_common.o)

.debug_abbrev   0x00000000     0x2658
 .debug_abbrev  0x00000000      0x17a ./Sources/UART.o
 .debug_abbrev  0x0000017a      0x114 ./Sources/adc.o
 .debug_abbrev  0x0000028e      0x137 ./Sources/aquecedorECooler.o
 .debug_abbrev  0x000003c5      0x10a ./Sources/communicationStateMachine.o
 .debug_abbrev  0x000004cf      0x110 ./Sources/display7seg.o
 .debug_abbrev  0x000005df      0x23a ./Sources/fsl_debug_console.o
 .debug_abbrev  0x00000819      0x15f ./Sources/lcd.o
 .debug_abbrev  0x00000978      0x145 ./Sources/ledSwi.o
 .debug_abbrev  0x00000abd       0xf5 ./Sources/lptmr.o
 .debug_abbrev  0x00000bb2       0x48 ./Sources/lut_adc_3v3.o
 .debug_abbrev  0x00000bfa      0x111 ./Sources/main.o
 .debug_abbrev  0x00000d0b      0x102 ./Sources/pid.o
 .debug_abbrev  0x00000e0d      0x1b6 ./Sources/print_scan.o
 .debug_abbrev  0x00000fc3       0xc8 ./Sources/sensTemp.o
 .debug_abbrev  0x0000108b       0xa4 ./Sources/util.o
 .debug_abbrev  0x0000112f       0x40 ./Sources/variaveis_globais.o
 .debug_abbrev  0x0000116f       0xe9 ./Project_Settings/Startup_Code/startup.o
 .debug_abbrev  0x00001258       0x14 ./Project_Settings/Startup_Code/startup_MKL25Z4.o
 .debug_abbrev  0x0000126c      0x109 ./Project_Settings/Startup_Code/system_MKL25Z4.o
 .debug_abbrev  0x00001375      0x27e C:/Freescale/KSDK_1.2.0/lib/ksdk_platform_lib/kds/KL25Z4/debug/libksdk_platform.a(fsl_uart_hal.o)
 .debug_abbrev  0x000015f3      0x3af C:/Freescale/KSDK_1.2.0/lib/ksdk_platform_lib/kds/KL25Z4/debug/libksdk_platform.a(fsl_lptmr_driver.o)
 .debug_abbrev  0x000019a2      0x228 C:/Freescale/KSDK_1.2.0/lib/ksdk_platform_lib/kds/KL25Z4/debug/libksdk_platform.a(fsl_lpsci_hal.o)
 .debug_abbrev  0x00001bca      0x445 C:/Freescale/KSDK_1.2.0/lib/ksdk_platform_lib/kds/KL25Z4/debug/libksdk_platform.a(fsl_clock_MKL25Z4.o)
 .debug_abbrev  0x0000200f       0xdb C:/Freescale/KSDK_1.2.0/lib/ksdk_platform_lib/kds/KL25Z4/debug/libksdk_platform.a(fsl_clock_manager_common.o)
 .debug_abbrev  0x000020ea      0x314 C:/Freescale/KSDK_1.2.0/lib/ksdk_platform_lib/kds/KL25Z4/debug/libksdk_platform.a(fsl_mcg_hal.o)
 .debug_abbrev  0x000023fe      0x1ac C:/Freescale/KSDK_1.2.0/lib/ksdk_platform_lib/kds/KL25Z4/debug/libksdk_platform.a(fsl_lptmr_hal.o)
 .debug_abbrev  0x000025aa       0xae C:/Freescale/KSDK_1.2.0/lib/ksdk_platform_lib/kds/KL25Z4/debug/libksdk_platform.a(fsl_lptmr_common.o)

.debug_aranges  0x00000000      0x8e0
 .debug_aranges
                0x00000000       0x40 ./Sources/UART.o
 .debug_aranges
                0x00000040       0x38 ./Sources/adc.o
 .debug_aranges
                0x00000078       0x48 ./Sources/aquecedorECooler.o
 .debug_aranges
                0x000000c0       0x30 ./Sources/communicationStateMachine.o
 .debug_aranges
                0x000000f0       0x38 ./Sources/display7seg.o
 .debug_aranges
                0x00000128       0xa0 ./Sources/fsl_debug_console.o
 .debug_aranges
                0x000001c8       0x58 ./Sources/lcd.o
 .debug_aranges
                0x00000220       0x48 ./Sources/ledSwi.o
 .debug_aranges
                0x00000268       0x28 ./Sources/lptmr.o
 .debug_aranges
                0x00000290       0x18 ./Sources/lut_adc_3v3.o
 .debug_aranges
                0x000002a8       0x40 ./Sources/main.o
 .debug_aranges
                0x000002e8       0x58 ./Sources/pid.o
 .debug_aranges
                0x00000340       0x48 ./Sources/print_scan.o
 .debug_aranges
                0x00000388       0x28 ./Sources/sensTemp.o
 .debug_aranges
                0x000003b0       0x48 ./Sources/util.o
 .debug_aranges
                0x000003f8       0x18 ./Sources/variaveis_globais.o
 .debug_aranges
                0x00000410       0x20 ./Project_Settings/Startup_Code/startup.o
 .debug_aranges
                0x00000430       0x20 ./Project_Settings/Startup_Code/startup_MKL25Z4.o
 .debug_aranges
                0x00000450       0x28 ./Project_Settings/Startup_Code/system_MKL25Z4.o
 .debug_aranges
                0x00000478       0xa8 C:/Freescale/KSDK_1.2.0/lib/ksdk_platform_lib/kds/KL25Z4/debug/libksdk_platform.a(fsl_uart_hal.o)
 .debug_aranges
                0x00000520       0x70 C:/Freescale/KSDK_1.2.0/lib/ksdk_platform_lib/kds/KL25Z4/debug/libksdk_platform.a(fsl_lptmr_driver.o)
 .debug_aranges
                0x00000590       0xb0 C:/Freescale/KSDK_1.2.0/lib/ksdk_platform_lib/kds/KL25Z4/debug/libksdk_platform.a(fsl_lpsci_hal.o)
 .debug_aranges
                0x00000640      0x198 C:/Freescale/KSDK_1.2.0/lib/ksdk_platform_lib/kds/KL25Z4/debug/libksdk_platform.a(fsl_clock_MKL25Z4.o)
 .debug_aranges
                0x000007d8       0x18 C:/Freescale/KSDK_1.2.0/lib/ksdk_platform_lib/kds/KL25Z4/debug/libksdk_platform.a(fsl_clock_manager_common.o)
 .debug_aranges
                0x000007f0       0xa0 C:/Freescale/KSDK_1.2.0/lib/ksdk_platform_lib/kds/KL25Z4/debug/libksdk_platform.a(fsl_mcg_hal.o)
 .debug_aranges
                0x00000890       0x38 C:/Freescale/KSDK_1.2.0/lib/ksdk_platform_lib/kds/KL25Z4/debug/libksdk_platform.a(fsl_lptmr_hal.o)
 .debug_aranges
                0x000008c8       0x18 C:/Freescale/KSDK_1.2.0/lib/ksdk_platform_lib/kds/KL25Z4/debug/libksdk_platform.a(fsl_lptmr_common.o)

.debug_ranges   0x00000000      0x910
 .debug_ranges  0x00000000       0x30 ./Sources/UART.o
 .debug_ranges  0x00000030       0x28 ./Sources/adc.o
 .debug_ranges  0x00000058       0x38 ./Sources/aquecedorECooler.o
 .debug_ranges  0x00000090       0x20 ./Sources/communicationStateMachine.o
 .debug_ranges  0x000000b0       0x28 ./Sources/display7seg.o
 .debug_ranges  0x000000d8       0x90 ./Sources/fsl_debug_console.o
 .debug_ranges  0x00000168       0x48 ./Sources/lcd.o
 .debug_ranges  0x000001b0       0x38 ./Sources/ledSwi.o
 .debug_ranges  0x000001e8       0x18 ./Sources/lptmr.o
 .debug_ranges  0x00000200       0x30 ./Sources/main.o
 .debug_ranges  0x00000230       0x48 ./Sources/pid.o
 .debug_ranges  0x00000278       0x38 ./Sources/print_scan.o
 .debug_ranges  0x000002b0       0x18 ./Sources/sensTemp.o
 .debug_ranges  0x000002c8       0x38 ./Sources/util.o
 .debug_ranges  0x00000300       0x10 ./Project_Settings/Startup_Code/startup.o
 .debug_ranges  0x00000310       0x18 ./Project_Settings/Startup_Code/system_MKL25Z4.o
 .debug_ranges  0x00000328       0xb0 C:/Freescale/KSDK_1.2.0/lib/ksdk_platform_lib/kds/KL25Z4/debug/libksdk_platform.a(fsl_uart_hal.o)
 .debug_ranges  0x000003d8       0xd8 C:/Freescale/KSDK_1.2.0/lib/ksdk_platform_lib/kds/KL25Z4/debug/libksdk_platform.a(fsl_lptmr_driver.o)
 .debug_ranges  0x000004b0       0xb8 C:/Freescale/KSDK_1.2.0/lib/ksdk_platform_lib/kds/KL25Z4/debug/libksdk_platform.a(fsl_lpsci_hal.o)
 .debug_ranges  0x00000568      0x2b8 C:/Freescale/KSDK_1.2.0/lib/ksdk_platform_lib/kds/KL25Z4/debug/libksdk_platform.a(fsl_clock_MKL25Z4.o)
 .debug_ranges  0x00000820       0xc8 C:/Freescale/KSDK_1.2.0/lib/ksdk_platform_lib/kds/KL25Z4/debug/libksdk_platform.a(fsl_mcg_hal.o)
 .debug_ranges  0x000008e8       0x28 C:/Freescale/KSDK_1.2.0/lib/ksdk_platform_lib/kds/KL25Z4/debug/libksdk_platform.a(fsl_lptmr_hal.o)

.debug_macro    0x00000000    0x14579
 .debug_macro   0x00000000      0x250 ./Sources/UART.o
 .debug_macro   0x00000250      0x808 ./Sources/UART.o
 .debug_macro   0x00000a58       0x16 ./Sources/UART.o
 .debug_macro   0x00000a6e       0x44 ./Sources/UART.o
 .debug_macro   0x00000ab2      0x209 ./Sources/UART.o
 .debug_macro   0x00000cbb       0x22 ./Sources/UART.o
 .debug_macro   0x00000cdd       0x58 ./Sources/UART.o
 .debug_macro   0x00000d35       0x35 ./Sources/UART.o
 .debug_macro   0x00000d6a       0xa3 ./Sources/UART.o
 .debug_macro   0x00000e0d       0x16 ./Sources/UART.o
 .debug_macro   0x00000e23       0x11 ./Sources/UART.o
 .debug_macro   0x00000e34       0x4c ./Sources/UART.o
 .debug_macro   0x00000e80       0x3a ./Sources/UART.o
 .debug_macro   0x00000eba       0x1f ./Sources/UART.o
 .debug_macro   0x00000ed9      0x250 ./Sources/UART.o
 .debug_macro   0x00001129       0x63 ./Sources/UART.o
 .debug_macro   0x0000118c     0x8439 ./Sources/UART.o
 .debug_macro   0x000095c5       0x16 ./Sources/UART.o
 .debug_macro   0x000095db      0x10e ./Sources/UART.o
 .debug_macro   0x000096e9       0x7f ./Sources/UART.o
 .debug_macro   0x00009768       0x52 ./Sources/UART.o
 .debug_macro   0x000097ba       0x16 ./Sources/UART.o
 .debug_macro   0x000097d0       0x43 ./Sources/UART.o
 .debug_macro   0x00009813      0x180 ./Sources/UART.o
 .debug_macro   0x00009993       0x22 ./Sources/UART.o
 .debug_macro   0x000099b5       0x7c ./Sources/UART.o
 .debug_macro   0x00009a31     0x764c ./Sources/UART.o
 .debug_macro   0x0001107d     0x10b2 ./Sources/UART.o
 .debug_macro   0x0001212f       0x10 ./Sources/UART.o
 .debug_macro   0x0001213f       0x11 ./Sources/UART.o
 .debug_macro   0x00012150       0x10 ./Sources/UART.o
 .debug_macro   0x00012160       0x10 ./Sources/UART.o
 .debug_macro   0x00012170       0x10 ./Sources/UART.o
 .debug_macro   0x00012180       0x44 ./Sources/UART.o
 .debug_macro   0x000121c4       0x22 ./Sources/UART.o
 .debug_macro   0x000121e6      0x10e ./Sources/adc.o
 .debug_macro   0x000122f4       0x16 ./Sources/adc.o
 .debug_macro   0x0001230a       0x3a ./Sources/adc.o
 .debug_macro   0x00012344      0x2ae ./Sources/adc.o
 .debug_macro   0x000125f2       0x9c ./Sources/aquecedorECooler.o
 .debug_macro   0x0001268e      0x104 ./Sources/communicationStateMachine.o
 .debug_macro   0x00012792       0x4a ./Sources/communicationStateMachine.o
 .debug_macro   0x000127dc      0x1d0 ./Sources/display7seg.o
 .debug_macro   0x000129ac      0x2c0 ./Sources/fsl_debug_console.o
 .debug_macro   0x00012c6c       0x58 ./Sources/fsl_debug_console.o
 .debug_macro   0x00012cc4       0x16 ./Sources/fsl_debug_console.o
 .debug_macro   0x00012cda       0x97 ./Sources/fsl_debug_console.o
 .debug_macro   0x00012d71       0xef ./Sources/fsl_debug_console.o
 .debug_macro   0x00012e60       0x10 ./Sources/fsl_debug_console.o
 .debug_macro   0x00012e70       0x22 ./Sources/fsl_debug_console.o
 .debug_macro   0x00012e92       0xbd ./Sources/fsl_debug_console.o
 .debug_macro   0x00012f4f       0x16 ./Sources/fsl_debug_console.o
 .debug_macro   0x00012f65      0x14a ./Sources/fsl_debug_console.o
 .debug_macro   0x000130af       0x35 ./Sources/fsl_debug_console.o
 .debug_macro   0x000130e4      0x20f ./Sources/fsl_debug_console.o
 .debug_macro   0x000132f3       0x82 ./Sources/fsl_debug_console.o
 .debug_macro   0x00013375      0x2a6 ./Sources/fsl_debug_console.o
 .debug_macro   0x0001361b       0x10 ./Sources/fsl_debug_console.o
 .debug_macro   0x0001362b      0x167 ./Sources/lcd.o
 .debug_macro   0x00013792       0x34 ./Sources/lcd.o
 .debug_macro   0x000137c6      0x166 ./Sources/lcd.o
 .debug_macro   0x0001392c       0x9c ./Sources/ledSwi.o
 .debug_macro   0x000139c8      0x233 ./Sources/lptmr.o
 .debug_macro   0x00013bfb       0x11 ./Sources/lut_adc_3v3.o
 .debug_macro   0x00013c0c      0x2cf ./Sources/main.o
 .debug_macro   0x00013edb       0x1c ./Sources/main.o
 .debug_macro   0x00013ef7       0x10 ./Sources/main.o
 .debug_macro   0x00013f07       0x1b ./Sources/pid.o
 .debug_macro   0x00013f22      0x257 ./Sources/print_scan.o
 .debug_macro   0x00014179       0x52 ./Sources/print_scan.o
 .debug_macro   0x000141cb       0x94 ./Sources/print_scan.o
 .debug_macro   0x0001425f       0x2f ./Sources/sensTemp.o
 .debug_macro   0x0001428e       0x1b ./Sources/util.o
 .debug_macro   0x000142a9       0x11 ./Sources/variaveis_globais.o
 .debug_macro   0x000142ba      0x167 ./Project_Settings/Startup_Code/startup.o
 .debug_macro   0x00014421      0x158 ./Project_Settings/Startup_Code/system_MKL25Z4.o

.debug_line     0x00000000     0x5be4
 .debug_line    0x00000000      0x5cd ./Sources/UART.o
 .debug_line    0x000005cd      0x278 ./Sources/adc.o
 .debug_line    0x00000845      0x2d3 ./Sources/aquecedorECooler.o
 .debug_line    0x00000b18      0x32d ./Sources/communicationStateMachine.o
 .debug_line    0x00000e45      0x4ca ./Sources/display7seg.o
 .debug_line    0x0000130f      0x7c8 ./Sources/fsl_debug_console.o
 .debug_line    0x00001ad7      0x3d9 ./Sources/lcd.o
 .debug_line    0x00001eb0      0x329 ./Sources/ledSwi.o
 .debug_line    0x000021d9      0x51e ./Sources/lptmr.o
 .debug_line    0x000026f7       0x39 ./Sources/lut_adc_3v3.o
 .debug_line    0x00002730      0x625 ./Sources/main.o
 .debug_line    0x00002d55       0xde ./Sources/pid.o
 .debug_line    0x00002e33      0x639 ./Sources/print_scan.o
 .debug_line    0x0000346c       0x95 ./Sources/sensTemp.o
 .debug_line    0x00003501      0x179 ./Sources/util.o
 .debug_line    0x0000367a       0x3f ./Sources/variaveis_globais.o
 .debug_line    0x000036b9      0x34b ./Project_Settings/Startup_Code/startup.o
 .debug_line    0x00003a04       0x6c ./Project_Settings/Startup_Code/startup_MKL25Z4.o
 .debug_line    0x00003a70      0x36c ./Project_Settings/Startup_Code/system_MKL25Z4.o
 .debug_line    0x00003ddc      0x384 C:/Freescale/KSDK_1.2.0/lib/ksdk_platform_lib/kds/KL25Z4/debug/libksdk_platform.a(fsl_uart_hal.o)
 .debug_line    0x00004160      0x5a9 C:/Freescale/KSDK_1.2.0/lib/ksdk_platform_lib/kds/KL25Z4/debug/libksdk_platform.a(fsl_lptmr_driver.o)
 .debug_line    0x00004709      0x3d1 C:/Freescale/KSDK_1.2.0/lib/ksdk_platform_lib/kds/KL25Z4/debug/libksdk_platform.a(fsl_lpsci_hal.o)
 .debug_line    0x00004ada      0x94b C:/Freescale/KSDK_1.2.0/lib/ksdk_platform_lib/kds/KL25Z4/debug/libksdk_platform.a(fsl_clock_MKL25Z4.o)
 .debug_line    0x00005425      0x14b C:/Freescale/KSDK_1.2.0/lib/ksdk_platform_lib/kds/KL25Z4/debug/libksdk_platform.a(fsl_clock_manager_common.o)
 .debug_line    0x00005570      0x3e4 C:/Freescale/KSDK_1.2.0/lib/ksdk_platform_lib/kds/KL25Z4/debug/libksdk_platform.a(fsl_mcg_hal.o)
 .debug_line    0x00005954      0x19b C:/Freescale/KSDK_1.2.0/lib/ksdk_platform_lib/kds/KL25Z4/debug/libksdk_platform.a(fsl_lptmr_hal.o)
 .debug_line    0x00005aef       0xf5 C:/Freescale/KSDK_1.2.0/lib/ksdk_platform_lib/kds/KL25Z4/debug/libksdk_platform.a(fsl_lptmr_common.o)

.debug_str      0x00000000    0xa318b
 .debug_str     0x00000000    0x9bbed ./Sources/UART.o
                              0x9c12f (size before relaxing)
 .debug_str     0x0009bbed      0xc30 ./Sources/adc.o
                              0x32bf9 (size before relaxing)
 .debug_str     0x0009c81d       0xd4 ./Sources/aquecedorECooler.o
                              0x32a4b (size before relaxing)
 .debug_str     0x0009c8f1      0x18b ./Sources/communicationStateMachine.o
                               0x3cd2 (size before relaxing)
 .debug_str     0x0009ca7c       0xe9 ./Sources/display7seg.o
                              0x9c401 (size before relaxing)
 .debug_str     0x0009cb65     0x2318 ./Sources/fsl_debug_console.o
                              0x9e044 (size before relaxing)
 .debug_str     0x0009ee7d      0x1a4 ./Sources/lcd.o
                              0x3501c (size before relaxing)
 .debug_str     0x0009f021       0x98 ./Sources/ledSwi.o
                              0x32a4f (size before relaxing)
 .debug_str     0x0009f0b9      0x598 ./Sources/lptmr.o
                              0x9bf37 (size before relaxing)
 .debug_str     0x0009f651       0x25 ./Sources/lut_adc_3v3.o
                               0x22f1 (size before relaxing)
 .debug_str     0x0009f676      0x20b ./Sources/main.o
                              0x9cf8e (size before relaxing)
 .debug_str     0x0009f881       0xca ./Sources/pid.o
                               0x23ba (size before relaxing)
 .debug_str     0x0009f94b      0x8a1 ./Sources/print_scan.o
                               0x6797 (size before relaxing)
 .debug_str     0x000a01ec       0x40 ./Sources/sensTemp.o
                               0x2391 (size before relaxing)
 .debug_str     0x000a022c       0x6d ./Sources/util.o
                               0x236e (size before relaxing)
 .debug_str     0x000a0299       0x1f ./Sources/variaveis_globais.o
                               0x2349 (size before relaxing)
 .debug_str     0x000a02b8      0x12f ./Project_Settings/Startup_Code/startup.o
                              0x9b871 (size before relaxing)
 .debug_str     0x000a03e7       0x97 ./Project_Settings/Startup_Code/system_MKL25Z4.o
                              0x9b8b8 (size before relaxing)
 .debug_str     0x000a047e      0x61f C:/Freescale/KSDK_1.2.0/lib/ksdk_platform_lib/kds/KL25Z4/debug/libksdk_platform.a(fsl_uart_hal.o)
                                0x919 (size before relaxing)
 .debug_str     0x000a0a9d      0x818 C:/Freescale/KSDK_1.2.0/lib/ksdk_platform_lib/kds/KL25Z4/debug/libksdk_platform.a(fsl_lptmr_driver.o)
                               0x1283 (size before relaxing)
 .debug_str     0x000a12b5      0x534 C:/Freescale/KSDK_1.2.0/lib/ksdk_platform_lib/kds/KL25Z4/debug/libksdk_platform.a(fsl_lpsci_hal.o)
                                0xa1f (size before relaxing)
 .debug_str     0x000a17e9     0x116f C:/Freescale/KSDK_1.2.0/lib/ksdk_platform_lib/kds/KL25Z4/debug/libksdk_platform.a(fsl_clock_MKL25Z4.o)
                               0x17aa (size before relaxing)
 .debug_str     0x000a2958       0x61 C:/Freescale/KSDK_1.2.0/lib/ksdk_platform_lib/kds/KL25Z4/debug/libksdk_platform.a(fsl_clock_manager_common.o)
                                0x34e (size before relaxing)
 .debug_str     0x000a29b9      0x728 C:/Freescale/KSDK_1.2.0/lib/ksdk_platform_lib/kds/KL25Z4/debug/libksdk_platform.a(fsl_mcg_hal.o)
                                0xb03 (size before relaxing)
 .debug_str     0x000a30e1       0x64 C:/Freescale/KSDK_1.2.0/lib/ksdk_platform_lib/kds/KL25Z4/debug/libksdk_platform.a(fsl_lptmr_hal.o)
                                0x87e (size before relaxing)
 .debug_str     0x000a3145       0x46 C:/Freescale/KSDK_1.2.0/lib/ksdk_platform_lib/kds/KL25Z4/debug/libksdk_platform.a(fsl_lptmr_common.o)
                                0x3f4 (size before relaxing)

.comment        0x00000000       0x70
 .comment       0x00000000       0x70 ./Sources/UART.o
                                 0x71 (size before relaxing)
 .comment       0x00000000       0x71 ./Sources/adc.o
 .comment       0x00000000       0x71 ./Sources/aquecedorECooler.o
 .comment       0x00000000       0x71 ./Sources/communicationStateMachine.o
 .comment       0x00000000       0x71 ./Sources/display7seg.o
 .comment       0x00000000       0x71 ./Sources/fsl_debug_console.o
 .comment       0x00000000       0x71 ./Sources/lcd.o
 .comment       0x00000000       0x71 ./Sources/ledSwi.o
 .comment       0x00000000       0x71 ./Sources/lptmr.o
 .comment       0x00000000       0x71 ./Sources/lut_adc_3v3.o
 .comment       0x00000000       0x71 ./Sources/main.o
 .comment       0x00000000       0x71 ./Sources/pid.o
 .comment       0x00000000       0x71 ./Sources/print_scan.o
 .comment       0x00000000       0x71 ./Sources/sensTemp.o
 .comment       0x00000000       0x71 ./Sources/util.o
 .comment       0x00000000       0x71 ./Sources/variaveis_globais.o
 .comment       0x00000000       0x71 ./Project_Settings/Startup_Code/startup.o
 .comment       0x00000000       0x71 ./Project_Settings/Startup_Code/system_MKL25Z4.o
 .comment       0x00000000       0x71 C:/Freescale/KSDK_1.2.0/lib/ksdk_platform_lib/kds/KL25Z4/debug/libksdk_platform.a(fsl_uart_hal.o)
 .comment       0x00000000       0x71 C:/Freescale/KSDK_1.2.0/lib/ksdk_platform_lib/kds/KL25Z4/debug/libksdk_platform.a(fsl_lptmr_driver.o)
 .comment       0x00000000       0x71 C:/Freescale/KSDK_1.2.0/lib/ksdk_platform_lib/kds/KL25Z4/debug/libksdk_platform.a(fsl_lpsci_hal.o)
 .comment       0x00000000       0x71 C:/Freescale/KSDK_1.2.0/lib/ksdk_platform_lib/kds/KL25Z4/debug/libksdk_platform.a(fsl_clock_MKL25Z4.o)
 .comment       0x00000000       0x71 C:/Freescale/KSDK_1.2.0/lib/ksdk_platform_lib/kds/KL25Z4/debug/libksdk_platform.a(fsl_clock_manager_common.o)
 .comment       0x00000000       0x71 C:/Freescale/KSDK_1.2.0/lib/ksdk_platform_lib/kds/KL25Z4/debug/libksdk_platform.a(fsl_mcg_hal.o)
 .comment       0x00000000       0x71 C:/Freescale/KSDK_1.2.0/lib/ksdk_platform_lib/kds/KL25Z4/debug/libksdk_platform.a(fsl_lptmr_hal.o)
 .comment       0x00000000       0x71 C:/Freescale/KSDK_1.2.0/lib/ksdk_platform_lib/kds/KL25Z4/debug/libksdk_platform.a(fsl_lptmr_common.o)

.debug_frame    0x00000000     0x2314
 .debug_frame   0x00000000       0xa4 ./Sources/UART.o
 .debug_frame   0x000000a4       0x80 ./Sources/adc.o
 .debug_frame   0x00000124       0xc0 ./Sources/aquecedorECooler.o
 .debug_frame   0x000001e4       0x70 ./Sources/communicationStateMachine.o
 .debug_frame   0x00000254       0x8c ./Sources/display7seg.o
 .debug_frame   0x000002e0      0x230 ./Sources/fsl_debug_console.o
 .debug_frame   0x00000510      0x108 ./Sources/lcd.o
 .debug_frame   0x00000618       0xd0 ./Sources/ledSwi.o