Archive member included because of file (symbol)

C:/Freescale/KSDK_1.2.0/lib/ksdk_platform_lib/kds/KL25Z4/debug/libksdk_platform.a(fsl_uart_hal.o)
                              ./Sources/fsl_debug_console.o (UART_HAL_SetBaudRate)
C:/Freescale/KSDK_1.2.0/lib/ksdk_platform_lib/kds/KL25Z4/debug/libksdk_platform.a(fsl_lptmr_driver.o)
                              ./Sources/lptmr.o (LPTMR_DRV_Init)
C:/Freescale/KSDK_1.2.0/lib/ksdk_platform_lib/kds/KL25Z4/debug/libksdk_platform.a(fsl_lpsci_hal.o)
                              ./Sources/fsl_debug_console.o (LPSCI_HAL_SetBaudRate)
C:/Freescale/KSDK_1.2.0/lib/ksdk_platform_lib/kds/KL25Z4/debug/libksdk_platform.a(fsl_clock_MKL25Z4.o)
                              C:/Freescale/KSDK_1.2.0/lib/ksdk_platform_lib/kds/KL25Z4/debug/libksdk_platform.a(fsl_lptmr_driver.o) (CLOCK_SYS_GetLptmrFreq)
C:/Freescale/KSDK_1.2.0/lib/ksdk_platform_lib/kds/KL25Z4/debug/libksdk_platform.a(fsl_clock_manager.o)
                              C:/Freescale/KSDK_1.2.0/lib/ksdk_platform_lib/kds/KL25Z4/debug/libksdk_platform.a(fsl_clock_MKL25Z4.o) (CLOCK_SYS_GetSystickFreq)
C:/Freescale/KSDK_1.2.0/lib/ksdk_platform_lib/kds/KL25Z4/debug/libksdk_platform.a(fsl_clock_manager_common.o)
                              C:/Freescale/KSDK_1.2.0/lib/ksdk_platform_lib/kds/KL25Z4/debug/libksdk_platform.a(fsl_clock_MKL25Z4.o) (g_oscBase)
C:/Freescale/KSDK_1.2.0/lib/ksdk_platform_lib/kds/KL25Z4/debug/libksdk_platform.a(fsl_os_abstraction_bm.o)
                              C:/Freescale/KSDK_1.2.0/lib/ksdk_platform_lib/kds/KL25Z4/debug/libksdk_platform.a(fsl_clock_manager.o) (OSA_EnterCritical)
C:/Freescale/KSDK_1.2.0/lib/ksdk_platform_lib/kds/KL25Z4/debug/libksdk_platform.a(fsl_sim_hal_MKL25Z4.o)
                              C:/Freescale/KSDK_1.2.0/lib/ksdk_platform_lib/kds/KL25Z4/debug/libksdk_platform.a(fsl_clock_MKL25Z4.o) (CLOCK_HAL_SetOutDiv)
C:/Freescale/KSDK_1.2.0/lib/ksdk_platform_lib/kds/KL25Z4/debug/libksdk_platform.a(fsl_rtc_common.o)
                              C:/Freescale/KSDK_1.2.0/lib/ksdk_platform_lib/kds/KL25Z4/debug/libksdk_platform.a(fsl_clock_manager.o) (g_rtcBase)
C:/Freescale/KSDK_1.2.0/lib/ksdk_platform_lib/kds/KL25Z4/debug/libksdk_platform.a(fsl_osc_hal.o)
                              C:/Freescale/KSDK_1.2.0/lib/ksdk_platform_lib/kds/KL25Z4/debug/libksdk_platform.a(fsl_clock_manager.o) (OSC_HAL_SetCapacitor)
C:/Freescale/KSDK_1.2.0/lib/ksdk_platform_lib/kds/KL25Z4/debug/libksdk_platform.a(fsl_mcg_hal.o)
                              C:/Freescale/KSDK_1.2.0/lib/ksdk_platform_lib/kds/KL25Z4/debug/libksdk_platform.a(fsl_clock_MKL25Z4.o) (CLOCK_HAL_GetFllClk)
C:/Freescale/KSDK_1.2.0/lib/ksdk_platform_lib/kds/KL25Z4/debug/libksdk_platform.a(fsl_mcg_hal_modes.o)
                              C:/Freescale/KSDK_1.2.0/lib/ksdk_platform_lib/kds/KL25Z4/debug/libksdk_platform.a(fsl_clock_manager.o) (CLOCK_HAL_GetMcgMode)
C:/Freescale/KSDK_1.2.0/lib/ksdk_platform_lib/kds/KL25Z4/debug/libksdk_platform.a(fsl_lptmr_hal.o)
                              C:/Freescale/KSDK_1.2.0/lib/ksdk_platform_lib/kds/KL25Z4/debug/libksdk_platform.a(fsl_lptmr_driver.o) (LPTMR_HAL_Init)
C:/Freescale/KSDK_1.2.0/lib/ksdk_platform_lib/kds/KL25Z4/debug/libksdk_platform.a(fsl_lptmr_common.o)
                              C:/Freescale/KSDK_1.2.0/lib/ksdk_platform_lib/kds/KL25Z4/debug/libksdk_platform.a(fsl_lptmr_driver.o) (g_lptmrIrqId)
C:/Freescale/KSDK_1.2.0/lib/ksdk_platform_lib/kds/KL25Z4/debug/libksdk_platform.a(fsl_interrupt_manager.o)
                              C:/Freescale/KSDK_1.2.0/lib/ksdk_platform_lib/kds/KL25Z4/debug/libksdk_platform.a(fsl_os_abstraction_bm.o) (INT_SYS_InstallHandler)
c:/freescale/kds_v3/toolchain/bin/../lib/gcc/arm-none-eabi/4.8.4/armv6-m\libgcc.a(_thumb1_case_uqi.o)
                              C:/Freescale/KSDK_1.2.0/lib/ksdk_platform_lib/kds/KL25Z4/debug/libksdk_platform.a(fsl_clock_MKL25Z4.o) (__gnu_thumb1_case_uqi)
c:/freescale/kds_v3/toolchain/bin/../lib/gcc/arm-none-eabi/4.8.4/armv6-m\libgcc.a(_udivsi3.o)
                              ./Sources/communicationStateMachine.o (__aeabi_uidiv)
c:/freescale/kds_v3/toolchain/bin/../lib/gcc/arm-none-eabi/4.8.4/armv6-m\libgcc.a(_divsi3.o)
                              ./Sources/print_scan.o (__aeabi_idiv)
c:/freescale/kds_v3/toolchain/bin/../lib/gcc/arm-none-eabi/4.8.4/armv6-m\libgcc.a(_dvmd_tls.o)
                              c:/freescale/kds_v3/toolchain/bin/../lib/gcc/arm-none-eabi/4.8.4/armv6-m\libgcc.a(_udivsi3.o) (__aeabi_idiv0)
c:/freescale/kds_v3/toolchain/bin/../lib/gcc/arm-none-eabi/4.8.4/armv6-m\libgcc.a(_arm_cmpsf2.o)
                              ./Sources/pid.o (__aeabi_fcmplt)
c:/freescale/kds_v3/toolchain/bin/../lib/gcc/arm-none-eabi/4.8.4/armv6-m\libgcc.a(_fixunssfsi.o)
                              ./Sources/aquecedorECooler.o (__aeabi_f2uiz)
c:/freescale/kds_v3/toolchain/bin/../lib/gcc/arm-none-eabi/4.8.4/armv6-m\libgcc.a(addsf3.o)
                              ./Sources/communicationStateMachine.o (__aeabi_fadd)
[...]
Memory Configuration

Name             Origin             Length             Attributes
m_interrupts     0x00000000         0x00000100         xr
m_flash_config   0x00000400         0x00000010         xr
m_text           0x00000410         0x0001fbf0         xr
m_data           0x1ffff000         0x00004000         rw
*default*        0x00000000         0xffffffff

Linker script and memory map

LOAD c:/freescale/kds_v3/toolchain/bin/../lib/gcc/arm-none-eabi/4.8.4/armv6-m/crti.o
LOAD c:/freescale/kds_v3/toolchain/bin/../lib/gcc/arm-none-eabi/4.8.4/armv6-m/crtbegin.o
LOAD c:/freescale/kds_v3/toolchain/bin/../lib/gcc/arm-none-eabi/4.8.4/../../../../arm-none-eabi/lib/armv6-m/crt0.o
LOAD ./Sources/UART.o
LOAD ./Sources/adc.o
LOAD ./Sources/aquecedorECooler.o
LOAD ./Sources/communicationStateMachine.o
LOAD ./Sources/display7Temp.o
LOAD ./Sources/display7seg.o
LOAD ./Sources/fsl_debug_console.o
LOAD ./Sources/lcd.o
LOAD ./Sources/lcdTemp.o
LOAD ./Sources/ledSwi.o
LOAD ./Sources/lptmr.o
LOAD ./Sources/lut_adc_3v3.o
LOAD ./Sources/main.o
LOAD ./Sources/pid.o
LOAD ./Sources/print_scan.o
LOAD ./Sources/sensTemp.o
LOAD ./Sources/tacometro.o
LOAD ./Sources/util.o
LOAD ./Sources/variaveis_globais.o
LOAD ./Project_Settings/Startup_Code/startup.o
LOAD ./Project_Settings/Startup_Code/startup_MKL25Z4.o
LOAD ./Project_Settings/Startup_Code/system_MKL25Z4.o
LOAD C:/Freescale/KSDK_1.2.0/lib/ksdk_platform_lib/kds/KL25Z4/debug/libksdk_platform.a
LOAD c:/freescale/kds_v3/toolchain/bin/../lib/gcc/arm-none-eabi/4.8.4/../../../../arm-none-eabi/lib/armv6-m\libstdc++_s.a
LOAD c:/freescale/kds_v3/toolchain/bin/../lib/gcc/arm-none-eabi/4.8.4/../../../../arm-none-eabi/lib/armv6-m\libm.a
START GROUP
LOAD c:/freescale/kds_v3/toolchain/bin/../lib/gcc/arm-none-eabi/4.8.4/armv6-m\libgcc.a
LOAD c:/freescale/kds_v3/toolchain/bin/../lib/gcc/arm-none-eabi/4.8.4/../../../../arm-none-eabi/lib/armv6-m\libg_s.a
LOAD c:/freescale/kds_v3/toolchain/bin/../lib/gcc/arm-none-eabi/4.8.4/../../../../arm-none-eabi/lib/armv6-m\libc_s.a
END GROUP
START GROUP
LOAD c:/freescale/kds_v3/toolchain/bin/../lib/gcc/arm-none-eabi/4.8.4/armv6-m\libgcc.a
LOAD c:/freescale/kds_v3/toolchain/bin/../lib/gcc/arm-none-eabi/4.8.4/../../../../arm-none-eabi/lib/armv6-m\libc_s.a
LOAD c:/freescale/kds_v3/toolchain/bin/../lib/gcc/arm-none-eabi/4.8.4/../../../../arm-none-eabi/lib/armv6-m\libnosys.a
END GROUP
START GROUP
LOAD c:/freescale/kds_v3/toolchain/bin/../lib/gcc/arm-none-eabi/4.8.4/armv6-m\libgcc.a
LOAD c:/freescale/kds_v3/toolchain/bin/../lib/gcc/arm-none-eabi/4.8.4/../../../../arm-none-eabi/lib/armv6-m\libc_s.a
LOAD c:/freescale/kds_v3/toolchain/bin/../lib/gcc/arm-none-eabi/4.8.4/../../../../arm-none-eabi/lib/armv6-m\libnosys.a
END GROUP
LOAD c:/freescale/kds_v3/toolchain/bin/../lib/gcc/arm-none-eabi/4.8.4/armv6-m/crtend.o
LOAD c:/freescale/kds_v3/toolchain/bin/../lib/gcc/arm-none-eabi/4.8.4/armv6-m/crtn.o
                0x00000400                HEAP_SIZE = DEFINED (__heap_size__)?__heap_size__:0x400
                0x00000400                STACK_SIZE = DEFINED (__stack_size__)?__stack_size__:0x400
                0x00000000                M_VECTOR_RAM_SIZE = DEFINED (__ram_vector_table__)?0x100:0x0

.interrupts     0x00000000       0xc0
                0x00000000                __VECTOR_TABLE = .
                0x00000000                . = ALIGN (0x4)
 *(.isr_vector)
 .isr_vector    0x00000000       0xc0 ./Project_Settings/Startup_Code/startup_MKL25Z4.o
                0x00000000                __isr_vector
                0x000000c0                . = ALIGN (0x4)

.flash_config   0x00000400       0x10
                0x00000400                . = ALIGN (0x4)
 *(.FlashConfig)
 .FlashConfig   0x00000400       0x10 ./Project_Settings/Startup_Code/startup_MKL25Z4.o
                0x00000410                . = ALIGN (0x4)

.text           0x00000410     0x5af4
                0x00000410                . = ALIGN (0x4)
 *(.text)
 .text          0x00000410       0x60 c:/freescale/kds_v3/toolchain/bin/../lib/gcc/arm-none-eabi/4.8.4/armv6-m/crtbegin.o
 .text          0x00000470       0x78 c:/freescale/kds_v3/toolchain/bin/../lib/gcc/arm-none-eabi/4.8.4/../../../../arm-none-eabi/lib/armv6-m/crt0.o
                0x00000470                _start
                0x00000470                _mainCRTStartup
 .text          0x000004e8       0x18 ./Project_Settings/Startup_Code/startup_MKL25Z4.o
                0x000004e8                Reset_Handler
                0x000004f8                HardFault_Handler
                0x000004f8                SysTick_Handler
                0x000004f8                PendSV_Handler
                0x000004f8                NMI_Handler
                0x000004f8                I2C1_IRQHandler
                0x000004f8                UART1_IRQHandler
                0x000004f8                DMA2_IRQHandler
                0x000004f8                TPM0_IRQHandler
                0x000004f8                LLWU_IRQHandler
                0x000004f8                TSI0_IRQHandler
                0x000004f8                ADC0_IRQHandler
                0x000004f8                Reserved39_IRQHandler
                0x000004f8                SPI1_IRQHandler
                0x000004f8                DefaultISR
                0x000004f8                PORTD_IRQHandler
                0x000004f8                TPM2_IRQHandler
                0x000004f8                RTC_IRQHandler
                0x000004f8                I2C0_IRQHandler
                0x000004f8                RTC_Seconds_IRQHandler
                0x000004f8                MCG_IRQHandler
                0x000004f8                UART2_IRQHandler
                0x000004f8                Reserved20_IRQHandler
                0x000004f8                USB0_IRQHandler
                0x000004f8                PIT_IRQHandler
                0x000004f8                SVC_Handler
                0x000004f8                DMA3_IRQHandler
                0x000004f8                DMA0_IRQHandler
                0x000004f8                DAC0_IRQHandler
                0x000004f8                Reserved45_IRQHandler
                0x000004f8                TPM1_IRQHandler
                0x000004f8                LVD_LVW_IRQHandler
                0x000004f8                SPI0_IRQHandler
                0x000004f8                PORTA_IRQHandler
                0x000004f8                FTFA_IRQHandler
                0x000004f8                CMP0_IRQHandler
                0x000004f8                DMA1_IRQHandler
 .text          0x00000500       0x14 c:/freescale/kds_v3/toolchain/bin/../lib/gcc/arm-none-eabi/4.8.4/armv6-m\libgcc.a(_thumb1_case_uqi.o)
                0x00000500                __gnu_thumb1_case_uqi
 .text          0x00000514       0x9c c:/freescale/kds_v3/toolchain/bin/../lib/gcc/arm-none-eabi/4.8.4/armv6-m\libgcc.a(_udivsi3.o)
                0x00000514                __aeabi_uidiv
                0x00000514                __udivsi3
                0x0000059c                __aeabi_uidivmod
 .text          0x000005b0       0xc0 c:/freescale/kds_v3/toolchain/bin/../lib/gcc/arm-none-eabi/4.8.4/armv6-m\libgcc.a(_divsi3.o)
                0x000005b0                __divsi3
                0x000005b0                __aeabi_idiv
                0x0000065c                __aeabi_idivmod
 .text          0x00000670        0x4 c:/freescale/kds_v3/toolchain/bin/../lib/gcc/arm-none-eabi/4.8.4/armv6-m\libgcc.a(_dvmd_tls.o)
                0x00000670                __aeabi_idiv0
                0x00000670                __aeabi_ldiv0
 .text          0x00000674       0x74 c:/freescale/kds_v3/toolchain/bin/../lib/gcc/arm-none-eabi/4.8.4/armv6-m\libgcc.a(_arm_cmpsf2.o)
                0x00000674                __aeabi_cfrcmple
                0x0000067c                __aeabi_cfcmpeq
                0x0000067c                __aeabi_cfcmple
                0x0000068c                __aeabi_fcmpeq
                0x00000698                __aeabi_fcmplt
                0x000006ac                __aeabi_fcmple
                0x000006c0                __aeabi_fcmpgt
                0x000006d4                __aeabi_fcmpge
 .text          0x000006e8       0x30 c:/freescale/kds_v3/toolchain/bin/../lib/gcc/arm-none-eabi/4.8.4/armv6-m\libgcc.a(_fixunssfsi.o)
                0x000006e8                __fixunssfsi
                0x000006e8                __aeabi_f2uiz
 .text          0x00000718      0x2d8 c:/freescale/kds_v3/toolchain/bin/../lib/gcc/arm-none-eabi/4.8.4/armv6-m\libgcc.a(addsf3.o)
                0x00000718                __aeabi_fadd
 .text          0x000009f0       0x54 c:/freescale/kds_v3/toolchain/bin/../lib/gcc/arm-none-eabi/4.8.4/armv6-m\libgcc.a(eqsf2.o)
                0x000009f0                __eqsf2
                0x000009f0                __nesf2
 .text          0x00000a44       0x90 c:/freescale/kds_v3/toolchain/bin/../lib/gcc/arm-none-eabi/4.8.4/armv6-m\libgcc.a(gesf2.o)
                0x00000a44                __gesf2
                0x00000a44                __gtsf2
 .text          0x00000ad4       0x98 c:/freescale/kds_v3/toolchain/bin/../lib/gcc/arm-none-eabi/4.8.4/armv6-m\libgcc.a(lesf2.o)
                0x00000ad4                __ltsf2
                0x00000ad4                __lesf2
 .text          0x00000b6c      0x254 c:/freescale/kds_v3/toolchain/bin/../lib/gcc/arm-none-eabi/4.8.4/armv6-m\libgcc.a(mulsf3.o)
                0x00000b6c                __aeabi_fmul
 .text          0x00000dc0      0x2ec c:/freescale/kds_v3/toolchain/bin/../lib/gcc/arm-none-eabi/4.8.4/armv6-m\libgcc.a(subsf3.o)
                0x00000dc0                __aeabi_fsub
 .text          0x000010ac       0x40 c:/freescale/kds_v3/toolchain/bin/../lib/gcc/arm-none-eabi/4.8.4/armv6-m\libgcc.a(fixsfsi.o)
                0x000010ac                __aeabi_f2iz
 .text          0x000010ec       0xb8 c:/freescale/kds_v3/toolchain/bin/../lib/gcc/arm-none-eabi/4.8.4/armv6-m\libgcc.a(floatsisf.o)
                0x000010ec                __aeabi_i2f
 .text          0x000011a4       0xa0 c:/freescale/kds_v3/toolchain/bin/../lib/gcc/arm-none-eabi/4.8.4/armv6-m\libgcc.a(floatunsisf.o)
                0x000011a4                __aeabi_ui2f
 .text          0x00001244       0xa4 c:/freescale/kds_v3/toolchain/bin/../lib/gcc/arm-none-eabi/4.8.4/armv6-m\libgcc.a(extendsfdf2.o)
                0x00001244                __aeabi_f2d
 .text          0x000012e8       0x3c c:/freescale/kds_v3/toolchain/bin/../lib/gcc/arm-none-eabi/4.8.4/armv6-m\libgcc.a(_clzsi2.o)
                0x000012e8                __clzsi2
 *(.text*)
 .text.NVIC_EnableIRQ
                0x00001324       0x2c ./Sources/UART.o
 .text.PORT_HAL_SetMuxMode
                0x00001350       0x4c ./Sources/UART.o
 .text.UART0_init
                0x0000139c       0x4c ./Sources/UART.o
                0x0000139c                UART0_init
 .text.UART0_enableIRQ
                0x000013e8       0x24 ./Sources/UART.o
                0x000013e8                UART0_enableIRQ
 .text.UART0_IRQHandler
                0x0000140c       0x18 ./Sources/UART.o
                0x0000140c                UART0_IRQHandler
 .text.adc_initADCModule
                0x00001424       0x64 ./Sources/adc.o
                0x00001424                adc_initADCModule
 .text.adc_initConvertion
                0x00001488       0x18 ./Sources/adc.o
                0x00001488                adc_initConvertion
 .text.adc_isAdcDone
                0x000014a0       0x20 ./Sources/adc.o
                0x000014a0                adc_isAdcDone
 .text.adc_getConvertionValue
                0x000014c0       0x14 ./Sources/adc.o
                0x000014c0                adc_getConvertionValue
 .text.PWM_init
                0x000014d4       0xc0 ./Sources/aquecedorECooler.o
                0x000014d4                PWM_init
 .text.coolerfan_init
                0x00001594       0x34 ./Sources/aquecedorECooler.o
                0x00001594                coolerfan_init
 .text.heater_init
                0x000015c8       0x34 ./Sources/aquecedorECooler.o
                0x000015c8                heater_init
 .text.coolerfan_PWMDuty
                0x000015fc       0x7c ./Sources/aquecedorECooler.o
                0x000015fc                coolerfan_PWMDuty
 .text.heater_PWMDuty
                0x00001678       0x7c ./Sources/aquecedorECooler.o
                0x00001678                heater_PWMDuty
 .text.returnParam
                0x000016f4       0xf4 ./Sources/communicationStateMachine.o
                0x000016f4                returnParam
 .text.processByteCommUART
                0x000017e8      0x15c ./Sources/communicationStateMachine.o
                0x000017e8                processByteCommUART
 .text.display7Temp_init
                0x00001944        0xc ./Sources/display7Temp.o
                0x00001944                display7Temp_init
 .text.attDisp7Temp
                0x00001950       0x38 ./Sources/display7Temp.o
                0x00001950                attDisp7Temp
 .text.display7seg_init
                0x00001988       0xe4 ./Sources/display7seg.o
                0x00001988                display7seg_init
 .text.display7seg_writeChar
                0x00001a6c       0xa0 ./Sources/display7seg.o
                0x00001a6c                display7seg_writeChar
 .text.display7seg_writeSymbol
                0x00001b0c      0x130 ./Sources/display7seg.o
                0x00001b0c                display7seg_writeSymbol
 .text.selectDisp
                0x00001c3c       0x78 ./Sources/display7seg.o
                0x00001c3c                selectDisp
 .text.UART_HAL_EnableTransmitter
                0x00001cb4       0x1c ./Sources/fsl_debug_console.o
 .text.UART_HAL_EnableReceiver
                0x00001cd0       0x1c ./Sources/fsl_debug_console.o
 .text.UART_HAL_SetBitCountPerChar
                0x00001cec       0x28 ./Sources/fsl_debug_console.o
 .text.UART_HAL_SetStopBitCount
                0x00001d14       0x28 ./Sources/fsl_debug_console.o
 .text.LPSCI_HAL_EnableTransmitter
                0x00001d3c       0x1c ./Sources/fsl_debug_console.o
 .text.LPSCI_HAL_EnableReceiver
                0x00001d58       0x1c ./Sources/fsl_debug_console.o
 .text.LPSCI_HAL_SetBitCountPerChar
                0x00001d74       0x28 ./Sources/fsl_debug_console.o
 .text.LPSCI_HAL_SetStopBitCount
                0x00001d9c       0x28 ./Sources/fsl_debug_console.o
 .text.DbgConsole_Init
                0x00001dc4      0x160 ./Sources/fsl_debug_console.o
                0x00001dc4                DbgConsole_Init
 .text._write   0x00001f24       0x5c ./Sources/fsl_debug_console.o
                0x00001f24                _write
 .text._read    0x00001f80       0x48 ./Sources/fsl_debug_console.o
                0x00001f80                _read
 .text.debug_printf
                0x00001fc8       0x4c ./Sources/fsl_debug_console.o
                0x00001fc8                debug_printf
 .text.debug_putc
                0x00002014       0x44 ./Sources/fsl_debug_console.o
 .text.debug_getchar
                0x00002058       0x38 ./Sources/fsl_debug_console.o
                0x00002058                debug_getchar
 .text.lcd_initLcd
                0x00002090      0x150 ./Sources/lcd.o
                0x00002090                lcd_initLcd
 .text.lcd_write2Lcd
                0x000021e0       0x8c ./Sources/lcd.o
                0x000021e0                lcd_write2Lcd
 .text.lcd_writeData
                0x0000226c       0x20 ./Sources/lcd.o
                0x0000226c                lcd_writeData
 .text.lcd_sendCommand
                0x0000228c       0x20 ./Sources/lcd.o
                0x0000228c                lcd_sendCommand
 .text.lcd_setCursor
                0x000022ac       0x58 ./Sources/lcd.o
                0x000022ac                lcd_setCursor
 .text.lcd_writeString
                0x00002304       0x28 ./Sources/lcd.o
                0x00002304                lcd_writeString
 .text.lcdTemp_init
                0x0000232c        0xc ./Sources/lcdTemp.o
                0x0000232c                lcdTemp_init
 .text.showLCDdisp
                0x00002338       0x7c ./Sources/lcdTemp.o
                0x00002338                showLCDdisp
 .text.attTempAlvo
                0x000023b4       0x44 ./Sources/lcdTemp.o
                0x000023b4                attTempAlvo
 .text.ledSwi_init
                0x000023f8      0x1e8 ./Sources/ledSwi.o
                0x000023f8                ledSwi_init
 .text.readSwitch
                0x000025e0       0xd8 ./Sources/ledSwi.o
                0x000025e0                readSwitch
 .text.turnOnLED
                0x000026b8       0xc0 ./Sources/ledSwi.o
                0x000026b8                turnOnLED
 .text.turnOffLED
                0x00002778       0xc8 ./Sources/ledSwi.o
                0x00002778                turnOffLED
 .text.LPTMR0_IRQHandler
                0x00002840       0x10 ./Sources/lptmr.o
                0x00002840                LPTMR0_IRQHandler
 .text.tc_installLptmr0
                0x00002850       0x40 ./Sources/lptmr.o
                0x00002850                tc_installLptmr0
 .text.timerAtt
                0x00002890       0x34 ./Sources/main.o
                0x00002890                timerAtt
 .text.checkTime
                0x000028c4       0x88 ./Sources/main.o
                0x000028c4                checkTime
 .text.boardInit
                0x0000294c       0x6c ./Sources/main.o
                0x0000294c                boardInit
 .text.main     0x000029b8      0x820 ./Sources/main.o
                0x000029b8                main
 .text.pid_init
                0x000031d8       0x2c ./Sources/pid.o
                0x000031d8                pid_init
 .text.pid_setKp
                0x00003204       0x18 ./Sources/pid.o
                0x00003204                pid_setKp
 .text.pid_setKi
                0x0000321c       0x18 ./Sources/pid.o
                0x0000321c                pid_setKi
 .text.pid_setKd
                0x00003234       0x18 ./Sources/pid.o
                0x00003234                pid_setKd
 .text.pidUpdateData
                0x0000324c       0xf4 ./Sources/pid.o
                0x0000324c                pidUpdateData
 .text._doprint
                0x00003340      0x6e4 ./Sources/print_scan.o
                0x00003340                _doprint
 .text.mknumstr
                0x00003a24      0x110 ./Sources/print_scan.o
 .text.fput_pad
                0x00003b34       0x44 ./Sources/print_scan.o
 .text.sensTemp_init
                0x00003b78        0xc ./Sources/sensTemp.o
                0x00003b78                sensTemp_init
 .text.readTemp
                0x00003b84       0x70 ./Sources/sensTemp.o
                0x00003b84                readTemp
 .text.util_genDelay088us
                0x00003bf4       0x48 ./Sources/util.o
                0x00003bf4                util_genDelay088us
 .text.util_genDelay250us
                0x00003c3c       0x44 ./Sources/util.o
                0x00003c3c                util_genDelay250us
 .text.util_genDelay1ms
                0x00003c80       0x18 ./Sources/util.o
                0x00003c80                util_genDelay1ms
 .text.util_genDelay10ms
                0x00003c98       0x30 ./Sources/util.o
                0x00003c98                util_genDelay10ms
 .text.util_genDelay100ms
                0x00003cc8       0x30 ./Sources/util.o
                0x00003cc8                util_genDelay100ms
 .text.init_data_bss
                0x00003cf8       0xc8 ./Project_Settings/Startup_Code/startup.o
                0x00003cf8                init_data_bss
 .text.SystemInit
                0x00003dc0       0x18 ./Project_Settings/Startup_Code/system_MKL25Z4.o
                0x00003dc0                SystemInit
 .text.UART_HAL_SetBaudRate
                0x00003dd8       0x34 C:/Freescale/KSDK_1.2.0/lib/ksdk_platform_lib/kds/KL25Z4/debug/libksdk_platform.a(fsl_uart_hal.o)
                0x00003dd8                UART_HAL_SetBaudRate
 .text.UART_HAL_SetParityMode
                0x00003e0c       0x1e C:/Freescale/KSDK_1.2.0/lib/ksdk_platform_lib/kds/KL25Z4/debug/libksdk_platform.a(fsl_uart_hal.o)
                0x00003e0c                UART_HAL_SetParityMode
 .text.UART_HAL_SendDataPolling
                0x00003e2a       0x22 C:/Freescale/KSDK_1.2.0/lib/ksdk_platform_lib/kds/KL25Z4/debug/libksdk_platform.a(fsl_uart_hal.o)
                0x00003e2a                UART_HAL_SendDataPolling
 .text.UART_HAL_ReceiveDataPolling
                0x00003e4c       0x38 C:/Freescale/KSDK_1.2.0/lib/ksdk_platform_lib/kds/KL25Z4/debug/libksdk_platform.a(fsl_uart_hal.o)
                0x00003e4c                UART_HAL_ReceiveDataPolling
 .text.INT_SYS_DisableIRQ
                0x00003e84       0x40 C:/Freescale/KSDK_1.2.0/lib/ksdk_platform_lib/kds/KL25Z4/debug/libksdk_platform.a(fsl_lptmr_driver.o)
 .text.LPTMR_DRV_Init
                0x00003ec4      0x124 C:/Freescale/KSDK_1.2.0/lib/ksdk_platform_lib/kds/KL25Z4/debug/libksdk_platform.a(fsl_lptmr_driver.o)
                0x00003ec4                LPTMR_DRV_Init
 .text.LPTMR_DRV_Start
                0x00003fe8       0x4c C:/Freescale/KSDK_1.2.0/lib/ksdk_platform_lib/kds/KL25Z4/debug/libksdk_platform.a(fsl_lptmr_driver.o)
                0x00003fe8                LPTMR_DRV_Start
 .text.LPTMR_DRV_SetTimerPeriodUs
                0x00004034       0xcc C:/Freescale/KSDK_1.2.0/lib/ksdk_platform_lib/kds/KL25Z4/debug/libksdk_platform.a(fsl_lptmr_driver.o)
                0x00004034                LPTMR_DRV_SetTimerPeriodUs
 .text.LPTMR_DRV_InstallCallback
                0x00004100       0x38 C:/Freescale/KSDK_1.2.0/lib/ksdk_platform_lib/kds/KL25Z4/debug/libksdk_platform.a(fsl_lptmr_driver.o)
                0x00004100                LPTMR_DRV_InstallCallback
 .text.LPTMR_DRV_IRQHandler
                0x00004138       0x6c C:/Freescale/KSDK_1.2.0/lib/ksdk_platform_lib/kds/KL25Z4/debug/libksdk_platform.a(fsl_lptmr_driver.o)
                0x00004138                LPTMR_DRV_IRQHandler
 .text.LPSCI_HAL_SetBaudRate
                0x000041a4       0xcc C:/Freescale/KSDK_1.2.0/lib/ksdk_platform_lib/kds/KL25Z4/debug/libksdk_platform.a(fsl_lpsci_hal.o)
                0x000041a4                LPSCI_HAL_SetBaudRate
 .text.LPSCI_HAL_SetParityMode
                0x00004270       0x1e C:/Freescale/KSDK_1.2.0/lib/ksdk_platform_lib/kds/KL25Z4/debug/libksdk_platform.a(fsl_lpsci_hal.o)
                0x00004270                LPSCI_HAL_SetParityMode
 .text.LPSCI_HAL_SendDataPolling
                0x0000428e       0x20 C:/Freescale/KSDK_1.2.0/lib/ksdk_platform_lib/kds/KL25Z4/debug/libksdk_platform.a(fsl_lpsci_hal.o)
                0x0000428e                LPSCI_HAL_SendDataPolling
 .text.LPSCI_HAL_ReceiveDataPolling
                0x000042ae       0x36 C:/Freescale/KSDK_1.2.0/lib/ksdk_platform_lib/kds/KL25Z4/debug/libksdk_platform.a(fsl_lpsci_hal.o)
                0x000042ae                LPSCI_HAL_ReceiveDataPolling
 .text.SIM_HAL_EnableClock.constprop.7
                0x000042e4       0x24 C:/Freescale/KSDK_1.2.0/lib/ksdk_platform_lib/kds/KL25Z4/debug/libksdk_platform.a(fsl_clock_MKL25Z4.o)
 .text.CLOCK_SYS_GetSystemClockFreq
                0x00004308       0x20 C:/Freescale/KSDK_1.2.0/lib/ksdk_platform_lib/kds/KL25Z4/debug/libksdk_platform.a(fsl_clock_MKL25Z4.o)
                0x00004308                CLOCK_SYS_GetSystemClockFreq
 .text.CLOCK_SYS_GetBusClockFreq
                0x00004328       0x18 C:/Freescale/KSDK_1.2.0/lib/ksdk_platform_lib/kds/KL25Z4/debug/libksdk_platform.a(fsl_clock_MKL25Z4.o)
                0x00004328                CLOCK_SYS_GetBusClockFreq
 .text.CLOCK_SYS_GetPllFllClockFreq
                0x00004340       0x30 C:/Freescale/KSDK_1.2.0/lib/ksdk_platform_lib/kds/KL25Z4/debug/libksdk_platform.a(fsl_clock_MKL25Z4.o)
                0x00004340                CLOCK_SYS_GetPllFllClockFreq
 .text.CLOCK_SYS_GetExternalRefClock32kFreq
                0x00004370       0x40 C:/Freescale/KSDK_1.2.0/lib/ksdk_platform_lib/kds/KL25Z4/debug/libksdk_platform.a(fsl_clock_MKL25Z4.o)
                0x00004370                CLOCK_SYS_GetExternalRefClock32kFreq
 .text.CLOCK_SYS_GetOsc0ExternalRefClockFreq
                0x000043b0       0x24 C:/Freescale/KSDK_1.2.0/lib/ksdk_platform_lib/kds/KL25Z4/debug/libksdk_platform.a(fsl_clock_MKL25Z4.o)
                0x000043b0                CLOCK_SYS_GetOsc0ExternalRefClockFreq
 .text.CLOCK_SYS_GetLptmrFreq
                0x000043d4       0x30 C:/Freescale/KSDK_1.2.0/lib/ksdk_platform_lib/kds/KL25Z4/debug/libksdk_platform.a(fsl_clock_MKL25Z4.o)
                0x000043d4                CLOCK_SYS_GetLptmrFreq
 .text.CLOCK_SYS_GetLpsciFreq
                0x00004404       0x34 C:/Freescale/KSDK_1.2.0/lib/ksdk_platform_lib/kds/KL25Z4/debug/libksdk_platform.a(fsl_clock_MKL25Z4.o)
                0x00004404                CLOCK_SYS_GetLpsciFreq
 .text.CLOCK_SYS_GetUartFreq
                0x00004438       0x10 C:/Freescale/KSDK_1.2.0/lib/ksdk_platform_lib/kds/KL25Z4/debug/libksdk_platform.a(fsl_clock_MKL25Z4.o)
                0x00004438                CLOCK_SYS_GetUartFreq
 .text.CLOCK_SYS_EnableLpsciClock
                0x00004448       0x30 C:/Freescale/KSDK_1.2.0/lib/ksdk_platform_lib/kds/KL25Z4/debug/libksdk_platform.a(fsl_clock_MKL25Z4.o)
                0x00004448                CLOCK_SYS_EnableLpsciClock
 .text.CLOCK_SYS_EnableUartClock
                0x00004478       0x30 C:/Freescale/KSDK_1.2.0/lib/ksdk_platform_lib/kds/KL25Z4/debug/libksdk_platform.a(fsl_clock_MKL25Z4.o)
                0x00004478                CLOCK_SYS_EnableUartClock
 .text.CLOCK_HAL_TestFllExternalRefFreq
                0x000044a8       0x36 C:/Freescale/KSDK_1.2.0/lib/ksdk_platform_lib/kds/KL25Z4/debug/libksdk_platform.a(fsl_mcg_hal.o)
                0x000044a8                CLOCK_HAL_TestFllExternalRefFreq
 *fill*         0x000044de        0x2 
 .text.CLOCK_HAL_GetFllRefClk
                0x000044e0       0x44 C:/Freescale/KSDK_1.2.0/lib/ksdk_platform_lib/kds/KL25Z4/debug/libksdk_platform.a(fsl_mcg_hal.o)
                0x000044e0                CLOCK_HAL_GetFllRefClk
 .text.CLOCK_HAL_TestFllFreq
                0x00004524       0x38 C:/Freescale/KSDK_1.2.0/lib/ksdk_platform_lib/kds/KL25Z4/debug/libksdk_platform.a(fsl_mcg_hal.o)
                0x00004524                CLOCK_HAL_TestFllFreq
 .text.CLOCK_HAL_GetFllClk
                0x0000455c       0x40 C:/Freescale/KSDK_1.2.0/lib/ksdk_platform_lib/kds/KL25Z4/debug/libksdk_platform.a(fsl_mcg_hal.o)
                0x0000455c                CLOCK_HAL_GetFllClk
 .text.CLOCK_HAL_GetPll0Clk
                0x0000459c       0x48 C:/Freescale/KSDK_1.2.0/lib/ksdk_platform_lib/kds/KL25Z4/debug/libksdk_platform.a(fsl_mcg_hal.o)
                0x0000459c                CLOCK_HAL_GetPll0Clk
 .text.CLOCK_HAL_GetInternalRefClk
                0x000045e4       0x40 C:/Freescale/KSDK_1.2.0/lib/ksdk_platform_lib/kds/KL25Z4/debug/libksdk_platform.a(fsl_mcg_hal.o)
                0x000045e4                CLOCK_HAL_GetInternalRefClk
 .text.CLOCK_HAL_GetOutClk
                0x00004624       0x48 C:/Freescale/KSDK_1.2.0/lib/ksdk_platform_lib/kds/KL25Z4/debug/libksdk_platform.a(fsl_mcg_hal.o)
                0x00004624                CLOCK_HAL_GetOutClk
 .text.LPTMR_HAL_SetTimerWorkingMode
                0x0000466c       0x3a C:/Freescale/KSDK_1.2.0/lib/ksdk_platform_lib/kds/KL25Z4/debug/libksdk_platform.a(fsl_lptmr_hal.o)
                0x0000466c                LPTMR_HAL_SetTimerWorkingMode
 .text.LPTMR_HAL_SetPrescalerMode
                0x000046a6       0x1e C:/Freescale/KSDK_1.2.0/lib/ksdk_platform_lib/kds/KL25Z4/debug/libksdk_platform.a(fsl_lptmr_hal.o)
                0x000046a6                LPTMR_HAL_SetPrescalerMode
 .text.__assert_func
                0x000046c4       0x3c c:/freescale/kds_v3/toolchain/bin/../lib/gcc/arm-none-eabi/4.8.4/../../../../arm-none-eabi/lib/armv6-m\libg_s.a(lib_a-assert.o)
                0x000046c4                __assert_func
 .text.exit     0x00004700       0x2c c:/freescale/kds_v3/toolchain/bin/../lib/gcc/arm-none-eabi/4.8.4/../../../../arm-none-eabi/lib/armv6-m\libg_s.a(lib_a-exit.o)
                0x00004700                exit
 .text.fprintf  0x0000472c       0x24 c:/freescale/kds_v3/toolchain/bin/../lib/gcc/arm-none-eabi/4.8.4/../../../../arm-none-eabi/lib/armv6-m\libg_s.a(lib_a-fprintf.o)
                0x0000472c                fiprintf
                0x0000472c                fprintf
 .text.__libc_init_array
                0x00004750       0x4c c:/freescale/kds_v3/toolchain/bin/../lib/gcc/arm-none-eabi/4.8.4/../../../../arm-none-eabi/lib/armv6-m\libg_s.a(lib_a-init.o)
                0x00004750                __libc_init_array
 .text.memset   0x0000479c       0x10 c:/freescale/kds_v3/toolchain/bin/../lib/gcc/arm-none-eabi/4.8.4/../../../../arm-none-eabi/lib/armv6-m\libg_s.a(lib_a-memset.o)
                0x0000479c                memset
 .text._free_r  0x000047ac       0x90 c:/freescale/kds_v3/toolchain/bin/../lib/gcc/arm-none-eabi/4.8.4/../../../../arm-none-eabi/lib/armv6-m\libg_s.a(lib_a-nano-freer.o)
                0x000047ac                _free_r
 .text._malloc_r
                0x0000483c       0xa8 c:/freescale/kds_v3/toolchain/bin/../lib/gcc/arm-none-eabi/4.8.4/../../../../arm-none-eabi/lib/armv6-m\libg_s.a(lib_a-nano-mallocr.o)
                0x0000483c                _malloc_r
 .text._sbrk_r  0x000048e4       0x24 c:/freescale/kds_v3/toolchain/bin/../lib/gcc/arm-none-eabi/4.8.4/../../../../arm-none-eabi/lib/armv6-m\libg_s.a(lib_a-sbrkr.o)
                0x000048e4                _sbrk_r
 .text.strlen   0x00004908        0xe c:/freescale/kds_v3/toolchain/bin/../lib/gcc/arm-none-eabi/4.8.4/../../../../arm-none-eabi/lib/armv6-m\libg_s.a(lib_a-strlen.o)
                0x00004908                strlen
 .text.__sfputc_r
                0x00004916       0x2a c:/freescale/kds_v3/toolchain/bin/../lib/gcc/arm-none-eabi/4.8.4/../../../../arm-none-eabi/lib/armv6-m\libg_s.a(lib_a-vfprintf.o)
 .text.__sfputs_r
                0x00004940       0x24 c:/freescale/kds_v3/toolchain/bin/../lib/gcc/arm-none-eabi/4.8.4/../../../../arm-none-eabi/lib/armv6-m\libg_s.a(lib_a-vfprintf.o)
                0x00004940                __sfputs_r
 .text._vfprintf_r
                0x00004964      0x210 c:/freescale/kds_v3/toolchain/bin/../lib/gcc/arm-none-eabi/4.8.4/../../../../arm-none-eabi/lib/armv6-m\libg_s.a(lib_a-vfprintf.o)
                0x00004964                _vfprintf_r
                0x00004964                _vfiprintf_r
 .text._printf_common
                0x00004b74       0xe8 c:/freescale/kds_v3/toolchain/bin/../lib/gcc/arm-none-eabi/4.8.4/../../../../arm-none-eabi/lib/armv6-m\libg_s.a(lib_a-vfprintf_i.o)
                0x00004b74                _printf_common
 .text._printf_i
                0x00004c5c      0x22c c:/freescale/kds_v3/toolchain/bin/../lib/gcc/arm-none-eabi/4.8.4/../../../../arm-none-eabi/lib/armv6-m\libg_s.a(lib_a-vfprintf_i.o)
                0x00004c5c                _printf_i
 .text.__swbuf_r
                0x00004e88       0xb0 c:/freescale/kds_v3/toolchain/bin/../lib/gcc/arm-none-eabi/4.8.4/../../../../arm-none-eabi/lib/armv6-m\libg_s.a(lib_a-wbuf.o)
                0x00004e88                __swbuf_r
 .text.__swsetup_r
                0x00004f38       0xe4 c:/freescale/kds_v3/toolchain/bin/../lib/gcc/arm-none-eabi/4.8.4/../../../../arm-none-eabi/lib/armv6-m\libg_s.a(lib_a-wsetup.o)
                0x00004f38                __swsetup_r
 .text.abort    0x0000501c        0xe c:/freescale/kds_v3/toolchain/bin/../lib/gcc/arm-none-eabi/4.8.4/../../../../arm-none-eabi/lib/armv6-m\libg_s.a(lib_a-abort.o)
                0x0000501c                abort
 .text.__sflush_r
                0x0000502a      0x112 c:/freescale/kds_v3/toolchain/bin/../lib/gcc/arm-none-eabi/4.8.4/../../../../arm-none-eabi/lib/armv6-m\libg_s.a(lib_a-fflush.o)
                0x0000502a                __sflush_r
 .text._fflush_r
                0x0000513c       0x58 c:/freescale/kds_v3/toolchain/bin/../lib/gcc/arm-none-eabi/4.8.4/../../../../arm-none-eabi/lib/armv6-m\libg_s.a(lib_a-fflush.o)
                0x0000513c                _fflush_r
 .text._cleanup_r
                0x00005194       0x34 c:/freescale/kds_v3/toolchain/bin/../lib/gcc/arm-none-eabi/4.8.4/../../../../arm-none-eabi/lib/armv6-m\libg_s.a(lib_a-findfp.o)
                0x00005194                _cleanup_r
 .text.std.isra.0
                0x000051c8       0x48 c:/freescale/kds_v3/toolchain/bin/../lib/gcc/arm-none-eabi/4.8.4/../../../../arm-none-eabi/lib/armv6-m\libg_s.a(lib_a-findfp.o)
 .text.__sfmoreglue
                0x00005210       0x2c c:/freescale/kds_v3/toolchain/bin/../lib/gcc/arm-none-eabi/4.8.4/../../../../arm-none-eabi/lib/armv6-m\libg_s.a(lib_a-findfp.o)
                0x00005210                __sfmoreglue
 .text.__sinit  0x0000523c       0x64 c:/freescale/kds_v3/toolchain/bin/../lib/gcc/arm-none-eabi/4.8.4/../../../../arm-none-eabi/lib/armv6-m\libg_s.a(lib_a-findfp.o)
                0x0000523c                __sinit
 .text.__sfp    0x000052a0       0x7c c:/freescale/kds_v3/toolchain/bin/../lib/gcc/arm-none-eabi/4.8.4/../../../../arm-none-eabi/lib/armv6-m\libg_s.a(lib_a-findfp.o)
                0x000052a0                __sfp
 .text.__smakebuf_r
                0x0000531c       0xa0 c:/freescale/kds_v3/toolchain/bin/../lib/gcc/arm-none-eabi/4.8.4/../../../../arm-none-eabi/lib/armv6-m\libg_s.a(lib_a-makebuf.o)
                0x0000531c                __smakebuf_r
 .text.memchr   0x000053bc       0x16 c:/freescale/kds_v3/toolchain/bin/../lib/gcc/arm-none-eabi/4.8.4/../../../../arm-none-eabi/lib/armv6-m\libg_s.a(lib_a-memchr-stub.o)
                0x000053bc                memchr
 .text._raise_r
                0x000053d2       0x56 c:/freescale/kds_v3/toolchain/bin/../lib/gcc/arm-none-eabi/4.8.4/../../../../arm-none-eabi/lib/armv6-m\libg_s.a(lib_a-signal.o)
                0x000053d2                _raise_r
 .text.raise    0x00005428       0x14 c:/freescale/kds_v3/toolchain/bin/../lib/gcc/arm-none-eabi/4.8.4/../../../../arm-none-eabi/lib/armv6-m\libg_s.a(lib_a-signal.o)
                0x00005428                raise
 .text._kill_r  0x0000543c       0x24 c:/freescale/kds_v3/toolchain/bin/../lib/gcc/arm-none-eabi/4.8.4/../../../../arm-none-eabi/lib/armv6-m\libg_s.a(lib_a-signalr.o)
                0x0000543c                _kill_r
 .text._getpid_r
                0x00005460        0x8 c:/freescale/kds_v3/toolchain/bin/../lib/gcc/arm-none-eabi/4.8.4/../../../../arm-none-eabi/lib/armv6-m\libg_s.a(lib_a-signalr.o)
                0x00005460                _getpid_r
 .text.__sread  0x00005468       0x28 c:/freescale/kds_v3/toolchain/bin/../lib/gcc/arm-none-eabi/4.8.4/../../../../arm-none-eabi/lib/armv6-m\libg_s.a(lib_a-stdio.o)
                0x00005468                __sread
 .text.__swrite
                0x00005490       0x38 c:/freescale/kds_v3/toolchain/bin/../lib/gcc/arm-none-eabi/4.8.4/../../../../arm-none-eabi/lib/armv6-m\libg_s.a(lib_a-stdio.o)
                0x00005490                __swrite
 .text.__sseek  0x000054c8       0x2c c:/freescale/kds_v3/toolchain/bin/../lib/gcc/arm-none-eabi/4.8.4/../../../../arm-none-eabi/lib/armv6-m\libg_s.a(lib_a-stdio.o)
                0x000054c8                __sseek
 .text.__sclose
                0x000054f4        0xc c:/freescale/kds_v3/toolchain/bin/../lib/gcc/arm-none-eabi/4.8.4/../../../../arm-none-eabi/lib/armv6-m\libg_s.a(lib_a-stdio.o)
                0x000054f4                __sclose
 .text._write_r
                0x00005500       0x28 c:/freescale/kds_v3/toolchain/bin/../lib/gcc/arm-none-eabi/4.8.4/../../../../arm-none-eabi/lib/armv6-m\libg_s.a(lib_a-writer.o)
                0x00005500                _write_r
 .text._close_r
                0x00005528       0x24 c:/freescale/kds_v3/toolchain/bin/../lib/gcc/arm-none-eabi/4.8.4/../../../../arm-none-eabi/lib/armv6-m\libg_s.a(lib_a-closer.o)
                0x00005528                _close_r
 .text._fstat_r
                0x0000554c       0x24 c:/freescale/kds_v3/toolchain/bin/../lib/gcc/arm-none-eabi/4.8.4/../../../../arm-none-eabi/lib/armv6-m\libg_s.a(lib_a-fstatr.o)
                0x0000554c                _fstat_r
 .text._isatty_r
                0x00005570       0x24 c:/freescale/kds_v3/toolchain/bin/../lib/gcc/arm-none-eabi/4.8.4/../../../../arm-none-eabi/lib/armv6-m\libg_s.a(lib_a-isattyr.o)
                0x00005570                _isatty_r
 .text._lseek_r
                0x00005594       0x28 c:/freescale/kds_v3/toolchain/bin/../lib/gcc/arm-none-eabi/4.8.4/../../../../arm-none-eabi/lib/armv6-m\libg_s.a(lib_a-lseekr.o)
                0x00005594                _lseek_r
 .text._read_r  0x000055bc       0x28 c:/freescale/kds_v3/toolchain/bin/../lib/gcc/arm-none-eabi/4.8.4/../../../../arm-none-eabi/lib/armv6-m\libg_s.a(lib_a-readr.o)
                0x000055bc                _read_r
 .text._close   0x000055e4       0x10 c:/freescale/kds_v3/toolchain/bin/../lib/gcc/arm-none-eabi/4.8.4/../../../../arm-none-eabi/lib/armv6-m\libnosys.a(close.o)
                0x000055e4                _close
 .text._fstat   0x000055f4       0x10 c:/freescale/kds_v3/toolchain/bin/../lib/gcc/arm-none-eabi/4.8.4/../../../../arm-none-eabi/lib/armv6-m\libnosys.a(fstat.o)
                0x000055f4                _fstat
 .text._getpid  0x00005604       0x10 c:/freescale/kds_v3/toolchain/bin/../lib/gcc/arm-none-eabi/4.8.4/../../../../arm-none-eabi/lib/armv6-m\libnosys.a(getpid.o)
                0x00005604                _getpid
 .text._isatty  0x00005614       0x10 c:/freescale/kds_v3/toolchain/bin/../lib/gcc/arm-none-eabi/4.8.4/../../../../arm-none-eabi/lib/armv6-m\libnosys.a(isatty.o)
                0x00005614                _isatty
 .text._kill    0x00005624       0x10 c:/freescale/kds_v3/toolchain/bin/../lib/gcc/arm-none-eabi/4.8.4/../../../../arm-none-eabi/lib/armv6-m\libnosys.a(kill.o)
                0x00005624                _kill
 .text._lseek   0x00005634       0x10 c:/freescale/kds_v3/toolchain/bin/../lib/gcc/arm-none-eabi/4.8.4/../../../../arm-none-eabi/lib/armv6-m\libnosys.a(lseek.o)
                0x00005634                _lseek
 .text._sbrk    0x00005644       0x34 c:/freescale/kds_v3/toolchain/bin/../lib/gcc/arm-none-eabi/4.8.4/../../../../arm-none-eabi/lib/armv6-m\libnosys.a(sbrk.o)
                0x00005644                _sbrk
 .text._exit    0x00005678        0x4 c:/freescale/kds_v3/toolchain/bin/../lib/gcc/arm-none-eabi/4.8.4/../../../../arm-none-eabi/lib/armv6-m\libnosys.a(_exit.o)
                0x00005678                _exit
 *(.rodata)
 .rodata        0x0000567c       0x44 ./Sources/UART.o
 .rodata        0x000056c0       0x28 ./Sources/communicationStateMachine.o
 .rodata        0x000056e8        0xc ./Sources/fsl_debug_console.o
 .rodata        0x000056f4       0x44 ./Sources/lcdTemp.o
 .rodata        0x00005738       0x40 c:/freescale/kds_v3/toolchain/bin/../lib/gcc/arm-none-eabi/4.8.4/armv6-m\libgcc.a(mulsf3.o)
 *(.rodata*)
 .rodata.__func__.6323
                0x00005778       0x14 ./Sources/UART.o
 .rodata.returnParam
                0x0000578c       0x48 ./Sources/communicationStateMachine.o
 .rodata.processByteCommUART
                0x000057d4       0x18 ./Sources/communicationStateMachine.o
 .rodata.display7seg_writeChar
                0x000057ec       0x18 ./Sources/display7seg.o
 .rodata.display7seg_writeSymbol
                0x00005804       0x28 ./Sources/display7seg.o
 .rodata.tabela_temp
                0x0000582c      0x100 ./Sources/lut_adc_3v3.o
                0x0000582c                tabela_temp
 .rodata._doprint
                0x0000592c       0xc8 ./Sources/print_scan.o
 .rodata.__func__.6554
                0x000059f4       0x1a C:/Freescale/KSDK_1.2.0/lib/ksdk_platform_lib/kds/KL25Z4/debug/libksdk_platform.a(fsl_lptmr_driver.o)
 .rodata.__func__.6558
                0x00005a0e       0x15 C:/Freescale/KSDK_1.2.0/lib/ksdk_platform_lib/kds/KL25Z4/debug/libksdk_platform.a(fsl_lptmr_driver.o)
 .rodata.str1.1
                0x00005a23      0x11b C:/Freescale/KSDK_1.2.0/lib/ksdk_platform_lib/kds/KL25Z4/debug/libksdk_platform.a(fsl_lptmr_driver.o)
 .rodata.__func__.6506
                0x00005b3e        0xf C:/Freescale/KSDK_1.2.0/lib/ksdk_platform_lib/kds/KL25Z4/debug/libksdk_platform.a(fsl_lptmr_driver.o)
 .rodata.__func__.5685
                0x00005b4d       0x12 C:/Freescale/KSDK_1.2.0/lib/ksdk_platform_lib/kds/KL25Z4/debug/libksdk_platform.a(fsl_lptmr_driver.o)
 .rodata.__func__.5689
                0x00005b5f       0x13 C:/Freescale/KSDK_1.2.0/lib/ksdk_platform_lib/kds/KL25Z4/debug/libksdk_platform.a(fsl_lptmr_driver.o)
 .rodata.__func__.6518
                0x00005b72       0x10 C:/Freescale/KSDK_1.2.0/lib/ksdk_platform_lib/kds/KL25Z4/debug/libksdk_platform.a(fsl_lptmr_driver.o)
 .rodata.__func__.6529
                0x00005b82       0x1b C:/Freescale/KSDK_1.2.0/lib/ksdk_platform_lib/kds/KL25Z4/debug/libksdk_platform.a(fsl_lptmr_driver.o)
 .rodata.uartGateTable
                0x00005b9d        0x3 C:/Freescale/KSDK_1.2.0/lib/ksdk_platform_lib/kds/KL25Z4/debug/libksdk_platform.a(fsl_clock_MKL25Z4.o)
 .rodata.__func__.6521
                0x00005ba0       0x1a C:/Freescale/KSDK_1.2.0/lib/ksdk_platform_lib/kds/KL25Z4/debug/libksdk_platform.a(fsl_clock_MKL25Z4.o)
 .rodata.__func__.6516
                0x00005bba       0x1b C:/Freescale/KSDK_1.2.0/lib/ksdk_platform_lib/kds/KL25Z4/debug/libksdk_platform.a(fsl_clock_MKL25Z4.o)
 .rodata.str1.1
                0x00005bd5      0x225 C:/Freescale/KSDK_1.2.0/lib/ksdk_platform_lib/kds/KL25Z4/debug/libksdk_platform.a(fsl_clock_MKL25Z4.o)
 *fill*         0x00005dfa        0x2 
 .rodata.g_oscBase
                0x00005dfc        0x4 C:/Freescale/KSDK_1.2.0/lib/ksdk_platform_lib/kds/KL25Z4/debug/libksdk_platform.a(fsl_clock_manager_common.o)
                0x00005dfc                g_oscBase
 .rodata.fllFactorTable.5183
                0x00005e00       0x10 C:/Freescale/KSDK_1.2.0/lib/ksdk_platform_lib/kds/KL25Z4/debug/libksdk_platform.a(fsl_mcg_hal.o)
 .rodata.g_lptmrBase
                0x00005e10        0x4 C:/Freescale/KSDK_1.2.0/lib/ksdk_platform_lib/kds/KL25Z4/debug/libksdk_platform.a(fsl_lptmr_common.o)
                0x00005e10                g_lptmrBase
 .rodata.g_lptmrIrqId
                0x00005e14        0x1 C:/Freescale/KSDK_1.2.0/lib/ksdk_platform_lib/kds/KL25Z4/debug/libksdk_platform.a(fsl_lptmr_common.o)
                0x00005e14                g_lptmrIrqId
 .rodata.str1.1
                0x00005e15       0x3c c:/freescale/kds_v3/toolchain/bin/../lib/gcc/arm-none-eabi/4.8.4/../../../../arm-none-eabi/lib/armv6-m\libg_s.a(lib_a-assert.o)
                                 0x3d (size before relaxing)
 .rodata.str1.1
                0x00005e51        0x2 c:/freescale/kds_v3/toolchain/bin/../lib/gcc/arm-none-eabi/4.8.4/../../../../arm-none-eabi/lib/armv6-m\libg_s.a(lib_a-impure.o)
 *fill*         0x00005e53        0x1 
 .rodata._global_impure_ptr
                0x00005e54        0x4 c:/freescale/kds_v3/toolchain/bin/../lib/gcc/arm-none-eabi/4.8.4/../../../../arm-none-eabi/lib/armv6-m\libg_s.a(lib_a-impure.o)
                0x00005e54                _global_impure_ptr
 .rodata.str1.1
                0x00005e58       0x11 c:/freescale/kds_v3/toolchain/bin/../lib/gcc/arm-none-eabi/4.8.4/../../../../arm-none-eabi/lib/armv6-m\libg_s.a(lib_a-vfprintf.o)
 .rodata.str1.1
                0x00005e69       0x22 c:/freescale/kds_v3/toolchain/bin/../lib/gcc/arm-none-eabi/4.8.4/../../../../arm-none-eabi/lib/armv6-m\libg_s.a(lib_a-vfprintf_i.o)
 *fill*         0x00005e8b        0x1 
 .rodata.__sf_fake_stdin
                0x00005e8c       0x20 c:/freescale/kds_v3/toolchain/bin/../lib/gcc/arm-none-eabi/4.8.4/../../../../arm-none-eabi/lib/armv6-m\libg_s.a(lib_a-findfp.o)
                0x00005e8c                __sf_fake_stdin
 .rodata.__sf_fake_stdout
                0x00005eac       0x20 c:/freescale/kds_v3/toolchain/bin/../lib/gcc/arm-none-eabi/4.8.4/../../../../arm-none-eabi/lib/armv6-m\libg_s.a(lib_a-findfp.o)
                0x00005eac                __sf_fake_stdout
 .rodata.__sf_fake_stderr
                0x00005ecc       0x20 c:/freescale/kds_v3/toolchain/bin/../lib/gcc/arm-none-eabi/4.8.4/../../../../arm-none-eabi/lib/armv6-m\libg_s.a(lib_a-findfp.o)
                0x00005ecc                __sf_fake_stderr
 *(.glue_7)
 .glue_7        0x00000000        0x0 linker stubs
 *(.glue_7t)
 .glue_7t       0x00000000        0x0 linker stubs
 *(.eh_frame)
 .eh_frame      0x00005eec        0x0 c:/freescale/kds_v3/toolchain/bin/../lib/gcc/arm-none-eabi/4.8.4/armv6-m/crtbegin.o
 *(.init)
 .init          0x00005eec        0x4 c:/freescale/kds_v3/toolchain/bin/../lib/gcc/arm-none-eabi/4.8.4/armv6-m/crti.o
                0x00005eec                _init
 .init          0x00005ef0        0x8 c:/freescale/kds_v3/toolchain/bin/../lib/gcc/arm-none-eabi/4.8.4/armv6-m/crtn.o
 *(.fini)
 .fini          0x00005ef8        0x4 c:/freescale/kds_v3/toolchain/bin/../lib/gcc/arm-none-eabi/4.8.4/armv6-m/crti.o
                0x00005ef8                _fini
 .fini          0x00005efc        0x8 c:/freescale/kds_v3/toolchain/bin/../lib/gcc/arm-none-eabi/4.8.4/armv6-m/crtn.o
                0x00005f04                . = ALIGN (0x4)

.vfp11_veneer   0x00005f04        0x0
 .vfp11_veneer  0x00000000        0x0 linker stubs

.v4_bx          0x00005f04        0x0
 .v4_bx         0x00000000        0x0 linker stubs

.iplt           0x00005f04        0x0
 .iplt          0x00000000        0x0 c:/freescale/kds_v3/toolchain/bin/../lib/gcc/arm-none-eabi/4.8.4/armv6-m/crtbegin.o

.ARM.extab
 *(.ARM.extab* .gnu.linkonce.armextab.*)

.ARM            0x00005f04        0x8
                0x00005f04                __exidx_start = .
 *(.ARM.exidx*)
 .ARM.exidx     0x00005f04        0x8 c:/freescale/kds_v3/toolchain/bin/../lib/gcc/arm-none-eabi/4.8.4/../../../../arm-none-eabi/lib/armv6-m/crt0.o
                0x00005f0c                __exidx_end = .

.rel.dyn        0x00005f0c        0x0
 .rel.iplt      0x00000000        0x0 c:/freescale/kds_v3/toolchain/bin/../lib/gcc/arm-none-eabi/4.8.4/armv6-m/crtbegin.o

.ctors          0x00005f0c        0x0
                0x00005f0c                __CTOR_LIST__ = .
 *crtbegin.o(.ctors)
 *crtbegin?.o(.ctors)
 *(EXCLUDE_FILE(*crtend.o *crtend?.o) .ctors)
 *(SORT(.ctors.*))
 *(.ctors)
                0x00005f0c                __CTOR_END__ = .

.dtors          0x00005f0c        0x0
                0x00005f0c                __DTOR_LIST__ = .
 *crtbegin.o(.dtors)
 *crtbegin?.o(.dtors)
 *(EXCLUDE_FILE(*crtend.o *crtend?.o) .dtors)
 *(SORT(.dtors.*))
 *(.dtors)
                0x00005f0c                __DTOR_END__ = .

.preinit_array  0x00005f0c        0x0
                0x00005f0c                PROVIDE (__preinit_array_start, .)
 *(.preinit_array*)
                0x00005f0c                PROVIDE (__preinit_array_end, .)

.init_array     0x00005f0c        0x4
                0x00005f0c                PROVIDE (__init_array_start, .)
 *(SORT(.init_array.*))
 *(.init_array*)
 .init_array    0x00005f0c        0x4 c:/freescale/kds_v3/toolchain/bin/../lib/gcc/arm-none-eabi/4.8.4/armv6-m/crtbegin.o
                0x00005f10                PROVIDE (__init_array_end, .)

.fini_array     0x00005f10        0x4
                0x00005f10                PROVIDE (__fini_array_start, .)
 *(SORT(.fini_array.*))
 *(.fini_array*)
 .fini_array    0x00005f10        0x4 c:/freescale/kds_v3/toolchain/bin/../lib/gcc/arm-none-eabi/4.8.4/armv6-m/crtbegin.o
                0x00005f14                PROVIDE (__fini_array_end, .)
                0x00005f14                __etext = .
                0x00005f14                __DATA_ROM = .

.mtb            0x1ffff000        0x0
                0x1ffff000                . = ALIGN (0x8)
                0x1ffff000                _mtb_start = .
 *(.mtb_buf)
                0x1ffff000                . = ALIGN (0x8)
                0x1ffff000                _mtb_end = .

.interrupts_ram
                0x1ffff000        0x0
                0x1ffff000                . = ALIGN (0x4)
                0x1ffff000                __VECTOR_RAM__ = .
                0x1ffff000                __interrupts_ram_start__ = .
 *(.m_interrupts_ram)
                0x1ffff000                . = (. + M_VECTOR_RAM_SIZE)
                0x1ffff000                . = ALIGN (0x4)
                0x1ffff000                __interrupts_ram_end__ = .
                0x00000000                __VECTOR_RAM = DEFINED (__ram_vector_table__)?__VECTOR_RAM__:ORIGIN (m_interrupts)
                0x00000000                __RAM_VECTOR_TABLE_SIZE_BYTES = DEFINED (__ram_vector_table__)?(__interrupts_ram_end__ - __interrupts_ram_start__):0x0

.data           0x1ffff000       0x8c load address 0x00005f14
                0x1ffff000                . = ALIGN (0x4)
                0x1ffff000                __DATA_RAM = .
                0x1ffff000                __data_start__ = .
 *(.data)
 *(.data*)
 .data.fCoolerDutyTest
                0x1ffff000        0x8 ./Sources/communicationStateMachine.o
                0x1ffff000                fCoolerDutyTest
 .data.fHeaterDutyTest
                0x1ffff008        0x8 ./Sources/communicationStateMachine.o
                0x1ffff008                fHeaterDutyTest
 .data.lptmrConfig
                0x1ffff010        0x8 ./Sources/lptmr.o
                0x1ffff010                lptmrConfig
 .data.ucLCDFrame
                0x1ffff018        0x1 ./Sources/main.o
                0x1ffff018                ucLCDFrame
 .data.ucTempAlvo
                0x1ffff019        0x1 ./Sources/variaveis_globais.o
                0x1ffff019                ucTempAlvo
 .data.ucDezTempAlvo
                0x1ffff01a        0x1 ./Sources/variaveis_globais.o
                0x1ffff01a                ucDezTempAlvo
 *fill*         0x1ffff01b        0x1 
 .data.g_slowInternalRefClkFreq
                0x1ffff01c        0x4 C:/Freescale/KSDK_1.2.0/lib/ksdk_platform_lib/kds/KL25Z4/debug/libksdk_platform.a(fsl_mcg_hal.o)
                0x1ffff01c                g_slowInternalRefClkFreq
 .data.g_fastInternalRefClkFreq
                0x1ffff020        0x4 C:/Freescale/KSDK_1.2.0/lib/ksdk_platform_lib/kds/KL25Z4/debug/libksdk_platform.a(fsl_mcg_hal.o)
                0x1ffff020                g_fastInternalRefClkFreq
 .data.impure_data
                0x1ffff024       0x60 c:/freescale/kds_v3/toolchain/bin/../lib/gcc/arm-none-eabi/4.8.4/../../../../arm-none-eabi/lib/armv6-m\libg_s.a(lib_a-impure.o)
 .data._impure_ptr
                0x1ffff084        0x4 c:/freescale/kds_v3/toolchain/bin/../lib/gcc/arm-none-eabi/4.8.4/../../../../arm-none-eabi/lib/armv6-m\libg_s.a(lib_a-impure.o)
                0x1ffff084                _impure_ptr
 *(.jcr*)
 .jcr           0x1ffff088        0x0 c:/freescale/kds_v3/toolchain/bin/../lib/gcc/arm-none-eabi/4.8.4/armv6-m/crtbegin.o
 .jcr           0x1ffff088        0x4 c:/freescale/kds_v3/toolchain/bin/../lib/gcc/arm-none-eabi/4.8.4/armv6-m/crtend.o
                0x1ffff08c                . = ALIGN (0x4)
                0x1ffff08c                __data_end__ = .
                0x00005fa0                __DATA_END = (__DATA_ROM + (__data_end__ - __data_start__))

.igot.plt       0x1ffff08c        0x0 load address 0x00005fa0
 .igot.plt      0x00000000        0x0 c:/freescale/kds_v3/toolchain/bin/../lib/gcc/arm-none-eabi/4.8.4/armv6-m/crtbegin.o

.bss            0x1ffff08c       0x98 load address 0x00005fa0
                0x1ffff08c                . = ALIGN (0x4)
                0x1ffff08c                __START_BSS = .
                0x1ffff08c                __bss_start__ = .
 *(.bss)
 .bss           0x1ffff08c       0x1c c:/freescale/kds_v3/toolchain/bin/../lib/gcc/arm-none-eabi/4.8.4/armv6-m/crtbegin.o
 *(.bss*)
 .bss.ucCurrentState
                0x1ffff0a8        0x1 ./Sources/communicationStateMachine.o
                0x1ffff0a8                ucCurrentState
 .bss.ucValueCounter
                0x1ffff0a9        0x1 ./Sources/communicationStateMachine.o
                0x1ffff0a9                ucValueCounter
 .bss.ucParam.4393
                0x1ffff0aa        0x1 ./Sources/communicationStateMachine.o
 *fill*         0x1ffff0ab        0x1 
 .bss.ucValue.4394
                0x1ffff0ac        0x8 ./Sources/communicationStateMachine.o
 .bss.s_debugConsole
                0x1ffff0b4       0x10 ./Sources/fsl_debug_console.o
 .bss.cLedSwi1  0x1ffff0c4        0x1 ./Sources/ledSwi.o
                0x1ffff0c4                cLedSwi1
 .bss.cLedSwi2  0x1ffff0c5        0x1 ./Sources/ledSwi.o
                0x1ffff0c5                cLedSwi2
 .bss.cLedSwi3  0x1ffff0c6        0x1 ./Sources/ledSwi.o
                0x1ffff0c6                cLedSwi3
 .bss.cLedSwi4  0x1ffff0c7        0x1 ./Sources/ledSwi.o
                0x1ffff0c7                cLedSwi4
 .bss.ucError   0x1ffff0c8        0x1 ./Sources/ledSwi.o
                0x1ffff0c8                ucError
 .bss.ucEstado  0x1ffff0c9        0x1 ./Sources/main.o
                0x1ffff0c9                ucEstado
 .bss.ucSubestado1
                0x1ffff0ca        0x1 ./Sources/main.o
                0x1ffff0ca                ucSubestado1
 .bss.ucSubestado2
                0x1ffff0cb        0x1 ./Sources/main.o
                0x1ffff0cb                ucSubestado2
 .bss.ucContador1
                0x1ffff0cc        0x1 ./Sources/main.o
                0x1ffff0cc                ucContador1
 .bss.ucContador2
                0x1ffff0cd        0x1 ./Sources/main.o
                0x1ffff0cd                ucContador2
 .bss.ucContadorCtrl
                0x1ffff0ce        0x1 ./Sources/main.o
                0x1ffff0ce                ucContadorCtrl
 .bss.ucSegundos
                0x1ffff0cf        0x1 ./Sources/main.o
                0x1ffff0cf                ucSegundos
 .bss.ucMinutos
                0x1ffff0d0        0x1 ./Sources/main.o
                0x1ffff0d0                ucMinutos
 .bss.ucIdleTime
                0x1ffff0d1        0x1 ./Sources/main.o
                0x1ffff0d1                ucIdleTime
 .bss.ucD7Flag  0x1ffff0d2        0x1 ./Sources/main.o
                0x1ffff0d2                ucD7Flag
 .bss.ucDisableD7
                0x1ffff0d3        0x1 ./Sources/main.o
                0x1ffff0d3                ucDisableD7
 .bss.ucAttCtrl
                0x1ffff0d4        0x1 ./Sources/main.o
                0x1ffff0d4                ucAttCtrl
 .bss.ucTempAtual
                0x1ffff0d5        0x1 ./Sources/variaveis_globais.o
                0x1ffff0d5                ucTempAtual
 .bss.ucUnTempAlvo
                0x1ffff0d6        0x1 ./Sources/variaveis_globais.o
                0x1ffff0d6                ucUnTempAlvo
 .bss.ucUnTempAtual
                0x1ffff0d7        0x1 ./Sources/variaveis_globais.o
                0x1ffff0d7                ucUnTempAtual
 .bss.ucDezTempAtual
                0x1ffff0d8        0x1 ./Sources/variaveis_globais.o
                0x1ffff0d8                ucDezTempAtual
 *fill*         0x1ffff0d9        0x3 
 .bss.fDutyCycle_Heater
                0x1ffff0dc        0x4 ./Sources/variaveis_globais.o
                0x1ffff0dc                fDutyCycle_Heater
 .bss.fKp       0x1ffff0e0        0x4 ./Sources/variaveis_globais.o
                0x1ffff0e0                fKp
 .bss.fKi       0x1ffff0e4        0x4 ./Sources/variaveis_globais.o
                0x1ffff0e4                fKi
 .bss.fKd       0x1ffff0e8        0x4 ./Sources/variaveis_globais.o
                0x1ffff0e8                fKd
 .bss.lptmr_state_ptrs
                0x1ffff0ec        0x4 C:/Freescale/KSDK_1.2.0/lib/ksdk_platform_lib/kds/KL25Z4/debug/libksdk_platform.a(fsl_lptmr_driver.o)
 .bss.g_xtal0ClkFreq
                0x1ffff0f0        0x4 C:/Freescale/KSDK_1.2.0/lib/ksdk_platform_lib/kds/KL25Z4/debug/libksdk_platform.a(fsl_mcg_hal.o)
                0x1ffff0f0                g_xtal0ClkFreq
 .bss.g_xtalRtcClkFreq
                0x1ffff0f4        0x4 C:/Freescale/KSDK_1.2.0/lib/ksdk_platform_lib/kds/KL25Z4/debug/libksdk_platform.a(fsl_mcg_hal.o)
                0x1ffff0f4                g_xtalRtcClkFreq
 .bss.__malloc_sbrk_start
                0x1ffff0f8        0x4 c:/freescale/kds_v3/toolchain/bin/../lib/gcc/arm-none-eabi/4.8.4/../../../../arm-none-eabi/lib/armv6-m\libg_s.a(lib_a-nano-mallocr.o)
                0x1ffff0f8                __malloc_sbrk_start
 .bss.__malloc_free_list
                0x1ffff0fc        0x4 c:/freescale/kds_v3/toolchain/bin/../lib/gcc/arm-none-eabi/4.8.4/../../../../arm-none-eabi/lib/armv6-m\libg_s.a(lib_a-nano-mallocr.o)
                0x1ffff0fc                __malloc_free_list
 .bss.heap_end.4246
                0x1ffff100        0x4 c:/freescale/kds_v3/toolchain/bin/../lib/gcc/arm-none-eabi/4.8.4/../../../../arm-none-eabi/lib/armv6-m\libnosys.a(sbrk.o)
 *(COMMON)
 COMMON         0x1ffff104        0x8 ./Sources/lptmr.o
                0x1ffff104                lptmrState
 COMMON         0x1ffff10c       0x14 ./Sources/pid.o
                0x1ffff10c                pidConfig
 COMMON         0x1ffff120        0x4 c:/freescale/kds_v3/toolchain/bin/../lib/gcc/arm-none-eabi/4.8.4/../../../../arm-none-eabi/lib/armv6-m\libg_s.a(lib_a-reent.o)
                0x1ffff120                errno
                0x1ffff124                . = ALIGN (0x4)
                0x1ffff124                __bss_end__ = .
                0x1ffff124                __END_BSS = .

.heap           0x1ffff124      0x404 load address 0x00006038
                0x1ffff128                . = ALIGN (0x8)
 *fill*         0x1ffff124        0x4 
                0x1ffff128                __end__ = .
                0x1ffff128                PROVIDE (end, .)
                0x1ffff128                __HeapBase = .
                0x1ffff528                . = (. + HEAP_SIZE)
 *fill*         0x1ffff128      0x400 
                0x1ffff528                __HeapLimit = .

.stack          0x1ffff528      0x400 load address 0x0000643c
                0x1ffff528                . = ALIGN (0x8)
                0x1ffff928                . = (. + STACK_SIZE)
 *fill*         0x1ffff528      0x400 
                0x20003000                __StackTop = (ORIGIN (m_data) + 0x4000)
                0x20002c00                __StackLimit = (__StackTop - STACK_SIZE)
                0x20003000                PROVIDE (__stack, __StackTop)

.ARM.attributes
                0x00000000       0x28
 *(.ARM.attributes)
 .ARM.attributes
                0x00000000       0x1e c:/freescale/kds_v3/toolchain/bin/../lib/gcc/arm-none-eabi/4.8.4/armv6-m/crti.o
 .ARM.attributes
                0x0000001e       0x2c c:/freescale/kds_v3/toolchain/bin/../lib/gcc/arm-none-eabi/4.8.4/armv6-m/crtbegin.o
 .ARM.attributes
                0x0000004a       0x1b c:/freescale/kds_v3/toolchain/bin/../lib/gcc/arm-none-eabi/4.8.4/../../../../arm-none-eabi/lib/armv6-m/crt0.o
 .ARM.attributes
                0x00000065       0x32 ./Sources/UART.o
 .ARM.attributes
                0x00000097       0x32 ./Sources/adc.o
 .ARM.attributes
                0x000000c9       0x32 ./Sources/aquecedorECooler.o
 .ARM.attributes
                0x000000fb       0x32 ./Sources/communicationStateMachine.o
 .ARM.attributes
                0x0000012d       0x32 ./Sources/display7Temp.o
 .ARM.attributes
                0x0000015f       0x32 ./Sources/display7seg.o
 .ARM.attributes
                0x00000191       0x32 ./Sources/fsl_debug_console.o
 .ARM.attributes
                0x000001c3       0x32 ./Sources/lcd.o
 .ARM.attributes
                0x000001f5       0x32 ./Sources/lcdTemp.o
 .ARM.attributes
                0x00000227       0x32 ./Sources/ledSwi.o
 .ARM.attributes
                0x00000259       0x32 ./Sources/lptmr.o
 .ARM.attributes
                0x0000028b       0x32 ./Sources/lut_adc_3v3.o
 .ARM.attributes
                0x000002bd       0x32 ./Sources/main.o
 .ARM.attributes
                0x000002ef       0x32 ./Sources/pid.o
 .ARM.attributes
                0x00000321       0x32 ./Sources/print_scan.o
 .ARM.attributes
                0x00000353       0x32 ./Sources/sensTemp.o
 .ARM.attributes
                0x00000385       0x32 ./Sources/util.o
 .ARM.attributes
                0x000003b7       0x32 ./Sources/variaveis_globais.o
 .ARM.attributes
                0x000003e9       0x32 ./Project_Settings/Startup_Code/startup.o
 .ARM.attributes
                0x0000041b       0x1b ./Project_Settings/Startup_Code/startup_MKL25Z4.o
 .ARM.attributes
                0x00000436       0x32 ./Project_Settings/Startup_Code/system_MKL25Z4.o
 .ARM.attributes
                0x00000468       0x32 C:/Freescale/KSDK_1.2.0/lib/ksdk_platform_lib/kds/KL25Z4/debug/libksdk_platform.a(fsl_uart_hal.o)
 .ARM.attributes
                0x0000049a       0x32 C:/Freescale/KSDK_1.2.0/lib/ksdk_platform_lib/kds/KL25Z4/debug/libksdk_platform.a(fsl_lptmr_driver.o)
 .ARM.attributes
                0x000004cc       0x32 C:/Freescale/KSDK_1.2.0/lib/ksdk_platform_lib/kds/KL25Z4/debug/libksdk_platform.a(fsl_lpsci_hal.o)
 .ARM.attributes
                0x000004fe       0x32 C:/Freescale/KSDK_1.2.0/lib/ksdk_platform_lib/kds/KL25Z4/debug/libksdk_platform.a(fsl_clock_MKL25Z4.o)
 .ARM.attributes
                0x00000530       0x32 C:/Freescale/KSDK_1.2.0/lib/ksdk_platform_lib/kds/KL25Z4/debug/libksdk_platform.a(fsl_clock_manager_common.o)
 .ARM.attributes
                0x00000562       0x32 C:/Freescale/KSDK_1.2.0/lib/ksdk_platform_lib/kds/KL25Z4/debug/libksdk_platform.a(fsl_mcg_hal.o)
 .ARM.attributes
                0x00000594       0x32 C:/Freescale/KSDK_1.2.0/lib/ksdk_platform_lib/kds/KL25Z4/debug/libksdk_platform.a(fsl_lptmr_hal.o)
 .ARM.attributes
                0x000005c6       0x32 C:/Freescale/KSDK_1.2.0/lib/ksdk_platform_lib/kds/KL25Z4/debug/libksdk_platform.a(fsl_lptmr_common.o)
 .ARM.attributes
                0x000005f8       0x1e c:/freescale/kds_v3/toolchain/bin/../lib/gcc/arm-none-eabi/4.8.4/armv6-m\libgcc.a(_thumb1_case_uqi.o)
 .ARM.attributes
                0x00000616       0x1e c:/freescale/kds_v3/toolchain/bin/../lib/gcc/arm-none-eabi/4.8.4/armv6-m\libgcc.a(_udivsi3.o)
 .ARM.attributes
                0x00000634       0x1e c:/freescale/kds_v3/toolchain/bin/../lib/gcc/arm-none-eabi/4.8.4/armv6-m\libgcc.a(_divsi3.o)
 .ARM.attributes
                0x00000652       0x1e c:/freescale/kds_v3/toolchain/bin/../lib/gcc/arm-none-eabi/4.8.4/armv6-m\libgcc.a(_dvmd_tls.o)
 .ARM.attributes
                0x00000670       0x1e c:/freescale/kds_v3/toolchain/bin/../lib/gcc/arm-none-eabi/4.8.4/armv6-m\libgcc.a(_arm_cmpsf2.o)
 .ARM.attributes
                0x0000068e       0x2c c:/freescale/kds_v3/toolchain/bin/../lib/gcc/arm-none-eabi/4.8.4/armv6-m\libgcc.a(_fixunssfsi.o)
 .ARM.attributes
                0x000006ba       0x2c c:/freescale/kds_v3/toolchain/bin/../lib/gcc/arm-none-eabi/4.8.4/armv6-m\libgcc.a(addsf3.o)
 .ARM.attributes
                0x000006e6       0x2c c:/freescale/kds_v3/toolchain/bin/../lib/gcc/arm-none-eabi/4.8.4/armv6-m\libgcc.a(eqsf2.o)
 .ARM.attributes
                0x00000712       0x2c c:/freescale/kds_v3/toolchain/bin/../lib/gcc/arm-none-eabi/4.8.4/armv6-m\libgcc.a(gesf2.o)
 .ARM.attributes
                0x0000073e       0x2c c:/freescale/kds_v3/toolchain/bin/../lib/gcc/arm-none-eabi/4.8.4/armv6-m\libgcc.a(lesf2.o)
 .ARM.attributes
                0x0000076a       0x2c c:/freescale/kds_v3/toolchain/bin/../lib/gcc/arm-none-eabi/4.8.4/armv6-m\libgcc.a(mulsf3.o)
 .ARM.attributes
                0x00000796       0x2c c:/freescale/kds_v3/toolchain/bin/../lib/gcc/arm-none-eabi/4.8.4/armv6-m\libgcc.a(subsf3.o)
 .ARM.attributes
                0x000007c2       0x2c c:/freescale/kds_v3/toolchain/bin/../lib/gcc/arm-none-eabi/4.8.4/armv6-m\libgcc.a(fixsfsi.o)
 .ARM.attributes
                0x000007ee       0x2c c:/freescale/kds_v3/toolchain/bin/../lib/gcc/arm-none-eabi/4.8.4/armv6-m\libgcc.a(floatsisf.o)
 .ARM.attributes
                0x0000081a       0x2c c:/freescale/kds_v3/toolchain/bin/../lib/gcc/arm-none-eabi/4.8.4/armv6-m\libgcc.a(floatunsisf.o)
 .ARM.attributes
                0x00000846       0x2c c:/freescale/kds_v3/toolchain/bin/../lib/gcc/arm-none-eabi/4.8.4/armv6-m\libgcc.a(extendsfdf2.o)
 .ARM.attributes
                0x00000872       0x1e c:/freescale/kds_v3/toolchain/bin/../lib/gcc/arm-none-eabi/4.8.4/armv6-m\libgcc.a(_clzsi2.o)
 .ARM.attributes
                0x00000890       0x2c c:/freescale/kds_v3/toolchain/bin/../lib/gcc/arm-none-eabi/4.8.4/../../../../arm-none-eabi/lib/armv6-m\libg_s.a(lib_a-assert.o)
 .ARM.attributes
                0x000008bc       0x2c c:/freescale/kds_v3/toolchain/bin/../lib/gcc/arm-none-eabi/4.8.4/../../../../arm-none-eabi/lib/armv6-m\libg_s.a(lib_a-exit.o)
 .ARM.attributes
                0x000008e8       0x2c c:/freescale/kds_v3/toolchain/bin/../lib/gcc/arm-none-eabi/4.8.4/../../../../arm-none-eabi/lib/armv6-m\libg_s.a(lib_a-fprintf.o)
 .ARM.attributes
                0x00000914       0x2c c:/freescale/kds_v3/toolchain/bin/../lib/gcc/arm-none-eabi/4.8.4/../../../../arm-none-eabi/lib/armv6-m\libg_s.a(lib_a-impure.o)
 .ARM.attributes
                0x00000940       0x2c c:/freescale/kds_v3/toolchain/bin/../lib/gcc/arm-none-eabi/4.8.4/../../../../arm-none-eabi/lib/armv6-m\libg_s.a(lib_a-init.o)
 .ARM.attributes
                0x0000096c       0x2c c:/freescale/kds_v3/toolchain/bin/../lib/gcc/arm-none-eabi/4.8.4/../../../../arm-none-eabi/lib/armv6-m\libg_s.a(lib_a-memset.o)
 .ARM.attributes
                0x00000998       0x2c c:/freescale/kds_v3/toolchain/bin/../lib/gcc/arm-none-eabi/4.8.4/../../../../arm-none-eabi/lib/armv6-m\libg_s.a(lib_a-nano-freer.o)
 .ARM.attributes
                0x000009c4       0x2c c:/freescale/kds_v3/toolchain/bin/../lib/gcc/arm-none-eabi/4.8.4/../../../../arm-none-eabi/lib/armv6-m\libg_s.a(lib_a-nano-mallocr.o)
 .ARM.attributes
                0x000009f0       0x2c c:/freescale/kds_v3/toolchain/bin/../lib/gcc/arm-none-eabi/4.8.4/../../../../arm-none-eabi/lib/armv6-m\libg_s.a(lib_a-sbrkr.o)
 .ARM.attributes
                0x00000a1c       0x2c c:/freescale/kds_v3/toolchain/bin/../lib/gcc/arm-none-eabi/4.8.4/../../../../arm-none-eabi/lib/armv6-m\libg_s.a(lib_a-strlen.o)
 .ARM.attributes
                0x00000a48       0x2c c:/freescale/kds_v3/toolchain/bin/../lib/gcc/arm-none-eabi/4.8.4/../../../../arm-none-eabi/lib/armv6-m\libg_s.a(lib_a-vfprintf.o)
 .ARM.attributes
                0x00000a74       0x2c c:/freescale/kds_v3/toolchain/bin/../lib/gcc/arm-none-eabi/4.8.4/../../../../arm-none-eabi/lib/armv6-m\libg_s.a(lib_a-vfprintf_i.o)
 .ARM.attributes
                0x00000aa0       0x2c c:/freescale/kds_v3/toolchain/bin/../lib/gcc/arm-none-eabi/4.8.4/../../../../arm-none-eabi/lib/armv6-m\libg_s.a(lib_a-wbuf.o)
 .ARM.attributes
                0x00000acc       0x2c c:/freescale/kds_v3/toolchain/bin/../lib/gcc/arm-none-eabi/4.8.4/../../../../arm-none-eabi/lib/armv6-m\libg_s.a(lib_a-wsetup.o)
 .ARM.attributes
                0x00000af8       0x2c c:/freescale/kds_v3/toolchain/bin/../lib/gcc/arm-none-eabi/4.8.4/../../../../arm-none-eabi/lib/armv6-m\libg_s.a(lib_a-abort.o)
 .ARM.attributes
                0x00000b24       0x2c c:/freescale/kds_v3/toolchain/bin/../lib/gcc/arm-none-eabi/4.8.4/../../../../arm-none-eabi/lib/armv6-m\libg_s.a(lib_a-fflush.o)
 .ARM.attributes
                0x00000b50       0x2c c:/freescale/kds_v3/toolchain/bin/../lib/gcc/arm-none-eabi/4.8.4/../../../../arm-none-eabi/lib/armv6-m\libg_s.a(lib_a-findfp.o)
 .ARM.attributes
                0x00000b7c       0x2c c:/freescale/kds_v3/toolchain/bin/../lib/gcc/arm-none-eabi/4.8.4/../../../../arm-none-eabi/lib/armv6-m\libg_s.a(lib_a-makebuf.o)
 .ARM.attributes
                0x00000ba8       0x2c c:/freescale/kds_v3/toolchain/bin/../lib/gcc/arm-none-eabi/4.8.4/../../../../arm-none-eabi/lib/armv6-m\libg_s.a(lib_a-memchr-stub.o)
 .ARM.attributes
                0x00000bd4       0x2c c:/freescale/kds_v3/toolchain/bin/../lib/gcc/arm-none-eabi/4.8.4/../../../../arm-none-eabi/lib/armv6-m\libg_s.a(lib_a-reent.o)
 .ARM.attributes
                0x00000c00       0x2c c:/freescale/kds_v3/toolchain/bin/../lib/gcc/arm-none-eabi/4.8.4/../../../../arm-none-eabi/lib/armv6-m\libg_s.a(lib_a-signal.o)
 .ARM.attributes
                0x00000c2c       0x2c c:/freescale/kds_v3/toolchain/bin/../lib/gcc/arm-none-eabi/4.8.4/../../../../arm-none-eabi/lib/armv6-m\libg_s.a(lib_a-signalr.o)
 .ARM.attributes
                0x00000c58       0x2c c:/freescale/kds_v3/toolchain/bin/../lib/gcc/arm-none-eabi/4.8.4/../../../../arm-none-eabi/lib/armv6-m\libg_s.a(lib_a-stdio.o)
 .ARM.attributes
                0x00000c84       0x2c c:/freescale/kds_v3/toolchain/bin/../lib/gcc/arm-none-eabi/4.8.4/../../../../arm-none-eabi/lib/armv6-m\libg_s.a(lib_a-writer.o)
 .ARM.attributes
                0x00000cb0       0x2c c:/freescale/kds_v3/toolchain/bin/../lib/gcc/arm-none-eabi/4.8.4/../../../../arm-none-eabi/lib/armv6-m\libg_s.a(lib_a-closer.o)
 .ARM.attributes
                0x00000cdc       0x2c c:/freescale/kds_v3/toolchain/bin/../lib/gcc/arm-none-eabi/4.8.4/../../../../arm-none-eabi/lib/armv6-m\libg_s.a(lib_a-fstatr.o)
 .ARM.attributes
                0x00000d08       0x2c c:/freescale/kds_v3/toolchain/bin/../lib/gcc/arm-none-eabi/4.8.4/../../../../arm-none-eabi/lib/armv6-m\libg_s.a(lib_a-isattyr.o)
 .ARM.attributes
                0x00000d34       0x2c c:/freescale/kds_v3/toolchain/bin/../lib/gcc/arm-none-eabi/4.8.4/../../../../arm-none-eabi/lib/armv6-m\libg_s.a(lib_a-lseekr.o)
 .ARM.attributes
                0x00000d60       0x2c c:/freescale/kds_v3/toolchain/bin/../lib/gcc/arm-none-eabi/4.8.4/../../../../arm-none-eabi/lib/armv6-m\libg_s.a(lib_a-readr.o)
 .ARM.attributes
                0x00000d8c       0x2c c:/freescale/kds_v3/toolchain/bin/../lib/gcc/arm-none-eabi/4.8.4/../../../../arm-none-eabi/lib/armv6-m\libnosys.a(close.o)
 .ARM.attributes
                0x00000db8       0x2c c:/freescale/kds_v3/toolchain/bin/../lib/gcc/arm-none-eabi/4.8.4/../../../../arm-none-eabi/lib/armv6-m\libnosys.a(fstat.o)
 .ARM.attributes
                0x00000de4       0x2c c:/freescale/kds_v3/toolchain/bin/../lib/gcc/arm-none-eabi/4.8.4/../../../../arm-none-eabi/lib/armv6-m\libnosys.a(getpid.o)
 .ARM.attributes
                0x00000e10       0x2c c:/freescale/kds_v3/toolchain/bin/../lib/gcc/arm-none-eabi/4.8.4/../../../../arm-none-eabi/lib/armv6-m\libnosys.a(isatty.o)
 .ARM.attributes
                0x00000e3c       0x2c c:/freescale/kds_v3/toolchain/bin/../lib/gcc/arm-none-eabi/4.8.4/../../../../arm-none-eabi/lib/armv6-m\libnosys.a(kill.o)
 .ARM.attributes
                0x00000e68       0x2c c:/freescale/kds_v3/toolchain/bin/../lib/gcc/arm-none-eabi/4.8.4/../../../../arm-none-eabi/lib/armv6-m\libnosys.a(lseek.o)
 .ARM.attributes
                0x00000e94       0x2c c:/freescale/kds_v3/toolchain/bin/../lib/gcc/arm-none-eabi/4.8.4/../../../../arm-none-eabi/lib/armv6-m\libnosys.a(sbrk.o)
 .ARM.attributes
                0x00000ec0       0x2c c:/freescale/kds_v3/toolchain/bin/../lib/gcc/arm-none-eabi/4.8.4/../../../../arm-none-eabi/lib/armv6-m\libnosys.a(_exit.o)
 .ARM.attributes
                0x00000eec       0x2c c:/freescale/kds_v3/toolchain/bin/../lib/gcc/arm-none-eabi/4.8.4/armv6-m/crtend.o
 .ARM.attributes
                0x00000f18       0x1e c:/freescale/kds_v3/toolchain/bin/../lib/gcc/arm-none-eabi/4.8.4/armv6-m/crtn.o
                0x00000001                ASSERT ((__StackLimit >= __HeapLimit), region m_data overflowed with stack and heap)
OUTPUT(Projeto_final.elf elf32-littlearm)

.debug_info     0x00000000     0xa970
 .debug_info    0x00000000      0x72a ./Sources/UART.o
 .debug_info    0x0000072a      0x4d2 ./Sources/adc.o
 .debug_info    0x00000bfc      0x484 ./Sources/aquecedorECooler.o
 .debug_info    0x00001080      0x26f ./Sources/communicationStateMachine.o
 .debug_info    0x000012ef       0x69 ./Sources/display7Temp.o
 .debug_info    0x00001358      0x40f ./Sources/display7seg.o
 .debug_info    0x00001767      0xa71 ./Sources/fsl_debug_console.o
 .debug_info    0x000021d8      0x4fc ./Sources/lcd.o
 .debug_info    0x000026d4       0x94 ./Sources/lcdTemp.o
 .debug_info    0x00002768      0x4d8 ./Sources/ledSwi.o
 .debug_info    0x00002c40      0x310 ./Sources/lptmr.o
 .debug_info    0x00002f50       0x56 ./Sources/lut_adc_3v3.o
 .debug_info    0x00002fa6      0x224 ./Sources/main.o
 .debug_info    0x000031ca      0x1c7 ./Sources/pid.o
 .debug_info    0x00003391      0x5eb ./Sources/print_scan.o
 .debug_info    0x0000397c       0xd2 ./Sources/sensTemp.o
 .debug_info    0x00003a4e      0x114 ./Sources/util.o
 .debug_info    0x00003b62       0xda ./Sources/variaveis_globais.o
 .debug_info    0x00003c3c      0x296 ./Project_Settings/Startup_Code/startup.o
 .debug_info    0x00003ed2       0x93 ./Project_Settings/Startup_Code/startup_MKL25Z4.o
 .debug_info    0x00003f65      0x3f4 ./Project_Settings/Startup_Code/system_MKL25Z4.o
 .debug_info    0x00004359      0x934 C:/Freescale/KSDK_1.2.0/lib/ksdk_platform_lib/kds/KL25Z4/debug/libksdk_platform.a(fsl_uart_hal.o)
 .debug_info    0x00004c8d     0x151f C:/Freescale/KSDK_1.2.0/lib/ksdk_platform_lib/kds/KL25Z4/debug/libksdk_platform.a(fsl_lptmr_driver.o)
 .debug_info    0x000061ac      0x9e2 C:/Freescale/KSDK_1.2.0/lib/ksdk_platform_lib/kds/KL25Z4/debug/libksdk_platform.a(fsl_lpsci_hal.o)
 .debug_info    0x00006b8e     0x2546 C:/Freescale/KSDK_1.2.0/lib/ksdk_platform_lib/kds/KL25Z4/debug/libksdk_platform.a(fsl_clock_MKL25Z4.o)
 .debug_info    0x000090d4      0x448 C:/Freescale/KSDK_1.2.0/lib/ksdk_platform_lib/kds/KL25Z4/debug/libksdk_platform.a(fsl_clock_manager_common.o)
 .debug_info    0x0000951c      0xd33 C:/Freescale/KSDK_1.2.0/lib/ksdk_platform_lib/kds/KL25Z4/debug/libksdk_platform.a(fsl_mcg_hal.o)
 .debug_info    0x0000a24f      0x506 C:/Freescale/KSDK_1.2.0/lib/ksdk_platform_lib/kds/KL25Z4/debug/libksdk_platform.a(fsl_lptmr_hal.o)
 .debug_info    0x0000a755      0x21b C:/Freescale/KSDK_1.2.0/lib/ksdk_platform_lib/kds/KL25Z4/debug/libksdk_platform.a(fsl_lptmr_common.o)

.debug_abbrev   0x00000000     0x26cc
 .debug_abbrev  0x00000000      0x17a ./Sources/UART.o
 .debug_abbrev  0x0000017a      0x114 ./Sources/adc.o
 .debug_abbrev  0x0000028e      0x137 ./Sources/aquecedorECooler.o
 .debug_abbrev  0x000003c5      0x10a ./Sources/communicationStateMachine.o
 .debug_abbrev  0x000004cf       0x4b ./Sources/display7Temp.o
 .debug_abbrev  0x0000051a      0x110 ./Sources/display7seg.o
 .debug_abbrev  0x0000062a      0x23a ./Sources/fsl_debug_console.o
 .debug_abbrev  0x00000864      0x15f ./Sources/lcd.o
 .debug_abbrev  0x000009c3       0x7b ./Sources/lcdTemp.o
 .debug_abbrev  0x00000a3e      0x145 ./Sources/ledSwi.o
 .debug_abbrev  0x00000b83       0xf5 ./Sources/lptmr.o
 .debug_abbrev  0x00000c78       0x48 ./Sources/lut_adc_3v3.o
 .debug_abbrev  0x00000cc0       0xbf ./Sources/main.o
 .debug_abbrev  0x00000d7f      0x102 ./Sources/pid.o
 .debug_abbrev  0x00000e81      0x1b6 ./Sources/print_scan.o
 .debug_abbrev  0x00001037       0xc8 ./Sources/sensTemp.o
 .debug_abbrev  0x000010ff       0xa4 ./Sources/util.o
 .debug_abbrev  0x000011a3       0x40 ./Sources/variaveis_globais.o
 .debug_abbrev  0x000011e3       0xe9 ./Project_Settings/Startup_Code/startup.o
 .debug_abbrev  0x000012cc       0x14 ./Project_Settings/Startup_Code/startup_MKL25Z4.o
 .debug_abbrev  0x000012e0      0x109 ./Project_Settings/Startup_Code/system_MKL25Z4.o
 .debug_abbrev  0x000013e9      0x27e C:/Freescale/KSDK_1.2.0/lib/ksdk_platform_lib/kds/KL25Z4/debug/libksdk_platform.a(fsl_uart_hal.o)
 .debug_abbrev  0x00001667      0x3af C:/Freescale/KSDK_1.2.0/lib/ksdk_platform_lib/kds/KL25Z4/debug/libksdk_platform.a(fsl_lptmr_driver.o)
 .debug_abbrev  0x00001a16      0x228 C:/Freescale/KSDK_1.2.0/lib/ksdk_platform_lib/kds/KL25Z4/debug/libksdk_platform.a(fsl_lpsci_hal.o)
 .debug_abbrev  0x00001c3e      0x445 C:/Freescale/KSDK_1.2.0/lib/ksdk_platform_lib/kds/KL25Z4/debug/libksdk_platform.a(fsl_clock_MKL25Z4.o)
 .debug_abbrev  0x00002083       0xdb C:/Freescale/KSDK_1.2.0/lib/ksdk_platform_lib/kds/KL25Z4/debug/libksdk_platform.a(fsl_clock_manager_common.o)
 .debug_abbrev  0x0000215e      0x314 C:/Freescale/KSDK_1.2.0/lib/ksdk_platform_lib/kds/KL25Z4/debug/libksdk_platform.a(fsl_mcg_hal.o)
 .debug_abbrev  0x00002472      0x1ac C:/Freescale/KSDK_1.2.0/lib/ksdk_platform_lib/kds/KL25Z4/debug/libksdk_platform.a(fsl_lptmr_hal.o)
 .debug_abbrev  0x0000261e       0xae C:/Freescale/KSDK_1.2.0/lib/ksdk_platform_lib/kds/KL25Z4/debug/libksdk_platform.a(fsl_lptmr_common.o)

.debug_aranges  0x00000000      0x930
 .debug_aranges
                0x00000000       0x40 ./Sources/UART.o
 .debug_aranges
                0x00000040       0x38 ./Sources/adc.o
 .debug_aranges
                0x00000078       0x48 ./Sources/aquecedorECooler.o
 .debug_aranges
                0x000000c0       0x30 ./Sources/communicationStateMachine.o
 .debug_aranges
                0x000000f0       0x28 ./Sources/display7Temp.o
 .debug_aranges
                0x00000118       0x38 ./Sources/display7seg.o
 .debug_aranges
                0x00000150       0xa0 ./Sources/fsl_debug_console.o
 .debug_aranges
                0x000001f0       0x58 ./Sources/lcd.o
 .debug_aranges
                0x00000248       0x30 ./Sources/lcdTemp.o
 .debug_aranges
                0x00000278       0x48 ./Sources/ledSwi.o
 .debug_aranges
                0x000002c0       0x28 ./Sources/lptmr.o
 .debug_aranges
                0x000002e8       0x18 ./Sources/lut_adc_3v3.o
 .debug_aranges
                0x00000300       0x38 ./Sources/main.o
 .debug_aranges
                0x00000338       0x58 ./Sources/pid.o
 .debug_aranges
                0x00000390       0x48 ./Sources/print_scan.o
 .debug_aranges
                0x000003d8       0x28 ./Sources/sensTemp.o
 .debug_aranges
                0x00000400       0x48 ./Sources/util.o
 .debug_aranges
                0x00000448       0x18 ./Sources/variaveis_globais.o
 .debug_aranges
                0x00000460       0x20 ./Project_Settings/Startup_Code/startup.o
 .debug_aranges
                0x00000480       0x20 ./Project_Settings/Startup_Code/startup_MKL25Z4.o
 .debug_aranges
                0x000004a0       0x28 ./Project_Settings/Startup_Code/system_MKL25Z4.o
 .debug_aranges
                0x000004c8       0xa8 C:/Freescale/KSDK_1.2.0/lib/ksdk_platform_lib/kds/KL25Z4/debug/libksdk_platform.a(fsl_uart_hal.o)
 .debug_aranges
                0x00000570       0x70 C:/Freescale/KSDK_1.2.0/lib/ksdk_platform_lib/kds/KL25Z4/debug/libksdk_platform.a(fsl_lptmr_driver.o)
 .debug_aranges
                0x000005e0       0xb0 C:/Freescale/KSDK_1.2.0/lib/ksdk_platform_lib/kds/KL25Z4/debug/libksdk_platform.a(fsl_lpsci_hal.o)
 .debug_aranges
                0x00000690      0x198 C:/Freescale/KSDK_1.2.0/lib/ksdk_platform_lib/kds/KL25Z4/debug/libksdk_platform.a(fsl_clock_MKL25Z4.o)
 .debug_aranges
                0x00000828       0x18 C:/Freescale/KSDK_1.2.0/lib/ksdk_platform_lib/kds/KL25Z4/debug/libksdk_platform.a(fsl_clock_manager_common.o)
 .debug_aranges
                0x00000840       0xa0 C:/Freescale/KSDK_1.2.0/lib/ksdk_platform_lib/kds/KL25Z4/debug/libksdk_platform.a(fsl_mcg_hal.o)
 .debug_aranges
                0x000008e0       0x38 C:/Freescale/KSDK_1.2.0/lib/ksdk_platform_lib/kds/KL25Z4/debug/libksdk_platform.a(fsl_lptmr_hal.o)
 .debug_aranges
                0x00000918       0x18 C:/Freescale/KSDK_1.2.0/lib/ksdk_platform_lib/kds/KL25Z4/debug/libksdk_platform.a(fsl_lptmr_common.o)

.debug_ranges   0x00000000      0x940
 .debug_ranges  0x00000000       0x30 ./Sources/UART.o
 .debug_ranges  0x00000030       0x28 ./Sources/adc.o
 .debug_ranges  0x00000058       0x38 ./Sources/aquecedorECooler.o
 .debug_ranges  0x00000090       0x20 ./Sources/communicationStateMachine.o
 .debug_ranges  0x000000b0       0x18 ./Sources/display7Temp.o
 .debug_ranges  0x000000c8       0x28 ./Sources/display7seg.o
 .debug_ranges  0x000000f0       0x90 ./Sources/fsl_debug_console.o
 .debug_ranges  0x00000180       0x48 ./Sources/lcd.o
 .debug_ranges  0x000001c8       0x20 ./Sources/lcdTemp.o
 .debug_ranges  0x000001e8       0x38 ./Sources/ledSwi.o
 .debug_ranges  0x00000220       0x18 ./Sources/lptmr.o
 .debug_ranges  0x00000238       0x28 ./Sources/main.o
 .debug_ranges  0x00000260       0x48 ./Sources/pid.o
 .debug_ranges  0x000002a8       0x38 ./Sources/print_scan.o
 .debug_ranges  0x000002e0       0x18 ./Sources/sensTemp.o
 .debug_ranges  0x000002f8       0x38 ./Sources/util.o
 .debug_ranges  0x00000330       0x10 ./Project_Settings/Startup_Code/startup.o
 .debug_ranges  0x00000340       0x18 ./Project_Settings/Startup_Code/system_MKL25Z4.o
 .debug_ranges  0x00000358       0xb0 C:/Freescale/KSDK_1.2.0/lib/ksdk_platform_lib/kds/KL25Z4/debug/libksdk_platform.a(fsl_uart_hal.o)
 .debug_ranges  0x00000408       0xd8 C:/Freescale/KSDK_1.2.0/lib/ksdk_platform_lib/kds/KL25Z4/debug/libksdk_platform.a(fsl_lptmr_driver.o)
 .debug_ranges  0x000004e0       0xb8 C:/Freescale/KSDK_1.2.0/lib/ksdk_platform_lib/kds/KL25Z4/debug/libksdk_platform.a(fsl_lpsci_hal.o)
 .debug_ranges  0x00000598      0x2b8 C:/Freescale/KSDK_1.2.0/lib/ksdk_platform_lib/kds/KL25Z4/debug/libksdk_platform.a(fsl_clock_MKL25Z4.o)
 .debug_ranges  0x00000850       0xc8 C:/Freescale/KSDK_1.2.0/lib/ksdk_platform_lib/kds/KL25Z4/debug/libksdk_platform.a(fsl_mcg_hal.o)
 .debug_ranges  0x00000918       0x28 C:/Freescale/KSDK_1.2.0/lib/ksdk_platform_lib/kds/KL25Z4/debug/libksdk_platform.a(fsl_lptmr_hal.o)

.debug_macro    0x00000000    0x145a5
 .debug_macro   0x00000000      0x250 ./Sources/UART.o
 .debug_macro   0x00000250      0x808 ./Sources/UART.o
 .debug_macro   0x00000a58       0x16 ./Sources/UART.o
 .debug_macro   0x00000a6e       0x44 ./Sources/UART.o
 .debug_macro   0x00000ab2      0x209 ./Sources/UART.o
 .debug_macro   0x00000cbb       0x22 ./Sources/UART.o
 .debug_macro   0x00000cdd       0x58 ./Sources/UART.o
 .debug_macro   0x00000d35       0x35 ./Sources/UART.o
 .debug_macro   0x00000d6a       0xa3 ./Sources/UART.o
 .debug_macro   0x00000e0d       0x16 ./Sources/UART.o
 .debug_macro   0x00000e23       0x11 ./Sources/UART.o
 .debug_macro   0x00000e34       0x4c ./Sources/UART.o
 .debug_macro   0x00000e80       0x3a ./Sources/UART.o
 .debug_macro   0x00000eba       0x1f ./Sources/UART.o
 .debug_macro   0x00000ed9      0x250 ./Sources/UART.o
 .debug_macro   0x00001129       0x63 ./Sources/UART.o
 .debug_macro   0x0000118c     0x8439 ./Sources/UART.o
 .debug_macro   0x000095c5       0x16 ./Sources/UART.o
 .debug_macro   0x000095db      0x10e ./Sources/UART.o
 .debug_macro   0x000096e9       0x7f ./Sources/UART.o
 .debug_macro   0x00009768       0x52 ./Sources/UART.o
 .debug_macro   0x000097ba       0x16 ./Sources/UART.o
 .debug_macro   0x000097d0       0x43 ./Sources/UART.o
 .debug_macro   0x00009813      0x180 ./Sources/UART.o
 .debug_macro   0x00009993       0x22 ./Sources/UART.o
 .debug_macro   0x000099b5       0x7c ./Sources/UART.o
 .debug_macro   0x00009a31     0x764c ./Sources/UART.o
 .debug_macro   0x0001107d     0x10b2 ./Sources/UART.o
 .debug_macro   0x0001212f       0x10 ./Sources/UART.o
 .debug_macro   0x0001213f       0x11 ./Sources/UART.o
 .debug_macro   0x00012150       0x10 ./Sources/UART.o
 .debug_macro   0x00012160       0x10 ./Sources/UART.o
 .debug_macro   0x00012170       0x10 ./Sources/UART.o
 .debug_macro   0x00012180       0x44 ./Sources/UART.o
 .debug_macro   0x000121c4       0x22 ./Sources/UART.o
 .debug_macro   0x000121e6      0x10e ./Sources/adc.o
 .debug_macro   0x000122f4       0x16 ./Sources/adc.o
 .debug_macro   0x0001230a       0x3a ./Sources/adc.o
 .debug_macro   0x00012344      0x2ae ./Sources/adc.o
 .debug_macro   0x000125f2       0x9c ./Sources/aquecedorECooler.o
 .debug_macro   0x0001268e      0x104 ./Sources/communicationStateMachine.o
 .debug_macro   0x00012792       0x4a ./Sources/communicationStateMachine.o
 .debug_macro   0x000127dc       0x25 ./Sources/display7Temp.o
 .debug_macro   0x00012801      0x1d0 ./Sources/display7seg.o
 .debug_macro   0x000129d1      0x2c0 ./Sources/fsl_debug_console.o
 .debug_macro   0x00012c91       0x58 ./Sources/fsl_debug_console.o
 .debug_macro   0x00012ce9       0x16 ./Sources/fsl_debug_console.o
 .debug_macro   0x00012cff       0x97 ./Sources/fsl_debug_console.o
 .debug_macro   0x00012d96       0xef ./Sources/fsl_debug_console.o
 .debug_macro   0x00012e85       0x10 ./Sources/fsl_debug_console.o
 .debug_macro   0x00012e95       0x22 ./Sources/fsl_debug_console.o
 .debug_macro   0x00012eb7       0xbd ./Sources/fsl_debug_console.o
 .debug_macro   0x00012f74       0x16 ./Sources/fsl_debug_console.o
 .debug_macro   0x00012f8a      0x14a ./Sources/fsl_debug_console.o
 .debug_macro   0x000130d4       0x35 ./Sources/fsl_debug_console.o
 .debug_macro   0x00013109      0x20f ./Sources/fsl_debug_console.o
 .debug_macro   0x00013318       0x82 ./Sources/fsl_debug_console.o
 .debug_macro   0x0001339a      0x2a6 ./Sources/fsl_debug_console.o
 .debug_macro   0x00013640       0x10 ./Sources/fsl_debug_console.o
 .debug_macro   0x00013650      0x167 ./Sources/lcd.o
 .debug_macro   0x000137b7       0x34 ./Sources/lcd.o
 .debug_macro   0x000137eb      0x166 ./Sources/lcd.o
 .debug_macro   0x00013951       0x1a ./Sources/lcdTemp.o
 .debug_macro   0x0001396b       0x9c ./Sources/ledSwi.o
 .debug_macro   0x00013a07      0x233 ./Sources/lptmr.o
 .debug_macro   0x00013c3a       0x11 ./Sources/lut_adc_3v3.o
 .debug_macro   0x00013c4b      0x2bc ./Sources/main.o
 .debug_macro   0x00013f07       0x1c ./Sources/main.o
 .debug_macro   0x00013f23       0x10 ./Sources/main.o
 .debug_macro   0x00013f33       0x1b ./Sources/pid.o
 .debug_macro   0x00013f4e      0x257 ./Sources/print_scan.o
 .debug_macro   0x000141a5       0x52 ./Sources/print_scan.o
 .debug_macro   0x000141f7       0x94 ./Sources/print_scan.o
 .debug_macro   0x0001428b       0x2f ./Sources/sensTemp.o
 .debug_macro   0x000142ba       0x1b ./Sources/util.o
 .debug_macro   0x000142d5       0x11 ./Sources/variaveis_globais.o
 .debug_macro   0x000142e6      0x167 ./Project_Settings/Startup_Code/startup.o
 .debug_macro   0x0001444d      0x158 ./Project_Settings/Startup_Code/system_MKL25Z4.o

.debug_line     0x00000000     0x5d41
 .debug_line    0x00000000      0x5cd ./Sources/UART.o
 .debug_line    0x000005cd      0x278 ./Sources/adc.o
 .debug_line    0x00000845      0x2d3 ./Sources/aquecedorECooler.o
 .debug_line    0x00000b18      0x32d ./Sources/communicationStateMachine.o
 .debug_line    0x00000e45       0x87 ./Sources/display7Temp.o
 .debug_line    0x00000ecc      0x4ca ./Sources/display7seg.o
 .debug_line    0x00001396      0x7c8 ./Sources/fsl_debug_console.o
 .debug_line    0x00001b5e      0x3d9 ./Sources/lcd.o
 .debug_line    0x00001f37       0x89 ./Sources/lcdTemp.o
 .debug_line    0x00001fc0      0x329 ./Sources/ledSwi.o
 .debug_line    0x000022e9      0x51e ./Sources/lptmr.o
 .debug_line    0x00002807       0x39 ./Sources/lut_adc_3v3.o
 .debug_line    0x00002840      0x672 ./Sources/main.o
 .debug_line    0x00002eb2       0xde ./Sources/pid.o
 .debug_line    0x00002f90      0x639 ./Sources/print_scan.o
 .debug_line    0x000035c9       0x95 ./Sources/sensTemp.o
 .debug_line    0x0000365e      0x179 ./Sources/util.o
 .debug_line    0x000037d7       0x3f ./Sources/variaveis_globais.o
 .debug_line    0x00003816      0x34b ./Project_Settings/Startup_Code/startup.o
 .debug_line    0x00003b61       0x6c ./Project_Settings/Startup_Code/startup_MKL25Z4.o
 .debug_line    0x00003bcd      0x36c ./Project_Settings/Startup_Code/system_MKL25Z4.o
 .debug_line    0x00003f39      0x384 C:/Freescale/KSDK_1.2.0/lib/ksdk_platform_lib/kds/KL25Z4/debug/libksdk_platform.a(fsl_uart_hal.o)
 .debug_line    0x000042bd      0x5a9 C:/Freescale/KSDK_1.2.0/lib/ksdk_platform_lib/kds/KL25Z4/debug/libksdk_platform.a(fsl_lptmr_driver.o)
 .debug_line    0x00004866      0x3d1 C:/Freescale/KSDK_1.2.0/lib/ksdk_platform_lib/kds/KL25Z4/debug/libksdk_platform.a(fsl_lpsci_hal.o)
 .debug_line    0x00004c37      0x94b C:/Freescale/KSDK_1.2.0/lib/ksdk_platform_lib/kds/KL25Z4/debug/libksdk_platform.a(fsl_clock_MKL25Z4.o)
 .debug_line    0x00005582      0x14b C:/Freescale/KSDK_1.2.0/lib/ksdk_platform_lib/kds/KL25Z4/debug/libksdk_platform.a(fsl_clock_manager_common.o)
 .debug_line    0x000056cd      0x3e4 C:/Freescale/KSDK_1.2.0/lib/ksdk_platform_lib/kds/KL25Z4/debug/libksdk_platform.a(fsl_mcg_hal.o)
 .debug_line    0x00005ab1      0x19b C:/Freescale/KSDK_1.2.0/lib/ksdk_platform_lib/kds/KL25Z4/debug/libksdk_platform.a(fsl_lptmr_hal.o)
 .debug_line    0x00005c4c       0xf5 C:/Freescale/KSDK_1.2.0/lib/ksdk_platform_lib/kds/KL25Z4/debug/libksdk_platform.a(fsl_lptmr_common.o)

.debug_str      0x00000000    0xa3208
 .debug_str     0x00000000    0x9bbf7 ./Sources/UART.o
                              0x9c139 (size before relaxing)
 .debug_str     0x0009bbf7      0xc30 ./Sources/adc.o
                              0x32c03 (size before relaxing)
 .debug_str     0x0009c827       0xd4 ./Sources/aquecedorECooler.o
                              0x32a55 (size before relaxing)
 .debug_str     0x0009c8fb      0x18b ./Sources/communicationStateMachine.o
                               0x3cdc (size before relaxing)
 .debug_str     0x0009ca86       0x64 ./Sources/display7Temp.o
                               0x2347 (size before relaxing)
 .debug_str     0x0009caea       0xdb ./Sources/display7seg.o
                              0x9c40b (size before relaxing)
 .debug_str     0x0009cbc5     0x2318 ./Sources/fsl_debug_console.o
                              0x9e04e (size before relaxing)
 .debug_str     0x0009eedd      0x1a4 ./Sources/lcd.o
                              0x35026 (size before relaxing)
 .debug_str     0x0009f081       0x55 ./Sources/lcdTemp.o
                               0x23a3 (size before relaxing)
 .debug_str     0x0009f0d6       0x98 ./Sources/ledSwi.o
                              0x32a59 (size before relaxing)
 .debug_str     0x0009f16e      0x598 ./Sources/lptmr.o
                              0x9bf41 (size before relaxing)
 .debug_str     0x0009f706       0x25 ./Sources/lut_adc_3v3.o
                               0x22fb (size before relaxing)
 .debug_str     0x0009f72b      0x1c5 ./Sources/main.o
                              0x9ce95 (size before relaxing)
 .debug_str     0x0009f8f0       0xca ./Sources/pid.o
                               0x23c4 (size before relaxing)
 .debug_str     0x0009f9ba      0x8a1 ./Sources/print_scan.o
                               0x67a1 (size before relaxing)
 .debug_str     0x000a025b       0x4e ./Sources/sensTemp.o
                               0x239b (size before relaxing)
 .debug_str     0x000a02a9       0x6d ./Sources/util.o
                               0x2378 (size before relaxing)
 .debug_str     0x000a0316       0x1f ./Sources/variaveis_globais.o
                               0x2353 (size before relaxing)
 .debug_str     0x000a0335      0x12f ./Project_Settings/Startup_Code/startup.o
                              0x9b87b (size before relaxing)
 .debug_str     0x000a0464       0x97 ./Project_Settings/Startup_Code/system_MKL25Z4.o
                              0x9b8c2 (size before relaxing)
 .debug_str     0x000a04fb      0x61f C:/Freescale/KSDK_1.2.0/lib/ksdk_platform_lib/kds/KL25Z4/debug/libksdk_platform.a(fsl_uart_hal.o)
                                0x919 (size before relaxing)
 .debug_str     0x000a0b1a      0x818 C:/Freescale/KSDK_1.2.0/lib/ksdk_platform_lib/kds/KL25Z4/debug/libksdk_platform.a(fsl_lptmr_driver.o)
                               0x1283 (size before relaxing)
 .debug_str     0x000a1332      0x534 C:/Freescale/KSDK_1.2.0/lib/ksdk_platform_lib/kds/KL25Z4/debug/libksdk_platform.a(fsl_lpsci_hal.o)
                                0xa1f (size before relaxing)
 .debug_str     0x000a1866     0x116f C:/Freescale/KSDK_1.2.0/lib/ksdk_platform_lib/kds/KL25Z4/debug/libksdk_platform.a(fsl_clock_MKL25Z4.o)
                               0x17aa (size before relaxing)
 .debug_str     0x000a29d5       0x61 C:/Freescale/KSDK_1.2.0/lib/ksdk_platform_lib/kds/KL25Z4/debug/libksdk_platform.a(fsl_clock_manager_common.o)
                                0x34e (size before relaxing)
 .debug_str     0x000a2a36      0x728 C:/Freescale/KSDK_1.2.0/lib/ksdk_platform_lib/kds/KL25Z4/debug/libksdk_platform.a(fsl_mcg_hal.o)
                                0xb03 (size before relaxing)
 .debug_str     0x000a315e       0x64 C:/Freescale/KSDK_1.2.0/lib/ksdk_platform_lib/kds/KL25Z4/debug/libksdk_platform.a(fsl_lptmr_hal.o)
                                0x87e (size before relaxing)
 .debug_str     0x000a31c2       0x46 C:/Freescale/KSDK_1.2.0/lib/ksdk_platform_lib/kds/KL25Z4/debug/libksdk_platform.a(fsl_lptmr_common.o)
                                0x3f4 (size before relaxing)

.comment        0x00000000       0x70
 .comment       0x00000000       0x70 ./Sources/UART.o
                                 0x71 (size before relaxing)
 .comment       0x00000000       0x71 ./Sources/adc.o
 .comment       0x00000000       0x71 ./Sources/aquecedorECooler.o
 .comment       0x00000000       0x71 ./Sources/communicationStateMachine.o
 .comment       0x00000000       0x71 ./Sources/display7Temp.o
 .comment       0x00000000       0x71 ./Sources/display7seg.o
 .comment       0x00000000       0x71 ./Sources/fsl_debug_console.o
 .comment       0x00000000       0x71 ./Sources/lcd.o
 .comment       0x00000000       0x71 ./Sources/lcdTemp.o
 .comment       0x00000000       0x71 ./Sources/ledSwi.o
 .comment       0x00000000       0x71 ./Sources/lptmr.o
 .comment       0x00000000       0x71 ./Sources/lut_adc_3v3.o
 .comment       0x00000000       0x71 ./Sources/main.o
 .comment       0x00000000       0x71 ./Sources/pid.o
 .comment       0x00000000       0x71 ./Sources/print_scan.o
 .comment       0x00000000       0x71 ./Sources/sensTemp.o
 .comment       0x00000000       0x71 ./Sources/util.o
 .comment       0x00000000       0x71 ./Sources/variaveis_globais.o
 .comment       0x00000000       0x71 ./Project_Settings/Startup_Code/startup.o
 .comment       0x00000000       0x71 ./Project_Settings/Startup_Code/system_MKL25Z4.o
 .comment       0x00000000       0x71 C:/Freescale/KSDK_1.2.0/lib/ksdk_platform_lib/kds/KL25Z4/debug/libksdk_platform.a(fsl_uart_hal.o)
 .comment       0x00000000       0x71 C:/Freescale/KSDK_1.2.0/lib/ksdk_platform_lib/kds/KL25Z4/debug/libksdk_platform.a(fsl_lptmr_driver.o)
 .comment       0x00000000       0x71 C:/Freescale/KSDK_1.2.0/lib/ksdk_platform_lib/kds/KL25Z4/debug/libksdk_platform.a(fsl_lpsci_hal.o)
 .comment       0x00000000       0x71 C:/Freescale/KSDK_1.2.0/lib/ksdk_platform_lib/kds/KL25Z4/debug/libksdk_platform.a(fsl_clock_MKL25Z4.o)
 .comment       0x00000000       0x71 C:/Freescale/KSDK_1.2.0/lib/ksdk_platform_lib/kds/KL25Z4/debug/libksdk_platform.a(fsl_clock_manager_common.o)